Traceback (most recent call last):
  File "/home/auss/git_repos/samaust/Experiments_4DGS/scripts/vipe_benchmark/supervisor.py", line 558, in supervise
    result_record, acceptance = monitored_call(dict(operation='accept', args=dict(
                                ~~~~~~~~~~~~~~^^^^^^^^^^^^^^^^^^^^^^^^^^^^^^^^^^^^
        local=str(ledger.path.parent), config=ledger.config, reservation=reservation,
        ^^^^^^^^^^^^^^^^^^^^^^^^^^^^^^^^^^^^^^^^^^^^^^^^^^^^^^^^^^^^^^^^^^^^^^^^^^^^^
        command=command, output=str(output))), run_deadline, sampler,
        ^^^^^^^^^^^^^^^^^^^^^^^^^^^^^^^^^^^^^^^^^^^^^^^^^^^^^^^^^^^^^
        ledger.config, peak, worker=process, phase='acceptance', lifecycle=lifecycle)
        ^^^^^^^^^^^^^^^^^^^^^^^^^^^^^^^^^^^^^^^^^^^^^^^^^^^^^^^^^^^^^^^^^^^^^^^^^^^^^
  File "/home/auss/git_repos/samaust/Experiments_4DGS/scripts/vipe_benchmark/supervisor.py", line 313, in monitored_call
    responses = session.tick(deadline)
  File "/home/auss/git_repos/samaust/Experiments_4DGS/scripts/vipe_benchmark/s1_helper_session.py", line 2545, in tick
    raise RuntimeError('helper operation failed: '+str(payload['value']))
RuntimeError: helper operation failed: {'error_class': 'ValueError', 'message': 'progress regular file capacity', 'record': {'path': '/home/auss/git_repos/samaust/Experiments_4DGS/.local/vipe-alternatives/plan031-20260913T032700Z/jobs/S1-calibration-recovery-010/helper-error-ea0b5f29f2ac44ce8c1dbf68cff671ca-2.json', 'sha256': '6c7786a49eb655a69db021d7e53754069a25022fb4098b7eff53d7c25fe85c09', 'bytes': 2180}}
evidence_publication: RuntimeError: retained helper unavailable for terminal publication

The above exception was the direct cause of the following exception:

Traceback (most recent call last):
  File "/home/auss/git_repos/samaust/Experiments_4DGS/scripts/basketball_vipe_benchmark.py", line 310, in <module>
    raise SystemExit(main())
                     ~~~~^^
  File "/home/auss/git_repos/samaust/Experiments_4DGS/scripts/basketball_vipe_benchmark.py", line 303, in main
    return execute(args, config)
  File "/home/auss/git_repos/samaust/Experiments_4DGS/scripts/basketball_vipe_benchmark.py", line 190, in execute
    execute_s1_recovery(local, docs, config, authorization)
    ~~~~~~~~~~~~~~~~~~~^^^^^^^^^^^^^^^^^^^^^^^^^^^^^^^^^^^^
  File "/home/auss/git_repos/samaust/Experiments_4DGS/scripts/vipe_benchmark/execution.py", line 689, in execute_s1_recovery
    return dispatch(local, docs, config, component_recovery_request(local, config, job))
  File "/home/auss/git_repos/samaust/Experiments_4DGS/scripts/vipe_benchmark/execution.py", line 559, in dispatch
    result = supervise(ledger, job, command, local / 'jobs' / suffix,
        evidence=evidence,
        sample_resources=s1_sampling_operation(local, job) if is_recovery_job(job) else lambda: resources(local, gpu=device_monitored),
        validate_result=validate, poll_seconds=.1 if is_recovery_job(job) else 2., checkpoint=checkpoint, resume_checkpoint=resume_checkpoint,
        terminal_publisher=publish if is_recovery_job(job) else None, terminal_docs=docs)
  File "/home/auss/git_repos/samaust/Experiments_4DGS/scripts/vipe_benchmark/supervisor.py", line 676, in supervise
    raise failure from primary_exception
vipe_benchmark.supervisor.SupervisionFailure: RuntimeError: helper operation failed: {'error_class': 'ValueError', 'message': 'progress regular file capacity', 'record': {'path': '/home/auss/git_repos/samaust/Experiments_4DGS/.local/vipe-alternatives/plan031-20260913T032700Z/jobs/S1-calibration-recovery-010/helper-error-ea0b5f29f2ac44ce8c1dbf68cff671ca-2.json', 'sha256': '6c7786a49eb655a69db021d7e53754069a25022fb4098b7eff53d7c25fe85c09', 'bytes': 2180}}; evidence publication failed: RuntimeError: retained helper unavailable for terminal publication
