/home/auss/git_repos/samaust/Experiments_4DGS/.local/vipe-alternatives/plan031-20260913T032700Z/jobs/E1-setup-recovery-002/environment/lib/python3.11/site-packages/torch/functional.py:534: UserWarning: torch.meshgrid: in an upcoming release, it will be required to pass the indexing argument. (Triggered internally at ../aten/src/ATen/native/TensorShape.cpp:3595.)
  return _VF.meshgrid(tensors, **kwargs)  # type: ignore[attr-defined]
Some weights of the model checkpoint at /home/auss/.cache/huggingface/hub/models--bert-base-uncased/snapshots/86b5e0934494bd15c9632b12f734a8a67f723594 were not used when initializing BertModel: ['cls.seq_relationship.weight', 'cls.predictions.transform.dense.bias', 'cls.predictions.transform.LayerNorm.weight', 'cls.predictions.transform.LayerNorm.bias', 'cls.seq_relationship.bias', 'cls.predictions.bias', 'cls.predictions.transform.dense.weight']
- This IS expected if you are initializing BertModel from the checkpoint of a model trained on another task or with another architecture (e.g. initializing a BertForSequenceClassification model from a BertForPreTraining model).
- This IS NOT expected if you are initializing BertModel from the checkpoint of a model that you expect to be exactly identical (initializing a BertForSequenceClassification model from a BertForSequenceClassification model).
FutureWarning: You are using `torch.load` with `weights_only=False` (the current default value), which uses the default pickle module implicitly. It is possible to construct malicious pickle data which will execute arbitrary code during unpickling (See https://github.com/pytorch/pytorch/blob/main/SECURITY.md#untrusted-models for more details). In a future release, the default value for `weights_only` will be flipped to `True`. This limits the functions that could be executed during unpickling. Arbitrary objects will no longer be allowed to be loaded via this mode unless they are explicitly allowlisted by the user via `torch.serialization.add_safe_globals`. We recommend you start setting `weights_only=True` for any use case where you don't have full control of the loaded file. Please open an issue on GitHub for any issues related to this experimental feature.
FutureWarning: The `device` argument is deprecated and will be removed in v5 of Transformers.
UserWarning: torch.utils.checkpoint: the use_reentrant parameter should be passed explicitly. In version 2.5 we will raise an exception if use_reentrant is not passed. use_reentrant=False is recommended, but if you need to preserve the current default behavior, you can pass use_reentrant=True. Refer to docs for more details on the differences between the two variants.
UserWarning: None of the inputs have requires_grad=True. Gradients will be None
FutureWarning: `torch.cuda.amp.autocast(args...)` is deprecated. Please use `torch.amp.autocast('cuda', args...)` instead.
final text_encoder_type: /home/auss/.cache/huggingface/hub/models--bert-base-uncased/snapshots/86b5e0934494bd15c9632b12f734a8a67f723594
S1-calibration-recovery-010: 1/510 outputs
S1-calibration-recovery-010: 2/510 outputs
S1-calibration-recovery-010: 3/510 outputs
S1-calibration-recovery-010: 4/510 outputs
S1-calibration-recovery-010: 5/510 outputs
S1-calibration-recovery-010: 6/510 outputs
S1-calibration-recovery-010: 7/510 outputs
S1-calibration-recovery-010: 8/510 outputs
S1-calibration-recovery-010: 9/510 outputs
S1-calibration-recovery-010: 10/510 outputs
S1-calibration-recovery-010: 11/510 outputs
S1-calibration-recovery-010: 12/510 outputs
S1-calibration-recovery-010: 13/510 outputs
S1-calibration-recovery-010: 14/510 outputs
S1-calibration-recovery-010: 15/510 outputs
S1-calibration-recovery-010: 16/510 outputs
S1-calibration-recovery-010: 17/510 outputs
S1-calibration-recovery-010: 18/510 outputs
S1-calibration-recovery-010: 19/510 outputs
S1-calibration-recovery-010: 20/510 outputs
S1-calibration-recovery-010: 21/510 outputs
S1-calibration-recovery-010: 22/510 outputs
S1-calibration-recovery-010: 23/510 outputs
S1-calibration-recovery-010: 24/510 outputs
S1-calibration-recovery-010: 25/510 outputs
S1-calibration-recovery-010: 26/510 outputs
S1-calibration-recovery-010: 27/510 outputs
S1-calibration-recovery-010: 28/510 outputs
S1-calibration-recovery-010: 29/510 outputs
S1-calibration-recovery-010: 30/510 outputs
S1-calibration-recovery-010: 31/510 outputs
S1-calibration-recovery-010: 32/510 outputs
S1-calibration-recovery-010: 33/510 outputs
S1-calibration-recovery-010: 34/510 outputs
S1-calibration-recovery-010: 35/510 outputs
S1-calibration-recovery-010: 36/510 outputs
S1-calibration-recovery-010: 37/510 outputs
S1-calibration-recovery-010: 38/510 outputs
S1-calibration-recovery-010: 39/510 outputs
S1-calibration-recovery-010: 40/510 outputs
S1-calibration-recovery-010: 41/510 outputs
S1-calibration-recovery-010: 42/510 outputs
S1-calibration-recovery-010: 43/510 outputs
S1-calibration-recovery-010: 44/510 outputs
S1-calibration-recovery-010: 45/510 outputs
S1-calibration-recovery-010: 46/510 outputs
S1-calibration-recovery-010: 47/510 outputs
S1-calibration-recovery-010: 48/510 outputs
S1-calibration-recovery-010: 49/510 outputs
S1-calibration-recovery-010: 50/510 outputs
S1-calibration-recovery-010: 51/510 outputs
S1-calibration-recovery-010: 52/510 outputs
S1-calibration-recovery-010: 53/510 outputs
S1-calibration-recovery-010: 54/510 outputs
S1-calibration-recovery-010: 55/510 outputs
S1-calibration-recovery-010: 56/510 outputs
S1-calibration-recovery-010: 57/510 outputs
S1-calibration-recovery-010: 58/510 outputs
S1-calibration-recovery-010: 59/510 outputs
S1-calibration-recovery-010: 60/510 outputs
S1-calibration-recovery-010: 61/510 outputs
S1-calibration-recovery-010: 62/510 outputs
S1-calibration-recovery-010: 63/510 outputs
S1-calibration-recovery-010: 64/510 outputs
S1-calibration-recovery-010: 65/510 outputs
S1-calibration-recovery-010: 66/510 outputs
S1-calibration-recovery-010: 67/510 outputs
S1-calibration-recovery-010: 68/510 outputs
S1-calibration-recovery-010: 69/510 outputs
S1-calibration-recovery-010: 70/510 outputs
S1-calibration-recovery-010: 71/510 outputs
S1-calibration-recovery-010: 72/510 outputs
S1-calibration-recovery-010: 73/510 outputs
S1-calibration-recovery-010: 74/510 outputs
S1-calibration-recovery-010: 75/510 outputs
S1-calibration-recovery-010: 76/510 outputs
S1-calibration-recovery-010: 77/510 outputs
S1-calibration-recovery-010: 78/510 outputs
S1-calibration-recovery-010: 79/510 outputs
S1-calibration-recovery-010: 80/510 outputs
S1-calibration-recovery-010: 81/510 outputs
S1-calibration-recovery-010: 82/510 outputs
S1-calibration-recovery-010: 83/510 outputs
S1-calibration-recovery-010: 84/510 outputs
S1-calibration-recovery-010: 85/510 outputs
S1-calibration-recovery-010: 86/510 outputs
S1-calibration-recovery-010: 87/510 outputs
S1-calibration-recovery-010: 88/510 outputs
S1-calibration-recovery-010: 89/510 outputs
S1-calibration-recovery-010: 90/510 outputs
S1-calibration-recovery-010: 91/510 outputs
S1-calibration-recovery-010: 92/510 outputs
S1-calibration-recovery-010: 93/510 outputs
S1-calibration-recovery-010: 94/510 outputs
S1-calibration-recovery-010: 95/510 outputs
S1-calibration-recovery-010: 96/510 outputs
S1-calibration-recovery-010: 97/510 outputs
S1-calibration-recovery-010: 98/510 outputs
S1-calibration-recovery-010: 99/510 outputs
S1-calibration-recovery-010: 100/510 outputs
S1-calibration-recovery-010: 101/510 outputs
S1-calibration-recovery-010: 102/510 outputs
S1-calibration-recovery-010: 103/510 outputs
S1-calibration-recovery-010: 104/510 outputs
S1-calibration-recovery-010: 105/510 outputs
S1-calibration-recovery-010: 106/510 outputs
S1-calibration-recovery-010: 107/510 outputs
S1-calibration-recovery-010: 108/510 outputs
S1-calibration-recovery-010: 109/510 outputs
S1-calibration-recovery-010: 110/510 outputs
S1-calibration-recovery-010: 111/510 outputs
S1-calibration-recovery-010: 112/510 outputs
S1-calibration-recovery-010: 113/510 outputs
S1-calibration-recovery-010: 114/510 outputs
S1-calibration-recovery-010: 115/510 outputs
S1-calibration-recovery-010: 116/510 outputs
S1-calibration-recovery-010: 117/510 outputs
S1-calibration-recovery-010: 118/510 outputs
S1-calibration-recovery-010: 119/510 outputs
S1-calibration-recovery-010: 120/510 outputs
S1-calibration-recovery-010: 121/510 outputs
S1-calibration-recovery-010: 122/510 outputs
S1-calibration-recovery-010: 123/510 outputs
S1-calibration-recovery-010: 124/510 outputs
S1-calibration-recovery-010: 125/510 outputs
S1-calibration-recovery-010: 126/510 outputs
S1-calibration-recovery-010: 127/510 outputs
S1-calibration-recovery-010: 128/510 outputs
S1-calibration-recovery-010: 129/510 outputs
S1-calibration-recovery-010: 130/510 outputs
S1-calibration-recovery-010: 131/510 outputs
S1-calibration-recovery-010: 132/510 outputs
S1-calibration-recovery-010: 133/510 outputs
S1-calibration-recovery-010: 134/510 outputs
S1-calibration-recovery-010: 135/510 outputs
S1-calibration-recovery-010: 136/510 outputs
S1-calibration-recovery-010: 137/510 outputs
S1-calibration-recovery-010: 138/510 outputs
S1-calibration-recovery-010: 139/510 outputs
S1-calibration-recovery-010: 140/510 outputs
S1-calibration-recovery-010: 141/510 outputs
S1-calibration-recovery-010: 142/510 outputs
S1-calibration-recovery-010: 143/510 outputs
S1-calibration-recovery-010: 144/510 outputs
S1-calibration-recovery-010: 145/510 outputs
S1-calibration-recovery-010: 146/510 outputs
S1-calibration-recovery-010: 147/510 outputs
S1-calibration-recovery-010: 148/510 outputs
S1-calibration-recovery-010: 149/510 outputs
S1-calibration-recovery-010: 150/510 outputs
S1-calibration-recovery-010: 151/510 outputs
S1-calibration-recovery-010: 152/510 outputs
S1-calibration-recovery-010: 153/510 outputs
S1-calibration-recovery-010: 154/510 outputs
S1-calibration-recovery-010: 155/510 outputs
S1-calibration-recovery-010: 156/510 outputs
S1-calibration-recovery-010: 157/510 outputs
S1-calibration-recovery-010: 158/510 outputs
S1-calibration-recovery-010: 159/510 outputs
S1-calibration-recovery-010: 160/510 outputs
S1-calibration-recovery-010: 161/510 outputs
S1-calibration-recovery-010: 162/510 outputs
S1-calibration-recovery-010: 163/510 outputs
S1-calibration-recovery-010: 164/510 outputs
S1-calibration-recovery-010: 165/510 outputs
S1-calibration-recovery-010: 166/510 outputs
S1-calibration-recovery-010: 167/510 outputs
S1-calibration-recovery-010: 168/510 outputs
S1-calibration-recovery-010: 169/510 outputs
S1-calibration-recovery-010: 170/510 outputs
S1-calibration-recovery-010: 171/510 outputs
S1-calibration-recovery-010: 172/510 outputs
S1-calibration-recovery-010: 173/510 outputs
S1-calibration-recovery-010: 174/510 outputs
S1-calibration-recovery-010: 175/510 outputs
S1-calibration-recovery-010: 176/510 outputs
S1-calibration-recovery-010: 177/510 outputs
S1-calibration-recovery-010: 178/510 outputs
S1-calibration-recovery-010: 179/510 outputs
S1-calibration-recovery-010: 180/510 outputs
S1-calibration-recovery-010: 181/510 outputs
S1-calibration-recovery-010: 182/510 outputs
S1-calibration-recovery-010: 183/510 outputs
S1-calibration-recovery-010: 184/510 outputs
S1-calibration-recovery-010: 185/510 outputs
S1-calibration-recovery-010: 186/510 outputs
S1-calibration-recovery-010: 187/510 outputs
S1-calibration-recovery-010: 188/510 outputs
S1-calibration-recovery-010: 189/510 outputs
S1-calibration-recovery-010: 190/510 outputs
S1-calibration-recovery-010: 191/510 outputs
S1-calibration-recovery-010: 192/510 outputs
S1-calibration-recovery-010: 193/510 outputs
S1-calibration-recovery-010: 194/510 outputs
S1-calibration-recovery-010: 195/510 outputs
S1-calibration-recovery-010: 196/510 outputs
S1-calibration-recovery-010: 197/510 outputs
S1-calibration-recovery-010: 198/510 outputs
S1-calibration-recovery-010: 199/510 outputs
S1-calibration-recovery-010: 200/510 outputs
S1-calibration-recovery-010: 201/510 outputs
S1-calibration-recovery-010: 202/510 outputs
S1-calibration-recovery-010: 203/510 outputs
S1-calibration-recovery-010: 204/510 outputs
S1-calibration-recovery-010: 205/510 outputs
S1-calibration-recovery-010: 206/510 outputs
S1-calibration-recovery-010: 207/510 outputs
S1-calibration-recovery-010: 208/510 outputs
S1-calibration-recovery-010: 209/510 outputs
S1-calibration-recovery-010: 210/510 outputs
S1-calibration-recovery-010: 211/510 outputs
S1-calibration-recovery-010: 212/510 outputs
S1-calibration-recovery-010: 213/510 outputs
S1-calibration-recovery-010: 214/510 outputs
S1-calibration-recovery-010: 215/510 outputs
S1-calibration-recovery-010: 216/510 outputs
S1-calibration-recovery-010: 217/510 outputs
S1-calibration-recovery-010: 218/510 outputs
S1-calibration-recovery-010: 219/510 outputs
S1-calibration-recovery-010: 220/510 outputs
S1-calibration-recovery-010: 221/510 outputs
S1-calibration-recovery-010: 222/510 outputs
S1-calibration-recovery-010: 223/510 outputs
S1-calibration-recovery-010: 224/510 outputs
S1-calibration-recovery-010: 225/510 outputs
S1-calibration-recovery-010: 226/510 outputs
S1-calibration-recovery-010: 227/510 outputs
S1-calibration-recovery-010: 228/510 outputs
S1-calibration-recovery-010: 229/510 outputs
S1-calibration-recovery-010: 230/510 outputs
S1-calibration-recovery-010: 231/510 outputs
S1-calibration-recovery-010: 232/510 outputs
S1-calibration-recovery-010: 233/510 outputs
S1-calibration-recovery-010: 234/510 outputs
S1-calibration-recovery-010: 235/510 outputs
S1-calibration-recovery-010: 236/510 outputs
S1-calibration-recovery-010: 237/510 outputs
S1-calibration-recovery-010: 238/510 outputs
S1-calibration-recovery-010: 239/510 outputs
S1-calibration-recovery-010: 240/510 outputs
S1-calibration-recovery-010: 241/510 outputs
S1-calibration-recovery-010: 242/510 outputs
S1-calibration-recovery-010: 243/510 outputs
S1-calibration-recovery-010: 244/510 outputs
S1-calibration-recovery-010: 245/510 outputs
S1-calibration-recovery-010: 246/510 outputs
S1-calibration-recovery-010: 247/510 outputs
S1-calibration-recovery-010: 248/510 outputs
S1-calibration-recovery-010: 249/510 outputs
S1-calibration-recovery-010: 250/510 outputs
S1-calibration-recovery-010: 251/510 outputs
S1-calibration-recovery-010: 252/510 outputs
S1-calibration-recovery-010: 253/510 outputs
S1-calibration-recovery-010: 254/510 outputs
S1-calibration-recovery-010: 255/510 outputs
S1-calibration-recovery-010: 256/510 outputs
S1-calibration-recovery-010: 257/510 outputs
S1-calibration-recovery-010: 258/510 outputs
S1-calibration-recovery-010: 259/510 outputs
S1-calibration-recovery-010: 260/510 outputs
S1-calibration-recovery-010: 261/510 outputs
S1-calibration-recovery-010: 262/510 outputs
S1-calibration-recovery-010: 263/510 outputs
S1-calibration-recovery-010: 264/510 outputs
S1-calibration-recovery-010: 265/510 outputs
S1-calibration-recovery-010: 266/510 outputs
S1-calibration-recovery-010: 267/510 outputs
S1-calibration-recovery-010: 268/510 outputs
S1-calibration-recovery-010: 269/510 outputs
S1-calibration-recovery-010: 270/510 outputs
S1-calibration-recovery-010: 271/510 outputs
S1-calibration-recovery-010: 272/510 outputs
S1-calibration-recovery-010: 273/510 outputs
S1-calibration-recovery-010: 274/510 outputs
S1-calibration-recovery-010: 275/510 outputs
S1-calibration-recovery-010: 276/510 outputs
S1-calibration-recovery-010: 277/510 outputs
S1-calibration-recovery-010: 278/510 outputs
S1-calibration-recovery-010: 279/510 outputs
S1-calibration-recovery-010: 280/510 outputs
S1-calibration-recovery-010: 281/510 outputs
S1-calibration-recovery-010: 282/510 outputs
S1-calibration-recovery-010: 283/510 outputs
S1-calibration-recovery-010: 284/510 outputs
S1-calibration-recovery-010: 285/510 outputs
S1-calibration-recovery-010: 286/510 outputs
S1-calibration-recovery-010: 287/510 outputs
S1-calibration-recovery-010: 288/510 outputs
S1-calibration-recovery-010: 289/510 outputs
S1-calibration-recovery-010: 290/510 outputs
S1-calibration-recovery-010: 291/510 outputs
S1-calibration-recovery-010: 292/510 outputs
S1-calibration-recovery-010: 293/510 outputs
S1-calibration-recovery-010: 294/510 outputs
S1-calibration-recovery-010: 295/510 outputs
S1-calibration-recovery-010: 296/510 outputs
S1-calibration-recovery-010: 297/510 outputs
S1-calibration-recovery-010: 298/510 outputs
S1-calibration-recovery-010: 299/510 outputs
S1-calibration-recovery-010: 300/510 outputs
S1-calibration-recovery-010: 301/510 outputs
S1-calibration-recovery-010: 302/510 outputs
S1-calibration-recovery-010: 303/510 outputs
S1-calibration-recovery-010: 304/510 outputs
S1-calibration-recovery-010: 305/510 outputs
S1-calibration-recovery-010: 306/510 outputs
S1-calibration-recovery-010: 307/510 outputs
S1-calibration-recovery-010: 308/510 outputs
S1-calibration-recovery-010: 309/510 outputs
S1-calibration-recovery-010: 310/510 outputs
S1-calibration-recovery-010: 311/510 outputs
S1-calibration-recovery-010: 312/510 outputs
S1-calibration-recovery-010: 313/510 outputs
S1-calibration-recovery-010: 314/510 outputs
S1-calibration-recovery-010: 315/510 outputs
S1-calibration-recovery-010: 316/510 outputs
S1-calibration-recovery-010: 317/510 outputs
S1-calibration-recovery-010: 318/510 outputs
S1-calibration-recovery-010: 319/510 outputs
S1-calibration-recovery-010: 320/510 outputs
S1-calibration-recovery-010: 321/510 outputs
S1-calibration-recovery-010: 322/510 outputs
S1-calibration-recovery-010: 323/510 outputs
S1-calibration-recovery-010: 324/510 outputs
S1-calibration-recovery-010: 325/510 outputs
S1-calibration-recovery-010: 326/510 outputs
S1-calibration-recovery-010: 327/510 outputs
S1-calibration-recovery-010: 328/510 outputs
S1-calibration-recovery-010: 329/510 outputs
S1-calibration-recovery-010: 330/510 outputs
S1-calibration-recovery-010: 331/510 outputs
S1-calibration-recovery-010: 332/510 outputs
S1-calibration-recovery-010: 333/510 outputs
S1-calibration-recovery-010: 334/510 outputs
S1-calibration-recovery-010: 335/510 outputs
S1-calibration-recovery-010: 336/510 outputs
S1-calibration-recovery-010: 337/510 outputs
S1-calibration-recovery-010: 338/510 outputs
S1-calibration-recovery-010: 339/510 outputs
S1-calibration-recovery-010: 340/510 outputs
S1-calibration-recovery-010: 341/510 outputs
S1-calibration-recovery-010: 342/510 outputs
S1-calibration-recovery-010: 343/510 outputs
S1-calibration-recovery-010: 344/510 outputs
S1-calibration-recovery-010: 345/510 outputs
S1-calibration-recovery-010: 346/510 outputs
S1-calibration-recovery-010: 347/510 outputs
S1-calibration-recovery-010: 348/510 outputs
S1-calibration-recovery-010: 349/510 outputs
S1-calibration-recovery-010: 350/510 outputs
S1-calibration-recovery-010: 351/510 outputs
S1-calibration-recovery-010: 352/510 outputs
S1-calibration-recovery-010: 353/510 outputs
S1-calibration-recovery-010: 354/510 outputs
S1-calibration-recovery-010: 355/510 outputs
S1-calibration-recovery-010: 356/510 outputs
S1-calibration-recovery-010: 357/510 outputs
S1-calibration-recovery-010: 358/510 outputs
S1-calibration-recovery-010: 359/510 outputs
S1-calibration-recovery-010: 360/510 outputs
S1-calibration-recovery-010: 361/510 outputs
S1-calibration-recovery-010: 362/510 outputs
S1-calibration-recovery-010: 363/510 outputs
S1-calibration-recovery-010: 364/510 outputs
S1-calibration-recovery-010: 365/510 outputs
S1-calibration-recovery-010: 366/510 outputs
S1-calibration-recovery-010: 367/510 outputs
S1-calibration-recovery-010: 368/510 outputs
S1-calibration-recovery-010: 369/510 outputs
S1-calibration-recovery-010: 370/510 outputs
S1-calibration-recovery-010: 371/510 outputs
S1-calibration-recovery-010: 372/510 outputs
S1-calibration-recovery-010: 373/510 outputs
S1-calibration-recovery-010: 374/510 outputs
S1-calibration-recovery-010: 375/510 outputs
S1-calibration-recovery-010: 376/510 outputs
S1-calibration-recovery-010: 377/510 outputs
S1-calibration-recovery-010: 378/510 outputs
S1-calibration-recovery-010: 379/510 outputs
S1-calibration-recovery-010: 380/510 outputs
S1-calibration-recovery-010: 381/510 outputs
S1-calibration-recovery-010: 382/510 outputs
S1-calibration-recovery-010: 383/510 outputs
S1-calibration-recovery-010: 384/510 outputs
S1-calibration-recovery-010: 385/510 outputs
S1-calibration-recovery-010: 386/510 outputs
S1-calibration-recovery-010: 387/510 outputs
S1-calibration-recovery-010: 388/510 outputs
S1-calibration-recovery-010: 389/510 outputs
S1-calibration-recovery-010: 390/510 outputs
S1-calibration-recovery-010: 391/510 outputs
S1-calibration-recovery-010: 392/510 outputs
S1-calibration-recovery-010: 393/510 outputs
S1-calibration-recovery-010: 394/510 outputs
S1-calibration-recovery-010: 395/510 outputs
S1-calibration-recovery-010: 396/510 outputs
S1-calibration-recovery-010: 397/510 outputs
S1-calibration-recovery-010: 398/510 outputs
S1-calibration-recovery-010: 399/510 outputs
S1-calibration-recovery-010: 400/510 outputs
S1-calibration-recovery-010: 401/510 outputs
S1-calibration-recovery-010: 402/510 outputs
S1-calibration-recovery-010: 403/510 outputs
S1-calibration-recovery-010: 404/510 outputs
S1-calibration-recovery-010: 405/510 outputs
S1-calibration-recovery-010: 406/510 outputs
S1-calibration-recovery-010: 407/510 outputs
S1-calibration-recovery-010: 408/510 outputs
S1-calibration-recovery-010: 409/510 outputs
S1-calibration-recovery-010: 410/510 outputs
S1-calibration-recovery-010: 411/510 outputs
S1-calibration-recovery-010: 412/510 outputs
S1-calibration-recovery-010: 413/510 outputs
S1-calibration-recovery-010: 414/510 outputs
S1-calibration-recovery-010: 415/510 outputs
S1-calibration-recovery-010: 416/510 outputs
S1-calibration-recovery-010: 417/510 outputs
S1-calibration-recovery-010: 418/510 outputs
S1-calibration-recovery-010: 419/510 outputs
S1-calibration-recovery-010: 420/510 outputs
S1-calibration-recovery-010: 421/510 outputs
S1-calibration-recovery-010: 422/510 outputs
S1-calibration-recovery-010: 423/510 outputs
S1-calibration-recovery-010: 424/510 outputs
S1-calibration-recovery-010: 425/510 outputs
S1-calibration-recovery-010: 426/510 outputs
S1-calibration-recovery-010: 427/510 outputs
S1-calibration-recovery-010: 428/510 outputs
S1-calibration-recovery-010: 429/510 outputs
S1-calibration-recovery-010: 430/510 outputs
S1-calibration-recovery-010: 431/510 outputs
S1-calibration-recovery-010: 432/510 outputs
S1-calibration-recovery-010: 433/510 outputs
S1-calibration-recovery-010: 434/510 outputs
S1-calibration-recovery-010: 435/510 outputs
S1-calibration-recovery-010: 436/510 outputs
S1-calibration-recovery-010: 437/510 outputs
S1-calibration-recovery-010: 438/510 outputs
S1-calibration-recovery-010: 439/510 outputs
S1-calibration-recovery-010: 440/510 outputs
S1-calibration-recovery-010: 441/510 outputs
S1-calibration-recovery-010: 442/510 outputs
S1-calibration-recovery-010: 443/510 outputs
S1-calibration-recovery-010: 444/510 outputs
S1-calibration-recovery-010: 445/510 outputs
S1-calibration-recovery-010: 446/510 outputs
S1-calibration-recovery-010: 447/510 outputs
S1-calibration-recovery-010: 448/510 outputs
S1-calibration-recovery-010: 449/510 outputs
S1-calibration-recovery-010: 450/510 outputs
S1-calibration-recovery-010: 451/510 outputs
S1-calibration-recovery-010: 452/510 outputs
S1-calibration-recovery-010: 453/510 outputs
S1-calibration-recovery-010: 454/510 outputs
S1-calibration-recovery-010: 455/510 outputs
S1-calibration-recovery-010: 456/510 outputs
S1-calibration-recovery-010: 457/510 outputs
S1-calibration-recovery-010: 458/510 outputs
S1-calibration-recovery-010: 459/510 outputs
S1-calibration-recovery-010: 460/510 outputs
S1-calibration-recovery-010: 461/510 outputs
S1-calibration-recovery-010: 462/510 outputs
S1-calibration-recovery-010: 463/510 outputs
S1-calibration-recovery-010: 464/510 outputs
S1-calibration-recovery-010: 465/510 outputs
S1-calibration-recovery-010: 466/510 outputs
S1-calibration-recovery-010: 467/510 outputs
S1-calibration-recovery-010: 468/510 outputs
S1-calibration-recovery-010: 469/510 outputs
S1-calibration-recovery-010: 470/510 outputs
S1-calibration-recovery-010: 471/510 outputs
S1-calibration-recovery-010: 472/510 outputs
S1-calibration-recovery-010: 473/510 outputs
S1-calibration-recovery-010: 474/510 outputs
S1-calibration-recovery-010: 475/510 outputs
S1-calibration-recovery-010: 476/510 outputs
S1-calibration-recovery-010: 477/510 outputs
S1-calibration-recovery-010: 478/510 outputs
S1-calibration-recovery-010: 479/510 outputs
S1-calibration-recovery-010: 480/510 outputs
S1-calibration-recovery-010: 481/510 outputs
S1-calibration-recovery-010: 482/510 outputs
S1-calibration-recovery-010: 483/510 outputs
S1-calibration-recovery-010: 484/510 outputs
S1-calibration-recovery-010: 485/510 outputs
S1-calibration-recovery-010: 486/510 outputs
S1-calibration-recovery-010: 487/510 outputs
S1-calibration-recovery-010: 488/510 outputs
S1-calibration-recovery-010: 489/510 outputs
S1-calibration-recovery-010: 490/510 outputs
S1-calibration-recovery-010: 491/510 outputs
S1-calibration-recovery-010: 492/510 outputs
S1-calibration-recovery-010: 493/510 outputs
S1-calibration-recovery-010: 494/510 outputs
S1-calibration-recovery-010: 495/510 outputs
S1-calibration-recovery-010: 496/510 outputs
S1-calibration-recovery-010: 497/510 outputs
S1-calibration-recovery-010: 498/510 outputs
S1-calibration-recovery-010: 499/510 outputs
S1-calibration-recovery-010: 500/510 outputs
S1-calibration-recovery-010: 501/510 outputs
S1-calibration-recovery-010: 502/510 outputs
S1-calibration-recovery-010: 503/510 outputs
S1-calibration-recovery-010: 504/510 outputs
S1-calibration-recovery-010: 505/510 outputs
S1-calibration-recovery-010: 506/510 outputs
S1-calibration-recovery-010: 507/510 outputs
S1-calibration-recovery-010: 508/510 outputs
S1-calibration-recovery-010: 509/510 outputs
S1-calibration-recovery-010: 510/510 outputs
