test_acceptance_and_historical_authority (test_vipe_benchmark_s1_recovery.ReservationClockTests.test_acceptance_and_historical_authority) ... ok
test_context_matrix (test_vipe_benchmark_s1_recovery.ReservationClockTests.test_context_matrix) ... ok
test_failure_reconciliation (test_vipe_benchmark_s1_recovery.ReservationClockTests.test_failure_reconciliation) ... ok
test_phase_boundaries (test_vipe_benchmark_s1_recovery.ReservationClockTests.test_phase_boundaries) ... ok
test_real_segment_publication_barriers (test_vipe_benchmark_s1_recovery.ReservationClockTests.test_real_segment_publication_barriers) ... 
  test_real_segment_publication_barriers (test_vipe_benchmark_s1_recovery.ReservationClockTests.test_real_segment_publication_barriers) (kind='positive') ... FAIL
  test_real_segment_publication_barriers (test_vipe_benchmark_s1_recovery.ReservationClockTests.test_real_segment_publication_barriers) (kind='qualification') ... FAIL
  test_real_segment_publication_barriers (test_vipe_benchmark_s1_recovery.ReservationClockTests.test_real_segment_publication_barriers) (kind='write') ... FAIL
  test_real_segment_publication_barriers (test_vipe_benchmark_s1_recovery.ReservationClockTests.test_real_segment_publication_barriers) (kind='readback') ... FAIL
  test_real_segment_publication_barriers (test_vipe_benchmark_s1_recovery.ReservationClockTests.test_real_segment_publication_barriers) (kind='reverify') ... FAIL
  test_real_segment_publication_barriers (test_vipe_benchmark_s1_recovery.ReservationClockTests.test_real_segment_publication_barriers) (kind='reuse') ... FAIL
  test_real_segment_publication_barriers (test_vipe_benchmark_s1_recovery.ReservationClockTests.test_real_segment_publication_barriers) (kind='pre_input') ... FAIL
test_worker_bootstrap (test_vipe_benchmark_s1_recovery.ReservationClockTests.test_worker_bootstrap) ... ok

======================================================================
FAIL: test_real_segment_publication_barriers (test_vipe_benchmark_s1_recovery.ReservationClockTests.test_real_segment_publication_barriers) (kind='positive')
----------------------------------------------------------------------
Traceback (most recent call last):
  File "/home/auss/git_repos/samaust/Experiments_4DGS/tests/test_vipe_benchmark_s1_recovery.py", line 991, in test_real_segment_publication_barriers
    self.assertEqual(calls,[1]); self.assertEqual(loads,[50,62] if kind=='positive' else [50])
                                 ~~~~~~~~~~~~~~~~^^^^^^^^^^^^^^^^^^^^^^^^^^^^^^^^^^^^^^^^^^^^^
AssertionError: Lists differ: [50, 50, 50, 50, 62, 50, 50] != [50, 62]

First differing element 1:
50
62

First list contains 5 additional elements.
First extra element 2:
50

- [50, 50, 50, 50, 62, 50, 50]
+ [50, 62]

======================================================================
FAIL: test_real_segment_publication_barriers (test_vipe_benchmark_s1_recovery.ReservationClockTests.test_real_segment_publication_barriers) (kind='qualification')
----------------------------------------------------------------------
Traceback (most recent call last):
  File "/home/auss/git_repos/samaust/Experiments_4DGS/tests/test_vipe_benchmark_s1_recovery.py", line 991, in test_real_segment_publication_barriers
    self.assertEqual(calls,[1]); self.assertEqual(loads,[50,62] if kind=='positive' else [50])
                                 ~~~~~~~~~~~~~~~~^^^^^^^^^^^^^^^^^^^^^^^^^^^^^^^^^^^^^^^^^^^^^
AssertionError: Lists differ: [50, 50] != [50]

First list contains 1 additional elements.
First extra element 1:
50

- [50, 50]
+ [50]

======================================================================
FAIL: test_real_segment_publication_barriers (test_vipe_benchmark_s1_recovery.ReservationClockTests.test_real_segment_publication_barriers) (kind='write')
----------------------------------------------------------------------
Traceback (most recent call last):
  File "/home/auss/git_repos/samaust/Experiments_4DGS/tests/test_vipe_benchmark_s1_recovery.py", line 991, in test_real_segment_publication_barriers
    self.assertEqual(calls,[1]); self.assertEqual(loads,[50,62] if kind=='positive' else [50])
                                 ~~~~~~~~~~~~~~~~^^^^^^^^^^^^^^^^^^^^^^^^^^^^^^^^^^^^^^^^^^^^^
AssertionError: Lists differ: [50, 50, 50, 50, 50] != [50]

First list contains 4 additional elements.
First extra element 1:
50

- [50, 50, 50, 50, 50]
+ [50]

======================================================================
FAIL: test_real_segment_publication_barriers (test_vipe_benchmark_s1_recovery.ReservationClockTests.test_real_segment_publication_barriers) (kind='readback')
----------------------------------------------------------------------
Traceback (most recent call last):
  File "/home/auss/git_repos/samaust/Experiments_4DGS/tests/test_vipe_benchmark_s1_recovery.py", line 991, in test_real_segment_publication_barriers
    self.assertEqual(calls,[1]); self.assertEqual(loads,[50,62] if kind=='positive' else [50])
                                 ~~~~~~~~~~~~~~~~^^^^^^^^^^^^^^^^^^^^^^^^^^^^^^^^^^^^^^^^^^^^^
AssertionError: Lists differ: [50, 50, 50, 50, 50] != [50]

First list contains 4 additional elements.
First extra element 1:
50

- [50, 50, 50, 50, 50]
+ [50]

======================================================================
FAIL: test_real_segment_publication_barriers (test_vipe_benchmark_s1_recovery.ReservationClockTests.test_real_segment_publication_barriers) (kind='reverify')
----------------------------------------------------------------------
Traceback (most recent call last):
  File "/home/auss/git_repos/samaust/Experiments_4DGS/tests/test_vipe_benchmark_s1_recovery.py", line 991, in test_real_segment_publication_barriers
    self.assertEqual(calls,[1]); self.assertEqual(loads,[50,62] if kind=='positive' else [50])
                                 ~~~~~~~~~~~~~~~~^^^^^^^^^^^^^^^^^^^^^^^^^^^^^^^^^^^^^^^^^^^^^
AssertionError: Lists differ: [50, 50, 50, 50, 50] != [50]

First list contains 4 additional elements.
First extra element 1:
50

- [50, 50, 50, 50, 50]
+ [50]

======================================================================
FAIL: test_real_segment_publication_barriers (test_vipe_benchmark_s1_recovery.ReservationClockTests.test_real_segment_publication_barriers) (kind='reuse')
----------------------------------------------------------------------
Traceback (most recent call last):
  File "/home/auss/git_repos/samaust/Experiments_4DGS/tests/test_vipe_benchmark_s1_recovery.py", line 991, in test_real_segment_publication_barriers
    self.assertEqual(calls,[1]); self.assertEqual(loads,[50,62] if kind=='positive' else [50])
                                 ~~~~~~~~~~~~~~~~^^^^^^^^^^^^^^^^^^^^^^^^^^^^^^^^^^^^^^^^^^^^^
AssertionError: Lists differ: [50, 50, 50, 50, 50, 50, 50, 50] != [50]

First list contains 7 additional elements.
First extra element 1:
50

- [50, 50, 50, 50, 50, 50, 50, 50]
+ [50]

======================================================================
FAIL: test_real_segment_publication_barriers (test_vipe_benchmark_s1_recovery.ReservationClockTests.test_real_segment_publication_barriers) (kind='pre_input')
----------------------------------------------------------------------
Traceback (most recent call last):
  File "/home/auss/git_repos/samaust/Experiments_4DGS/tests/test_vipe_benchmark_s1_recovery.py", line 991, in test_real_segment_publication_barriers
    self.assertEqual(calls,[1]); self.assertEqual(loads,[50,62] if kind=='positive' else [50])
                                 ~~~~~~~~~~~~~~~~^^^^^^^^^^^^^^^^^^^^^^^^^^^^^^^^^^^^^^^^^^^^^
AssertionError: Lists differ: [50, 50, 50, 50, 50] != [50]

First list contains 4 additional elements.
First extra element 1:
50

- [50, 50, 50, 50, 50]
+ [50]

----------------------------------------------------------------------
Ran 6 tests in 61.877s

FAILED (failures=7)
