Traceback (most recent call last):
  File "<frozen runpy>", line 198, in _run_module_as_main
  File "<frozen runpy>", line 88, in _run_code
  File "/home/auss/git_repos/samaust/Experiments_4DGS/scripts/vipe_benchmark/runtime.py", line 784, in <module>
    qualify_imports(args.qualify_imports, args.output)
  File "/home/auss/git_repos/samaust/Experiments_4DGS/scripts/vipe_benchmark/runtime.py", line 626, in qualify_imports
    modules = _native_api_imports(settings['environment'], read_json(verify_record(settings['assets'])['path']))
              ^^^^^^^^^^^^^^^^^^^^^^^^^^^^^^^^^^^^^^^^^^^^^^^^^^^^^^^^^^^^^^^^^^^^^^^^^^^^^^^^^^^^^^^^^^^^^^^^^^
  File "/home/auss/git_repos/samaust/Experiments_4DGS/scripts/vipe_benchmark/runtime.py", line 571, in _native_api_imports
    module = importlib.import_module(name)
             ^^^^^^^^^^^^^^^^^^^^^^^^^^^^^
  File "/home/auss/git_repos/samaust/Experiments_4DGS/.local/vipe-alternatives/plan031-20260913T032700Z/managed-python/cpython-3.11.15-linux-x86_64-gnu/lib/python3.11/importlib/__init__.py", line 126, in import_module
    return _bootstrap._gcd_import(name[level:], package, level)
           ^^^^^^^^^^^^^^^^^^^^^^^^^^^^^^^^^^^^^^^^^^^^^^^^^^^^
  File "<frozen importlib._bootstrap>", line 1204, in _gcd_import
  File "<frozen importlib._bootstrap>", line 1176, in _find_and_load
  File "<frozen importlib._bootstrap>", line 1147, in _find_and_load_unlocked
  File "<frozen importlib._bootstrap>", line 690, in _load_unlocked
  File "<frozen importlib._bootstrap_external>", line 940, in exec_module
  File "<frozen importlib._bootstrap>", line 241, in _call_with_frames_removed
  File "/home/auss/git_repos/samaust/Experiments_4DGS/.local/vipe-alternatives/plan031-20260913T032700Z/jobs/E5-setup-recovery-003/sources/da3_source/src/depth_anything_3/api.py", line 36, in <module>
    from depth_anything_3.utils.io.input_processor import InputProcessor
  File "/home/auss/git_repos/samaust/Experiments_4DGS/.local/vipe-alternatives/plan031-20260913T032700Z/jobs/E5-setup-recovery-003/sources/da3_source/src/depth_anything_3/utils/io/input_processor.py", line 35, in <module>
    class InputProcessor:
  File "/home/auss/git_repos/samaust/Experiments_4DGS/.local/vipe-alternatives/plan031-20260913T032700Z/jobs/E5-setup-recovery-003/sources/da3_source/src/depth_anything_3/utils/io/input_processor.py", line 56, in InputProcessor
    NORMALIZE = T.Normalize(mean=[0.485, 0.456, 0.406], std=[0.229, 0.224, 0.225])
                ^^^^^^^^^^^^^^^^^^^^^^^^^^^^^^^^^^^^^^^^^^^^^^^^^^^^^^^^^^^^^^^^^^
  File "/home/auss/git_repos/samaust/Experiments_4DGS/.local/vipe-alternatives/plan031-20260913T032700Z/jobs/E5-setup-recovery-003/environment/lib/python3.11/site-packages/torchvision/transforms/transforms.py", line 263, in __init__
    super().__init__()
  File "/home/auss/git_repos/samaust/Experiments_4DGS/scripts/vipe_benchmark/runtime.py", line 620, in prohibited_constructor
    raise RuntimeError('setup import qualification prohibits model constructors')
RuntimeError: setup import qualification prohibits model constructors
[93m[WARN ] Dependency `gsplat` is required for rendering 3DGS. Install via: pip install git+https://github.com/nerfstudio-project/gsplat.git@0b4dddf04cb687367602c01196913cde6a743d70[0m
