test_partial_constructor_boundaries (test_vipe_benchmark_supervisor.HelperSessionTests.test_partial_constructor_boundaries) ... ok
test_progress_p01_worker_deadline (test_vipe_benchmark_supervisor.HelperSessionTests.test_progress_p01_worker_deadline) ... ok
test_progress_p02_reconcile_interruption (test_vipe_benchmark_supervisor.HelperSessionTests.test_progress_p02_reconcile_interruption) ... ok
test_progress_p03_helper_death (test_vipe_benchmark_supervisor.HelperSessionTests.test_progress_p03_helper_death) ... ok
test_progress_p04_failed_final_sample (test_vipe_benchmark_supervisor.HelperSessionTests.test_progress_p04_failed_final_sample) ... ok
test_progress_p05_interrupted_publisher (test_vipe_benchmark_supervisor.HelperSessionTests.test_progress_p05_interrupted_publisher) ... ok
test_progress_p06_blocked_owner (test_vipe_benchmark_supervisor.HelperSessionTests.test_progress_p06_blocked_owner) ... FAIL
test_progress_plan047_complete_final_sample (test_vipe_benchmark_supervisor.HelperSessionTests.test_progress_plan047_complete_final_sample) ... 
  test_progress_plan047_complete_final_sample (test_vipe_benchmark_supervisor.HelperSessionTests.test_progress_plan047_complete_final_sample) (kind='success') ... ERROR
  test_progress_plan047_complete_final_sample (test_vipe_benchmark_supervisor.HelperSessionTests.test_progress_plan047_complete_final_sample) (kind='final_sample_failure') ... ERROR

======================================================================
ERROR: test_progress_plan047_complete_final_sample (test_vipe_benchmark_supervisor.HelperSessionTests.test_progress_plan047_complete_final_sample) (kind='success')
----------------------------------------------------------------------
Traceback (most recent call last):
  File "/home/auss/git_repos/samaust/Experiments_4DGS/scripts/vipe_benchmark/supervisor.py", line 450, in supervise
    owned=predispatch_owned('supervisor worker')
  File "/home/auss/git_repos/samaust/Experiments_4DGS/scripts/vipe_benchmark/s1_helper_session.py", line 1621, in predispatch_owned
    if observed['total_workers']+1>8:raise ValueError('owned '+event+' dispatch CPU capacity')
                                     ^^^^^^^^^^^^^^^^^^^^^^^^^^^^^^^^^^^^^^^^^^^^^^^^^^^^^^^^^
ValueError: owned supervisor worker dispatch CPU capacity

The above exception was the direct cause of the following exception:

Traceback (most recent call last):
  File "/home/auss/git_repos/samaust/Experiments_4DGS/tests/test_vipe_benchmark_supervisor.py", line 3167, in test_progress_plan047_complete_final_sample
    sup.supervise(Ledger(),full.reservation['job_id'],full.command,full.output,evidence=full.binding,sample_resources=self.sampler,validate_result=lambda output:None,terminal_publisher=True,terminal_docs=docs)
    ~~~~~~~~~~~~~^^^^^^^^^^^^^^^^^^^^^^^^^^^^^^^^^^^^^^^^^^^^^^^^^^^^^^^^^^^^^^^^^^^^^^^^^^^^^^^^^^^^^^^^^^^^^^^^^^^^^^^^^^^^^^^^^^^^^^^^^^^^^^^^^^^^^^^^^^^^^^^^^^^^^^^^^^^^^^^^^^^^^^^^^^^^^^^^^^^^^^^^^^^^^^^^
  File "/home/auss/git_repos/samaust/Experiments_4DGS/scripts/vipe_benchmark/supervisor.py", line 615, in supervise
    raise failure from primary_exception
vipe_benchmark.supervisor.SupervisionFailure: ValueError: owned supervisor worker dispatch CPU capacity

======================================================================
ERROR: test_progress_plan047_complete_final_sample (test_vipe_benchmark_supervisor.HelperSessionTests.test_progress_plan047_complete_final_sample) (kind='final_sample_failure')
----------------------------------------------------------------------
Traceback (most recent call last):
  File "/home/auss/git_repos/samaust/Experiments_4DGS/tests/test_vipe_benchmark_supervisor.py", line 3164, in test_progress_plan047_complete_final_sample
    with self.assertRaises(sup.SupervisionFailure) as caught:sup.supervise(Ledger(),full.reservation['job_id'],full.command,full.output,evidence=full.binding,sample_resources=self.sampler,validate_result=lambda output:None,terminal_publisher=True,terminal_docs=docs)
                                                             ~~~~~~~~~~~~~^^^^^^^^^^^^^^^^^^^^^^^^^^^^^^^^^^^^^^^^^^^^^^^^^^^^^^^^^^^^^^^^^^^^^^^^^^^^^^^^^^^^^^^^^^^^^^^^^^^^^^^^^^^^^^^^^^^^^^^^^^^^^^^^^^^^^^^^^^^^^^^^^^^^^^^^^^^^^^^^^^^^^^^^^^^^^^^^^^^^^^^^^^^^^^^^
  File "/home/auss/git_repos/samaust/Experiments_4DGS/scripts/vipe_benchmark/supervisor.py", line 360, in supervise
    raise ValueError('refusing to overwrite incomplete or previous output')
ValueError: refusing to overwrite incomplete or previous output

======================================================================
FAIL: test_progress_p06_blocked_owner (test_vipe_benchmark_supervisor.HelperSessionTests.test_progress_p06_blocked_owner)
----------------------------------------------------------------------
Traceback (most recent call last):
  File "/home/auss/git_repos/samaust/Experiments_4DGS/tests/test_vipe_benchmark_supervisor.py", line 2054, in test_progress_p06_blocked_owner
    def test_progress_p06_blocked_owner(self):self.progress_scenario('P06','progress_normal')
                                              ~~~~~~~~~~~~~~~~~~~~~~^^^^^^^^^^^^^^^^^^^^^^^^^
  File "/home/auss/git_repos/samaust/Experiments_4DGS/tests/test_vipe_benchmark_supervisor.py", line 1898, in progress_scenario
    if label=='P06':self.assertEqual(caught.primary_failure['phase'],'acceptance')
                    ~~~~~~~~~~~~~~~~^^^^^^^^^^^^^^^^^^^^^^^^^^^^^^^^^^^^^^^^^^^^^^
AssertionError: 'supervisor' != 'acceptance'
- supervisor
+ acceptance

progress safety: {'operation': 'lifecycle_reap', 'error_class': 'AssertionError', 'message': 'progress helpers not retired'}
timing_or_cleanup_check_0: AssertionError: False is not true : {'scenario': 'P06', 'mode': 'progress_normal', 'constructor_entry': 205024.828704592, 'action_cutoff': 205026.828704592, 'safety_cutoff': 205027.828704592, 'constructor_end': 205024.838346882, 't0': 205024.828722879, 'ready_deadline': 205025.828722879, 'setup_deadline': 205026.828722879, 'setup_cleanup_deadline': 205027.828722879, 'progress_final_outcome': {'event': 'progress_final_outcome', 'label': 'P06', 'primary': {'error_class': 'SupervisionFailure', 'message': 'ValueError: owned supervisor worker dispatch CPU capacity; evidence reconciliation failed: TimeoutError: S1 phase deadline reached; evidence publication failed: RuntimeError: retained helper unavailable for terminal publication; final cleanup failed: RuntimeError: helper cleanup not confirmed', 'kind': 'supervisor', 'primary_failure': {'error_class': 'ValueError', 'message': 'owned supervisor worker dispatch CPU capacity', 'kind': 'supervisor', 'phase': 'supervisor', 'observed': 205025.517199458, 'stop_required': True}, 'secondary_failures': [{'error_class': 'TimeoutError', 'message': 'S1 phase deadline reached', 'phase': 'evidence_reconciliation', 'observed': 205026.306469765}, {'error_class': 'RuntimeError', 'message': 'retained helper unavailable for terminal publication', 'phase': 'evidence_publication', 'observed': 205026.306651806}, {'error_class': 'RuntimeError', 'message': 'helper cleanup not confirmed', 'phase': 'final_cleanup', 'observed': 205026.656234188}]}, 'assertion_or_setup_failure': {'error_class': 'AssertionError', 'message': "'supervisor' != 'acceptance'\n- supervisor\n+ acceptance\n"}, 'finish': {'status': 'failed', 'elapsed': 1.400275933003286, 'error': 'ValueError: owned supervisor worker dispatch CPU capacity; evidence reconciliation failed: TimeoutError: S1 phase deadline reached; evidence publication failed: RuntimeError: retained helper unavailable for terminal publication; final cleanup failed: RuntimeError: helper cleanup not confirmed', 'result': None, 'peak': {'device_bytes': 0, 'artifact_bytes': 0, '
timing_or_cleanup_check_1: AssertionError: 3.0012687550042756 not less than or equal to 2
timing_or_cleanup_check_3: AssertionError: 3.001279757008888 not less than or equal to 3

----------------------------------------------------------------------
Ran 8 tests in 11.395s

FAILED (failures=1, errors=2)
