merged camera 0 1365 886
merged camera 1 1382 862
merged camera 2 1549 964
merged camera 3 1573 946
merged camera 4 1621 993
merged camera 5 1685 1022
merged camera 6 1610 1012
merged camera 7 1532 996
merged camera 8 1291 864
merged camera 9 1267 840
merged camera 10 1289 837
merged camera 11 1288 849
merged camera 12 1319 808
merged camera 13 1030 652
merged camera 14 942 549
merged camera 15 1126 637
merged camera 16 1267 707
merged camera 17 1541 890
merged camera 18 1412 837
merged camera 19 1214 661
merged camera 20 1253 699
merged camera 21 1334 743
merged camera 22 1396 801
merged camera 23 1566 879
merged camera 24 1567 876
merged camera 25 1414 814
merged camera 26 1415 841
merged camera 27 1347 788
merged camera 28 1316 761
merged camera 29 1204 711
merged camera 30 1215 733
merged camera 31 1207 733
merged camera 32 1269 784
merged camera 33 1218 749
appearance edge 0 1 213
appearance edge 0 2 158
appearance edge 0 3 125
appearance edge 1 2 241
appearance edge 1 3 172
appearance edge 2 3 233
appearance edge 2 4 205
appearance edge 2 5 159
appearance edge 2 7 88
appearance edge 3 4 272
appearance edge 3 5 192
appearance edge 4 5 285
appearance edge 4 6 164
appearance edge 4 7 141
appearance edge 5 6 257
appearance edge 6 7 258
appearance edge 7 8 199
appearance edge 7 9 148
appearance edge 8 9 215
appearance edge 9 10 193
appearance edge 9 11 147
appearance edge 10 11 195
appearance edge 10 12 115
appearance edge 11 12 184
appearance edge 12 13 131
appearance edge 12 14 112
appearance edge 13 15 84
appearance edge 14 15 110
appearance edge 15 18 103
appearance edge 15 19 74
appearance edge 16 17 180
appearance edge 16 18 119
appearance edge 16 20 44
appearance edge 17 18 201
appearance edge 17 19 138
appearance edge 17 20 105
appearance edge 18 19 191
appearance edge 18 20 137
appearance edge 18 22 84
appearance edge 19 20 171
appearance edge 19 21 134
appearance edge 20 21 178
appearance edge 20 22 134
appearance edge 21 22 209
appearance edge 21 23 159
appearance edge 21 24 109
appearance edge 22 23 209
appearance edge 22 24 155
appearance edge 23 24 222
appearance edge 23 25 153
appearance edge 24 25 202
appearance edge 25 26 183
appearance edge 25 27 128
appearance edge 25 28 120
appearance edge 26 27 216
appearance edge 26 28 157
appearance edge 26 30 93
appearance edge 26 31 60
appearance edge 27 28 219
appearance edge 27 29 122
appearance edge 27 30 111
appearance edge 28 29 204
appearance edge 28 30 139
appearance edge 28 31 106
appearance edge 28 32 88
appearance edge 29 30 167
appearance edge 29 31 127
appearance edge 29 33 92
appearance edge 30 31 153
appearance edge 30 33 102
appearance edge 31 32 207
appearance edge 32 33 210
stage associate passed []
