Traceback (most recent call last):
  File "/home/auss/git_repos/samaust/Experiments_4DGS/scripts/vipe_benchmark/supervisor.py", line 546, in supervise
    raise RuntimeError(f'worker exited {exit_code}')
RuntimeError: worker exited 1

The above exception was the direct cause of the following exception:

Traceback (most recent call last):
  File "/home/auss/git_repos/samaust/Experiments_4DGS/scripts/basketball_vipe_benchmark.py", line 300, in <module>
    raise SystemExit(main())
                     ~~~~^^
  File "/home/auss/git_repos/samaust/Experiments_4DGS/scripts/basketball_vipe_benchmark.py", line 293, in main
    return execute(args, config)
  File "/home/auss/git_repos/samaust/Experiments_4DGS/scripts/basketball_vipe_benchmark.py", line 164, in execute
    dispatch(local, docs, config, recovery_request(local, authorization), operation='setup')
    ~~~~~~~~^^^^^^^^^^^^^^^^^^^^^^^^^^^^^^^^^^^^^^^^^^^^^^^^^^^^^^^^^^^^^^^^^^^^^^^^^^^^^^^^
  File "/home/auss/git_repos/samaust/Experiments_4DGS/scripts/vipe_benchmark/execution.py", line 559, in dispatch
    result = supervise(ledger, job, command, local / 'jobs' / suffix,
        evidence=evidence,
        sample_resources=s1_sampling_operation(local, job) if job in S1_RECOVERY_JOBS else lambda: resources(local, gpu=device_monitored),
        validate_result=validate, poll_seconds=.1 if job in S1_RECOVERY_JOBS else 2., checkpoint=checkpoint, resume_checkpoint=resume_checkpoint,
        terminal_publisher=publish if job in S1_RECOVERY_JOBS else None, terminal_docs=docs)
  File "/home/auss/git_repos/samaust/Experiments_4DGS/scripts/vipe_benchmark/supervisor.py", line 676, in supervise
    raise failure from primary_exception
vipe_benchmark.supervisor.SupervisionFailure: RuntimeError: worker exited 1
