Traceback (most recent call last):
  File "<frozen runpy>", line 198, in _run_module_as_main
  File "<frozen runpy>", line 88, in _run_code
  File "/home/auss/git_repos/samaust/Experiments_4DGS/scripts/vipe_benchmark/runtime.py", line 762, in <module>
    qualify_imports(args.qualify_imports, args.output)
  File "/home/auss/git_repos/samaust/Experiments_4DGS/scripts/vipe_benchmark/runtime.py", line 612, in qualify_imports
    modules = _native_api_imports(settings['environment'], read_json(verify_record(settings['assets'])['path']))
              ^^^^^^^^^^^^^^^^^^^^^^^^^^^^^^^^^^^^^^^^^^^^^^^^^^^^^^^^^^^^^^^^^^^^^^^^^^^^^^^^^^^^^^^^^^^^^^^^^^
  File "/home/auss/git_repos/samaust/Experiments_4DGS/scripts/vipe_benchmark/runtime.py", line 568, in _native_api_imports
    module = importlib.import_module(name)
             ^^^^^^^^^^^^^^^^^^^^^^^^^^^^^
  File "/home/auss/git_repos/samaust/Experiments_4DGS/.local/vipe-alternatives/plan031-20260913T032700Z/managed-python/cpython-3.11.15-linux-x86_64-gnu/lib/python3.11/importlib/__init__.py", line 126, in import_module
    return _bootstrap._gcd_import(name[level:], package, level)
           ^^^^^^^^^^^^^^^^^^^^^^^^^^^^^^^^^^^^^^^^^^^^^^^^^^^^
  File "<frozen importlib._bootstrap>", line 1204, in _gcd_import
  File "<frozen importlib._bootstrap>", line 1176, in _find_and_load
  File "<frozen importlib._bootstrap>", line 1147, in _find_and_load_unlocked
  File "<frozen importlib._bootstrap>", line 690, in _load_unlocked
  File "<frozen importlib._bootstrap_external>", line 940, in exec_module
  File "<frozen importlib._bootstrap>", line 241, in _call_with_frames_removed
  File "/home/auss/git_repos/samaust/Experiments_4DGS/.local/vipe-alternatives/plan031-20260913T032700Z/jobs/E5-setup-recovery-001/sources/da3_source/src/depth_anything_3/api.py", line 34, in <module>
    from depth_anything_3.utils.export import export
  File "/home/auss/git_repos/samaust/Experiments_4DGS/.local/vipe-alternatives/plan031-20260913T032700Z/jobs/E5-setup-recovery-001/sources/da3_source/src/depth_anything_3/utils/export/__init__.py", line 16, in <module>
    from depth_anything_3.utils.export.gs import export_to_gs_ply, export_to_gs_video
  File "/home/auss/git_repos/samaust/Experiments_4DGS/.local/vipe-alternatives/plan031-20260913T032700Z/jobs/E5-setup-recovery-001/sources/da3_source/src/depth_anything_3/utils/export/gs.py", line 17, in <module>
    import moviepy.editor as mpy
  File "/home/auss/git_repos/samaust/Experiments_4DGS/.local/vipe-alternatives/plan031-20260913T032700Z/jobs/E5-setup-recovery-001/environment/lib/python3.11/site-packages/moviepy/editor.py", line 36, in <module>
    from .video.io.VideoFileClip import VideoFileClip
  File "/home/auss/git_repos/samaust/Experiments_4DGS/.local/vipe-alternatives/plan031-20260913T032700Z/jobs/E5-setup-recovery-001/environment/lib/python3.11/site-packages/moviepy/video/io/VideoFileClip.py", line 3, in <module>
    from moviepy.audio.io.AudioFileClip import AudioFileClip
  File "/home/auss/git_repos/samaust/Experiments_4DGS/.local/vipe-alternatives/plan031-20260913T032700Z/jobs/E5-setup-recovery-001/environment/lib/python3.11/site-packages/moviepy/audio/io/AudioFileClip.py", line 3, in <module>
    from moviepy.audio.AudioClip import AudioClip
  File "/home/auss/git_repos/samaust/Experiments_4DGS/.local/vipe-alternatives/plan031-20260913T032700Z/jobs/E5-setup-recovery-001/environment/lib/python3.11/site-packages/moviepy/audio/AudioClip.py", line 7, in <module>
    from moviepy.audio.io.ffmpeg_audiowriter import ffmpeg_audiowrite
  File "/home/auss/git_repos/samaust/Experiments_4DGS/.local/vipe-alternatives/plan031-20260913T032700Z/jobs/E5-setup-recovery-001/environment/lib/python3.11/site-packages/moviepy/audio/io/ffmpeg_audiowriter.py", line 7, in <module>
    from moviepy.config import get_setting
  File "/home/auss/git_repos/samaust/Experiments_4DGS/.local/vipe-alternatives/plan031-20260913T032700Z/jobs/E5-setup-recovery-001/environment/lib/python3.11/site-packages/moviepy/config.py", line 36, in <module>
    FFMPEG_BINARY = get_exe()
                    ^^^^^^^^^
  File "/home/auss/git_repos/samaust/Experiments_4DGS/.local/vipe-alternatives/plan031-20260913T032700Z/jobs/E5-setup-recovery-001/environment/lib/python3.11/site-packages/imageio/plugins/ffmpeg.py", line 173, in get_exe
    return imageio_ffmpeg.get_ffmpeg_exe()
           ^^^^^^^^^^^^^^^^^^^^^^^^^^^^^^^
  File "/home/auss/git_repos/samaust/Experiments_4DGS/.local/vipe-alternatives/plan031-20260913T032700Z/jobs/E5-setup-recovery-001/environment/lib/python3.11/site-packages/imageio_ffmpeg/_utils.py", line 33, in get_ffmpeg_exe
    raise RuntimeError(
RuntimeError: No ffmpeg exe could be found. Install ffmpeg on your system, or set the IMAGEIO_FFMPEG_EXE environment variable.
