collected=41 executed=41
s1_recovery: executed=41 collected=41 failures=0 errors=17 skips=0 elapsed=450.0s
    139.899s  test_vipe_benchmark_s1_recovery.S1RecoveryTests.test_result_requires_supervised_cleanup_and_exact_membership   
    139.815s  test_vipe_benchmark_s1_recovery.ReservationClockTests.test_acceptance_and_historical_authority   
    138.039s  test_vipe_benchmark_s1_recovery.NumericalEnvelopeTests.test_terminal_and_resolver_numerical_mutations   
     10.229s  test_vipe_benchmark_s1_recovery.ReceiptContractTests.test_execution_mutations   
      2.786s  test_vipe_benchmark_s1_recovery.ReceiptContractTests.test_artifact_record_matrix   
      2.731s  test_vipe_benchmark_s1_recovery.ReceiptContractTests.test_binding_mutations   
      2.600s  test_vipe_benchmark_s1_recovery.ReceiptContractTests.test_accounting_mutations   
      1.891s  test_vipe_benchmark_s1_recovery.ReceiptContractTests.test_callback_mutations   
      1.717s  test_vipe_benchmark_s1_recovery.FailureEvidenceTests.test_first_result_failure_stops_before_second_input   
      1.625s  test_vipe_benchmark_s1_recovery.ReservationClockTests.test_identical_reuse_and_conflicts   
      1.204s  test_vipe_benchmark_s1_recovery.NumericalEnvelopeTests.test_direct_script_declaration_lookup   
      1.032s  test_vipe_benchmark_s1_recovery.ReservationClockTests.test_worker_bootstrap   
      0.864s  test_vipe_benchmark_s1_recovery.ReservationClockTests.test_context_matrix   
      0.781s  test_vipe_benchmark_s1_recovery.S1RecoveryTests.test_changed_prerequisite_records_rejected   
      0.622s  test_vipe_benchmark_s1_recovery.S1RecoveryTests.test_registration_needs_admission_duplicate_and_reservation_consumes_once  error SupervisionFailure("KeyError: 'S1_OWNED_ROOT_NOTE'")
      0.558s  test_vipe_benchmark_s1_recovery.ReservationClockTests.test_failure_reconciliation   
      0.508s  test_vipe_benchmark_s1_recovery.ReservationClockTests.test_real_segment_publication_barriers   
      0.438s  test_vipe_benchmark_s1_recovery.ReservationClockTests.test_phase_boundaries   
      0.370s  test_vipe_benchmark_s1_recovery.NumericalEnvelopeTests.test_produced_and_qualified_numerical_rows   
      0.337s  test_vipe_benchmark_s1_recovery.S1RecoveryTests.test_reduced_cumulative_deadline   
      0.334s  test_vipe_benchmark_s1_recovery.S1RecoveryTests.test_reduced_remaining_time_and_mutation_at_reservation_lock   
      0.269s  test_vipe_benchmark_s1_recovery.S1RecoveryTests.test_binding_historical_versus_canonical_and_no_mutation   
      0.248s  test_vipe_benchmark_s1_recovery.S1RecoveryTests.test_registered_authorization_and_validation_mutation_block   
      0.236s  test_vipe_benchmark_s1_recovery.ReceiptContractTests.test_positive_complete_fixture   
      0.183s  test_vipe_benchmark_s1_recovery.NumericalEnvelopeTests.test_typed_numerical_fields   
