collected=101 executed=101
supervisor: executed=101 collected=101 failures=0 errors=12 skips=0 elapsed=172.9s
     83.981s  test_vipe_benchmark_supervisor.HelperSessionTests.test_progress_plan047_deadline_steps   
     35.454s  test_vipe_benchmark_supervisor.HelperSessionTests.test_progress_plan047_complete_final_sample   
     15.918s  test_vipe_benchmark_supervisor.HelperSessionTests.test_progress_plan047_result_summary   
     12.572s  test_vipe_benchmark_supervisor.HelperSessionTests.test_progress_plan047_limits   
      2.639s  test_vipe_benchmark_supervisor.HelperSessionTests.test_progress_plan047_state_authority   
      2.229s  test_vipe_benchmark_supervisor.HelperSessionTests.test_progress_plan048_pure_memo   
      2.002s  test_vipe_benchmark_supervisor.HelperSessionTests.test_progress_plan047_publication_faults   
      1.936s  test_vipe_benchmark_supervisor.HelperSessionTests.test_progress_plan047_cancellation   
      1.451s  test_vipe_benchmark_supervisor.HelperSessionTests.test_progress_plan047_recovery   
      1.321s  test_vipe_benchmark_supervisor.HelperIntegrationTests.test_supervisor_worker_context_and_consumed_cleanup_stop   
      1.073s  test_vipe_benchmark_supervisor.HelperSessionTests.test_l15_sample_deadline   
      0.984s  test_vipe_benchmark_supervisor.HelperSessionTests.test_progress_plan047_alias_inventory   
      0.976s  test_vipe_benchmark_supervisor.HelperSessionTests.test_l24_summary_reference_adapter   
      0.715s  test_vipe_benchmark_supervisor.SupervisorTests.test_timeout_kills_sigterm_ignoring_group_within_allocation   
      0.618s  test_vipe_benchmark_supervisor.HelperIntegrationTests.test_cleanup_failures   
      0.577s  test_vipe_benchmark_supervisor.HelperSessionTests.test_progress_plan046_worker_authority   
      0.551s  test_vipe_benchmark_supervisor.HelperSessionTests.test_progress_plan046_publication_faults   
      0.459s  test_vipe_benchmark_supervisor.HelperSessionTests.test_l08_late_owner_retained   
      0.316s  test_vipe_benchmark_supervisor.HelperSessionTests.test_l25_delayed_actual_reserve   
      0.313s  test_vipe_benchmark_supervisor.HelperSessionTests.test_l17_post_task_acquisition  error KeyError('S1_OWNED_ROOT_NOTE')
      0.267s  test_vipe_benchmark_supervisor.HelperIntegrationTests.test_cleanup_matrix   
      0.254s  test_vipe_benchmark_supervisor.HelperSessionTests.test_l19_term_resistance   
      0.241s  test_vipe_benchmark_supervisor.HelperSessionTests.test_progress_plan047_nested  error KeyError('S1_OWNED_ROOT_NOTE')
      0.215s  test_vipe_benchmark_supervisor.HelperSessionTests.test_l33_blocked_census_refuses_stale   
      0.208s  test_vipe_benchmark_supervisor.HelperIntegrationTests.test_prelaunch_empty_ownership   
