setUp: 0.40s
synthetic_row + 510 copies: 0.08s
validate_result sweep #1: 15.43s
validate_result sweep #2 (cold memo): 15.56s
         2904076 function calls (2872638 primitive calls) in 17.577 seconds

   Ordered by: internal time
   List reduced from 417 to 18 due to restriction <18>

   ncalls  tottime  percall  cumtime  percall filename:lineno(function)
     1022    6.425    0.006    7.826    0.008 /home/auss/git_repos/samaust/Experiments_4DGS/.local/envs/stg-colmap/lib/python3.14/site-packages/numpy/_core/numeric.py:2320(isclose)
     1533    4.350    0.003    4.350    0.003 {built-in method numpy._core._multiarray_umath._unique_hash}
     1022    1.531    0.001    1.531    0.001 {imdecode}
     4089    1.376    0.000    1.376    0.000 {built-in method builtins.abs}
     3642    0.602    0.000    0.602    0.000 {built-in method _hashlib.openssl_sha256}
      511    0.600    0.001   17.527    0.034 /home/auss/git_repos/samaust/Experiments_4DGS/scripts/vipe_benchmark/s1_evidence.py:586(_qualify_row)
     1533    0.484    0.000    5.024    0.003 /home/auss/git_repos/samaust/Experiments_4DGS/scripts/vipe_benchmark/contracts.py:42(instances)
     3653    0.185    0.000    0.185    0.000 {method 'read' of '_io.FileIO' objects}
    18416    0.133    0.000    0.133    0.000 {method 'reduce' of 'numpy.ufunc' objects}
     1533    0.111    0.000    0.111    0.000 {method 'flatten' of 'numpy.ndarray' objects}
     1042    0.098    0.000    0.265    0.000 /home/auss/git_repos/samaust/Experiments_4DGS/.local/envs/stg-colmap/lib/python3.14/site-packages/numpy/lib/_format_impl.py:780(read_array)
30023/10826    0.079    0.000    3.668    0.000 /home/auss/git_repos/samaust/Experiments_4DGS/scripts/vipe_benchmark/s1_progress.py:302(operation)
      511    0.076    0.000    1.750    0.003 /home/auss/git_repos/samaust/Experiments_4DGS/scripts/vipe_benchmark/contracts.py:64(static_mask)
    60046    0.071    0.000    0.213    0.000 /home/auss/git_repos/samaust/Experiments_4DGS/scripts/vipe_benchmark/s1_progress.py:266(trace_event)
      511    0.062    0.000    0.071    0.000 /home/auss/git_repos/samaust/Experiments_4DGS/scripts/vipe_benchmark/contracts.py:71(validate_static)
     9348    0.060    0.000    0.060    0.000 {method 'read' of '_io.BytesIO' objects}
    10985    0.057    0.000    0.230    0.000 /home/auss/git_repos/samaust/Experiments_4DGS/scripts/vipe_benchmark/s1_progress.py:136(canonical)
      511    0.048    0.000    0.048    0.000 {cvtColor}



