test_assignment_survives_sam_and_pair_propagation (test_vipe_benchmark_s1_semantics.S1SemanticsTests.test_assignment_survives_sam_and_pair_propagation) ... ok
test_contract_rejects_missing_or_tampered_assignment (test_vipe_benchmark_s1_semantics.S1SemanticsTests.test_contract_rejects_missing_or_tampered_assignment) ... ok
test_empty_combined_disagreement_tie_and_subword_sum (test_vipe_benchmark_s1_semantics.S1SemanticsTests.test_empty_combined_disagreement_tie_and_subword_sum) ... ok
test_invalid_evidence_and_unamended_contract (test_vipe_benchmark_s1_semantics.S1SemanticsTests.test_invalid_evidence_and_unamended_contract) ... ok
test_native_query_alignment_and_full_evidence (test_vipe_benchmark_s1_semantics.S1SemanticsTests.test_native_query_alignment_and_full_evidence) ... ok

----------------------------------------------------------------------
Ran 5 tests in 0.014s

OK
test_collection_rereads_same_size_same_mtime (test_vipe_benchmark_s1_recovery.DeclarationCacheTests.test_collection_rereads_same_size_same_mtime) ... ok
test_collection_warm_cache_does_not_hide_deletion (test_vipe_benchmark_s1_recovery.DeclarationCacheTests.test_collection_warm_cache_does_not_hide_deletion) ... ok
test_exact_text_and_module_keys (test_vipe_benchmark_s1_recovery.DeclarationCacheTests.test_exact_text_and_module_keys) ... ok
test_invalid_inputs_are_not_cached (test_vipe_benchmark_s1_recovery.DeclarationCacheTests.test_invalid_inputs_are_not_cached) ... ok
test_lru_bound_and_eviction (test_vipe_benchmark_s1_recovery.DeclarationCacheTests.test_lru_bound_and_eviction) ... ok
test_repeated_exact_key_reuses_parse (test_vipe_benchmark_s1_recovery.DeclarationCacheTests.test_repeated_exact_key_reuses_parse) ... ok
test_returned_mutation_isolation (test_vipe_benchmark_s1_recovery.DeclarationCacheTests.test_returned_mutation_isolation) ... ok
test_alignment_layout_pre_forward_and_no_stale_capture (test_vipe_benchmark_s1_recovery.FailureEvidenceTests.test_alignment_layout_pre_forward_and_no_stale_capture) ... ok
test_first_result_failure_stops_before_second_input (test_vipe_benchmark_s1_recovery.FailureEvidenceTests.test_first_result_failure_stops_before_second_input) ... ok
test_direct_script_declaration_lookup (test_vipe_benchmark_s1_recovery.NumericalEnvelopeTests.test_direct_script_declaration_lookup) ... ok
test_produced_and_qualified_numerical_rows (test_vipe_benchmark_s1_recovery.NumericalEnvelopeTests.test_produced_and_qualified_numerical_rows) ... ok
test_sum_and_allocator_boundaries (test_vipe_benchmark_s1_recovery.NumericalEnvelopeTests.test_sum_and_allocator_boundaries) ... ok
test_terminal_and_resolver_numerical_mutations (test_vipe_benchmark_s1_recovery.NumericalEnvelopeTests.test_terminal_and_resolver_numerical_mutations) ... ok
test_typed_numerical_fields (test_vipe_benchmark_s1_recovery.NumericalEnvelopeTests.test_typed_numerical_fields) ... ok
test_accounting_mutations (test_vipe_benchmark_s1_recovery.ReceiptContractTests.test_accounting_mutations) ... ok
test_artifact_record_matrix (test_vipe_benchmark_s1_recovery.ReceiptContractTests.test_artifact_record_matrix) ... ok
test_binding_mutations (test_vipe_benchmark_s1_recovery.ReceiptContractTests.test_binding_mutations) ... ok
test_callback_mutations (test_vipe_benchmark_s1_recovery.ReceiptContractTests.test_callback_mutations) ... ok
test_declaration_parser_mutations (test_vipe_benchmark_s1_recovery.ReceiptContractTests.test_declaration_parser_mutations) ... ok
test_execution_mutations (test_vipe_benchmark_s1_recovery.ReceiptContractTests.test_execution_mutations) ... GC_TIMING (129547249991808, 2) 0.025669830996776 {'generation': 2, 'collected': 21, 'uncollectable': 0}
GC_TIMING (129547249991808, 2) 0.05411422700854018 {'generation': 2, 'collected': 6, 'uncollectable': 0}
GC_TIMING (129547249991808, 2) 0.07262743698083796 {'generation': 2, 'collected': 0, 'uncollectable': 0}
ok
test_job_line_cache_preserves_fresh_chain_and_mutation_checks (test_vipe_benchmark_s1_recovery.ReceiptContractTests.test_job_line_cache_preserves_fresh_chain_and_mutation_checks) ... ok
test_legacy_receipts_rejected (test_vipe_benchmark_s1_recovery.ReceiptContractTests.test_legacy_receipts_rejected) ... ok
test_nested_job_creator_requires_live_registered_incarnation (test_vipe_benchmark_s1_recovery.ReceiptContractTests.test_nested_job_creator_requires_live_registered_incarnation) ... ok
test_only_known_native_nonstart_releases_unbound_thread_reservation (test_vipe_benchmark_s1_recovery.ReceiptContractTests.test_only_known_native_nonstart_releases_unbound_thread_reservation) ... ok
test_parent_retirement_waits_for_closed_descriptors (test_vipe_benchmark_s1_recovery.ReceiptContractTests.test_parent_retirement_waits_for_closed_descriptors) ... ok
test_positive_complete_fixture (test_vipe_benchmark_s1_recovery.ReceiptContractTests.test_positive_complete_fixture) ... ok
test_short_close_wait_preserves_active_cleanup_budget (test_vipe_benchmark_s1_recovery.ReceiptContractTests.test_short_close_wait_preserves_active_cleanup_budget) ... ok
test_stdio_sentinels_bind_creation_semantics (test_vipe_benchmark_s1_recovery.ReceiptContractTests.test_stdio_sentinels_bind_creation_semantics) ... ok
test_typed_primitive_callbacks (test_vipe_benchmark_s1_recovery.ReceiptContractTests.test_typed_primitive_callbacks) ... ok
test_acceptance_and_historical_authority (test_vipe_benchmark_s1_recovery.ReservationClockTests.test_acceptance_and_historical_authority) ... TIMING tick 1.6951991710811853e-05 gap 0.1922650590131525 events [{'event': 'dispatch', 'role': 'sample', 'request_id': 464, 'dispatch': 211137.017582983}, {'event': 'response', 'role': 'sample', 'request_id': 464, 'dispatch': 211137.017582983, 'received': 211137.058638243, 'acquisition_start': 211137.034964486, 'acquisition_end': 211137.034979561, 'pre_generation': 927, 'post_generation': 928}, {'event': 'dispatch', 'role': 'sample', 'request_id': 465, 'dispatch': 211137.058657648}, {'event': 'response', 'role': 'sample', 'request_id': 465, 'dispatch': 211137.058657648, 'received': 211137.099610112, 'acquisition_start': 211137.076271614, 'acquisition_end': 211137.076288574, 'pre_generation': 929, 'post_generation': 930}, {'event': 'dispatch', 'role': 'sample', 'request_id': 466, 'dispatch': 211137.099626453}]
THREAD 129546919605952
GC_TIMING (129546919605952, 2) 0.19172078999690711 {'generation': 2, 'collected': 717359, 'uncollectable': 0}
  File "/home/auss/git_repos/samaust/Experiments_4DGS/scripts/vipe_benchmark/s1_helper_session.py", line 2101, in run
    self.maintain_progress()
  File "/home/auss/git_repos/samaust/Experiments_4DGS/scripts/vipe_benchmark/s1_helper_session.py", line 2126, in maintain_progress
    try:self._maintain_progress()
  File "/home/auss/git_repos/samaust/Experiments_4DGS/scripts/vipe_benchmark/s1_helper_session.py", line 2146, in _maintain_progress
    if self.progress_consumer is not None: self.progress_consumer.tick()
  File "/home/auss/git_repos/samaust/Experiments_4DGS/scripts/vipe_benchmark/s1_progress.py", line 837, in tick
    try:return operation(self._tick,deadline=self.context['clock']['work_deadline'])
  File "/home/auss/git_repos/samaust/Experiments_4DGS/scripts/vipe_benchmark/s1_progress.py", line 319, in operation
    value = function(*args, **kwargs)
  File "/home/auss/git_repos/samaust/Experiments_4DGS/scripts/vipe_benchmark/s1_progress.py", line 873, in _tick
    self.stage('new_checkpoint_read:before');value=validate_checkpoint(self.read(notice['current']),self.context,self.reference);self.stage('new_checkpoint_read:after')
  File "/home/auss/git_repos/samaust/Experiments_4DGS/scripts/vipe_benchmark/s1_progress.py", line 833, in read
    self.check();value=operation(read_record,rec,limit,deadline=self.context['clock']['work_deadline']);self.check();return value
  File "/home/auss/git_repos/samaust/Experiments_4DGS/scripts/vipe_benchmark/s1_progress.py", line 319, in operation
    value = function(*args, **kwargs)
  File "/home/auss/git_repos/samaust/Experiments_4DGS/scripts/vipe_benchmark/s1_progress.py", line 220, in read_record
    value = decode(raw, limit)
  File "/home/auss/git_repos/samaust/Experiments_4DGS/scripts/vipe_benchmark/s1_progress.py", line 129, in decode
    value = json.loads(raw, object_pairs_hook=pairs, parse_constant=lambda _: (_ for _ in ()).throw(ValueError('progress nonfinite')))
  File "/usr/lib/python3.14/json/__init__.py", line 365, in loads
    return cls(**kw).decode(s)
  File "/usr/lib/python3.14/json/decoder.py", line 345, in decode
    obj, end = self.raw_decode(s, idx=_w(s, 0).end())
  File "/usr/lib/python3.14/json/decoder.py", line 361, in raw_decode
    obj, end = self.scan_once(s, idx)
  File "/home/auss/git_repos/samaust/Experiments_4DGS/scripts/vipe_benchmark/s1_progress.py", line 126, in pairs
    result[key] = val
  File "/home/auss/git_repos/samaust/Experiments_4DGS/scripts/vipe_benchmark/s1_validation_runner.py", line 109, in gc_trace
    if duration>.025:print('GC_TIMING',key,duration,info,file=sys.stderr)
  File "/home/auss/git_repos/samaust/Experiments_4DGS/scripts/vipe_benchmark/s1_validation_runner.py", line 26, in write
    self.original.write(value)
THREAD 129547249991808
  File "<stdin>", line 4, in <module>
  File "<frozen runpy>", line 231, in run_module
  File "<frozen runpy>", line 98, in _run_module_code
  File "<frozen runpy>", line 88, in _run_code
  File "/home/auss/git_repos/samaust/Experiments_4DGS/scripts/vipe_benchmark/s1_validation_runner.py", line 173, in <module>
    raise SystemExit(main())
  File "/home/auss/git_repos/samaust/Experiments_4DGS/scripts/vipe_benchmark/s1_validation_runner.py", line 141, in main
    result = unittest.TextTestRunner(verbosity=2, resultclass=Result, stream=sys.stderr).run(suite)
  File "/usr/lib/python3.14/unittest/runner.py", line 257, in run
    test(result)
  File "/usr/lib/python3.14/unittest/suite.py", line 84, in __call__
    return self.run(*args, **kwds)
  File "/usr/lib/python3.14/unittest/suite.py", line 122, in run
    test(result)
  File "/usr/lib/python3.14/unittest/case.py", line 725, in __call__
    return self.run(*args, **kwds)
  File "/usr/lib/python3.14/unittest/case.py", line 669, in run
    self._callTestMethod(testMethod)
  File "/usr/lib/python3.14/unittest/case.py", line 615, in _callTestMethod
    result = method()
  File "/home/auss/git_repos/samaust/Experiments_4DGS/tests/test_vipe_benchmark_s1_recovery.py", line 2498, in test_acceptance_and_historical_authority
    _,request,record=fixture.run_controller(); clock=fixture.clock
  File "/home/auss/git_repos/samaust/Experiments_4DGS/tests/test_vipe_benchmark_s1_recovery.py", line 525, in run_controller
    execute_s1_recovery(self.root,docs,self.config,auth)
  File "/home/auss/git_repos/samaust/Experiments_4DGS/scripts/vipe_benchmark/execution.py", line 669, in execute_s1_recovery
    return dispatch(local, docs, config, component_recovery_request(local, config, JOB))
  File "/home/auss/git_repos/samaust/Experiments_4DGS/scripts/vipe_benchmark/execution.py", line 545, in dispatch
    result = supervise(ledger, job, command, local / 'jobs' / suffix,
  File "/home/auss/git_repos/samaust/Experiments_4DGS/scripts/vipe_benchmark/supervisor.py", line 576, in supervise
    evidence_summary=final_step('evidence_reconciliation',reconcile)
  File "/home/auss/git_repos/samaust/Experiments_4DGS/scripts/vipe_benchmark/supervisor.py", line 558, in final_step
    try:return operation()
  File "/home/auss/git_repos/samaust/Experiments_4DGS/scripts/vipe_benchmark/supervisor.py", line 573, in reconcile
    return monitored_call(dict(operation='reconcile',args=dict(local=str(ledger.path.parent),
  File "/usr/lib/python3.14/unittest/mock.py", line 1176, in __call__
    return self._mock_call(*args, **kwargs)
  File "/usr/lib/python3.14/unittest/mock.py", line 1180, in _mock_call
    return self._execute_mock_call(*args, **kwargs)
  File "/usr/lib/python3.14/unittest/mock.py", line 1247, in _execute_mock_call
    result = effect(*args, **kwargs)
  File "/home/auss/git_repos/samaust/Experiments_4DGS/tests/test_vipe_benchmark_s1_recovery.py", line 494, in monitor
    result=original_monitor(*args,**kwargs)
  File "/home/auss/git_repos/samaust/Experiments_4DGS/scripts/vipe_benchmark/supervisor.py", line 302, in monitored_call
    responses = session.tick(deadline)
  File "/home/auss/git_repos/samaust/Experiments_4DGS/scripts/vipe_benchmark/s1_validation_runner.py", line 122, in instrument
    print('THREAD',ident,file=sys.stderr);traceback.print_stack(frame,file=sys.stderr)
ERROR
test_context_matrix (test_vipe_benchmark_s1_recovery.ReservationClockTests.test_context_matrix) ... ok
test_failure_reconciliation (test_vipe_benchmark_s1_recovery.ReservationClockTests.test_failure_reconciliation) ... ok
test_identical_reuse_and_conflicts (test_vipe_benchmark_s1_recovery.ReservationClockTests.test_identical_reuse_and_conflicts) ... ok
test_phase_boundaries (test_vipe_benchmark_s1_recovery.ReservationClockTests.test_phase_boundaries) ... ok
test_real_segment_publication_barriers (test_vipe_benchmark_s1_recovery.ReservationClockTests.test_real_segment_publication_barriers) ... ok
test_worker_bootstrap (test_vipe_benchmark_s1_recovery.ReservationClockTests.test_worker_bootstrap) ... ok
test_binding_historical_versus_canonical_and_no_mutation (test_vipe_benchmark_s1_recovery.S1RecoveryTests.test_binding_historical_versus_canonical_and_no_mutation) ... ok
test_changed_prerequisite_records_rejected (test_vipe_benchmark_s1_recovery.S1RecoveryTests.test_changed_prerequisite_records_rejected) ... ok
test_exhausted_state (test_vipe_benchmark_s1_recovery.S1RecoveryTests.test_exhausted_state) ... ok
test_live_cleanup_active_and_exhausted_state (test_vipe_benchmark_s1_recovery.S1RecoveryTests.test_live_cleanup_active_and_exhausted_state) ... ok
test_reduced_cumulative_deadline (test_vipe_benchmark_s1_recovery.S1RecoveryTests.test_reduced_cumulative_deadline) ... ok
test_reduced_remaining_time_and_mutation_at_reservation_lock (test_vipe_benchmark_s1_recovery.S1RecoveryTests.test_reduced_remaining_time_and_mutation_at_reservation_lock) ... ok
test_registered_authorization_and_validation_mutation_block (test_vipe_benchmark_s1_recovery.S1RecoveryTests.test_registered_authorization_and_validation_mutation_block) ... ok
test_registration_needs_admission_duplicate_and_reservation_consumes_once (test_vipe_benchmark_s1_recovery.S1RecoveryTests.test_registration_needs_admission_duplicate_and_reservation_consumes_once) ... ok
test_result_requires_supervised_cleanup_and_exact_membership (test_vipe_benchmark_s1_recovery.S1RecoveryTests.test_result_requires_supervised_cleanup_and_exact_membership) ... ok
test_source_requalification_preserves_allocation_and_binds_reservation (test_vipe_benchmark_s1_recovery.S1RecoveryTests.test_source_requalification_preserves_allocation_and_binds_reservation) ... ok
test_source_requalification_rejects_scope_and_snapshot_changes_without_append (test_vipe_benchmark_s1_recovery.S1RecoveryTests.test_source_requalification_rejects_scope_and_snapshot_changes_without_append) ... ok
test_typed_scope_schema_branch_and_second_identity (test_vipe_benchmark_s1_recovery.S1RecoveryTests.test_typed_scope_schema_branch_and_second_identity) ... ok
test_validation_missing_extra_duplicate_aliased_stale_and_failed_receipts (test_vipe_benchmark_s1_recovery.S1RecoveryTests.test_validation_missing_extra_duplicate_aliased_stale_and_failed_receipts) ... ok

======================================================================
ERROR: test_acceptance_and_historical_authority (test_vipe_benchmark_s1_recovery.ReservationClockTests.test_acceptance_and_historical_authority)
----------------------------------------------------------------------
Traceback (most recent call last):
  File "/home/auss/git_repos/samaust/Experiments_4DGS/scripts/vipe_benchmark/supervisor.py", line 558, in final_step
    try:return operation()
               ~~~~~~~~~^^
  File "/home/auss/git_repos/samaust/Experiments_4DGS/scripts/vipe_benchmark/supervisor.py", line 573, in reconcile
    return monitored_call(dict(operation='reconcile',args=dict(local=str(ledger.path.parent),
        config=ledger.config,reservation=reservation,outcome=dict(error=error,result=result_record,acceptance=acceptance),deadline=run_deadline)),
        run_deadline,sampler,ledger.config,peak,worker=process,phase='reconciliation',lifecycle=lifecycle)
  File "/usr/lib/python3.14/unittest/mock.py", line 1176, in __call__
    return self._mock_call(*args, **kwargs)
           ~~~~~~~~~~~~~~~^^^^^^^^^^^^^^^^^
  File "/usr/lib/python3.14/unittest/mock.py", line 1180, in _mock_call
    return self._execute_mock_call(*args, **kwargs)
           ~~~~~~~~~~~~~~~~~~~~~~~^^^^^^^^^^^^^^^^^
  File "/usr/lib/python3.14/unittest/mock.py", line 1247, in _execute_mock_call
    result = effect(*args, **kwargs)
  File "/home/auss/git_repos/samaust/Experiments_4DGS/tests/test_vipe_benchmark_s1_recovery.py", line 494, in monitor
    result=original_monitor(*args,**kwargs)
  File "/home/auss/git_repos/samaust/Experiments_4DGS/scripts/vipe_benchmark/supervisor.py", line 302, in monitored_call
    responses = session.tick(deadline)
  File "/home/auss/git_repos/samaust/Experiments_4DGS/scripts/vipe_benchmark/s1_validation_runner.py", line 116, in instrument
    try:return _original(self,*args,**kwargs)
               ~~~~~~~~~^^^^^^^^^^^^^^^^^^^^^
  File "/home/auss/git_repos/samaust/Experiments_4DGS/scripts/vipe_benchmark/s1_helper_session.py", line 2440, in tick
    if gap>.1: raise TimeoutError('S1 monitor tick overrun')
               ^^^^^^^^^^^^^^^^^^^^^^^^^^^^^^^^^^^^^^^^^^^^^
TimeoutError: S1 monitor tick overrun
evidence_publication: RuntimeError: retained helper unavailable for terminal publication

The above exception was the direct cause of the following exception:

Traceback (most recent call last):
  File "/home/auss/git_repos/samaust/Experiments_4DGS/tests/test_vipe_benchmark_s1_recovery.py", line 2498, in test_acceptance_and_historical_authority
    _,request,record=fixture.run_controller(); clock=fixture.clock
                     ~~~~~~~~~~~~~~~~~~~~~~^^
  File "/home/auss/git_repos/samaust/Experiments_4DGS/tests/test_vipe_benchmark_s1_recovery.py", line 525, in run_controller
    execute_s1_recovery(self.root,docs,self.config,auth)
    ~~~~~~~~~~~~~~~~~~~^^^^^^^^^^^^^^^^^^^^^^^^^^^^^^^^^
  File "/home/auss/git_repos/samaust/Experiments_4DGS/scripts/vipe_benchmark/execution.py", line 669, in execute_s1_recovery
    return dispatch(local, docs, config, component_recovery_request(local, config, JOB))
  File "/home/auss/git_repos/samaust/Experiments_4DGS/scripts/vipe_benchmark/execution.py", line 545, in dispatch
    result = supervise(ledger, job, command, local / 'jobs' / suffix,
        evidence=evidence,
        sample_resources=s1_sampling_operation(local) if job == 'S1-calibration-recovery-001' else lambda: resources(local, gpu=device_monitored),
        validate_result=validate, poll_seconds=.1 if job == 'S1-calibration-recovery-001' else 2., checkpoint=checkpoint, resume_checkpoint=resume_checkpoint,
        terminal_publisher=publish if job == 'S1-calibration-recovery-001' else None, terminal_docs=docs)
  File "/home/auss/git_repos/samaust/Experiments_4DGS/scripts/vipe_benchmark/supervisor.py", line 639, in supervise
    raise failure from primary_exception
vipe_benchmark.supervisor.SupervisionFailure: ; evidence reconciliation failed: TimeoutError: S1 monitor tick overrun; evidence publication failed: RuntimeError: retained helper unavailable for terminal publication

----------------------------------------------------------------------
Ran 49 tests in 138.517s

FAILED (errors=1)
