Traceback (most recent call last):
  File "/home/auss/git_repos/samaust/Experiments_4DGS/scripts/vipe_benchmark/supervisor.py", line 473, in supervise
    progress_context = monitored_call(dict(operation='prelaunch', args=dict(local=str(ledger.path.parent),
        config=ledger.config, reservation=reservation, command=command)),
        run_deadline, sampler, ledger.config, peak, phase='prelaunch', lifecycle=lifecycle)
  File "/home/auss/git_repos/samaust/Experiments_4DGS/scripts/vipe_benchmark/supervisor.py", line 313, in monitored_call
    responses = session.tick(deadline)
  File "/home/auss/git_repos/samaust/Experiments_4DGS/scripts/vipe_benchmark/s1_helper_session.py", line 2455, in tick
    raise TimeoutError('S1 resource sample timeout' if role=='sample' else 'S1 work timeout')
TimeoutError: S1 resource sample timeout
evidence_publication: RuntimeError: retained helper unavailable for terminal publication

The above exception was the direct cause of the following exception:

Traceback (most recent call last):
  File "/home/auss/git_repos/samaust/Experiments_4DGS/scripts/basketball_vipe_benchmark.py", line 297, in <module>
    raise SystemExit(main())
                     ~~~~^^
  File "/home/auss/git_repos/samaust/Experiments_4DGS/scripts/basketball_vipe_benchmark.py", line 290, in main
    return execute(args, config)
  File "/home/auss/git_repos/samaust/Experiments_4DGS/scripts/basketball_vipe_benchmark.py", line 187, in execute
    execute_s1_recovery(local, docs, config, authorization)
    ~~~~~~~~~~~~~~~~~~~^^^^^^^^^^^^^^^^^^^^^^^^^^^^^^^^^^^^
  File "/home/auss/git_repos/samaust/Experiments_4DGS/scripts/vipe_benchmark/execution.py", line 682, in execute_s1_recovery
    return dispatch(local, docs, config, component_recovery_request(local, config, job))
  File "/home/auss/git_repos/samaust/Experiments_4DGS/scripts/vipe_benchmark/execution.py", line 557, in dispatch
    result = supervise(ledger, job, command, local / 'jobs' / suffix,
        evidence=evidence,
        sample_resources=s1_sampling_operation(local, job) if job in S1_RECOVERY_JOBS else lambda: resources(local, gpu=device_monitored),
        validate_result=validate, poll_seconds=.1 if job in S1_RECOVERY_JOBS else 2., checkpoint=checkpoint, resume_checkpoint=resume_checkpoint,
        terminal_publisher=publish if job in S1_RECOVERY_JOBS else None, terminal_docs=docs)
  File "/home/auss/git_repos/samaust/Experiments_4DGS/scripts/vipe_benchmark/supervisor.py", line 669, in supervise
    raise failure from primary_exception
vipe_benchmark.supervisor.SupervisionFailure: TimeoutError: S1 resource sample timeout; evidence publication failed: RuntimeError: retained helper unavailable for terminal publication
