Running reload-a
Failed command: ['/tmp/tmpy1dnggah/env-python', '/home/auss/git_repos/samaust/Experiments_4DGS/scripts/render-atgs-manifest.py', '--checkout', '/home/auss/git_repos/samaust/Experiments_4DGS/.local/ATGS', '--manifest', '/tmp/tmpy1dnggah/manifest.json', '--checkpoint', '/tmp/tmpy1dnggah/checkpoint', '--training-config', '/tmp/tmpy1dnggah/config.json', '--provenance', '/tmp/tmpy1dnggah/provenance.json', '--output', '/tmp/tmpy1dnggah/evaluation/reload-a', '--benchmark']
synthetic launch failure
/usr/lib/python3.14/json/decoder.py:361: ResourceWarning: unclosed database in <sqlite3.Connection object at 0x7d08d1f0de40>
  obj, end = self.scan_once(s, idx)
ResourceWarning: Enable tracemalloc to get the object allocation traceback
/usr/lib/python3.14/json/decoder.py:361: ResourceWarning: unclosed database in <sqlite3.Connection object at 0x7d07b48b7c40>
  obj, end = self.scan_once(s, idx)
ResourceWarning: Enable tracemalloc to get the object allocation traceback
appearance edge 1 2 1
appearance edge 2 3 1
appearance edge 1 3 1
appearance edge 0 1 1
appearance edge 1 2 1
prepare blocked budget_exhaustion
prepare blocked budget_exhaustion
prepare blocked budget_exhaustion
recover blocked provenance_failure
baseline blocked computational_or_provenance_failure
usage: python -m unittest [-h] --checkout CHECKOUT --manifest MANIFEST
                          --checkpoint CHECKPOINT --crops CROPS
                          --torch-cache TORCH_CACHE --output OUTPUT
python -m unittest: error: choose a new output directory
Running reload-a
Failed command: ['/home/auss/git_repos/samaust/Experiments_4DGS/.local/envs/stg-colmap/bin/python', '/home/auss/git_repos/samaust/Experiments_4DGS/scripts/offline-python.py', '/home/auss/git_repos/samaust/Experiments_4DGS/scripts/render-stg-manifest.py', '--checkout', '/tmp/tmp_iq9s4b8/checkout', '--manifest', '/tmp/tmp_iq9s4b8/manifest.json', '--checkpoint', '/tmp/tmp_iq9s4b8/checkpoint.pt', '--output', '/tmp/tmp_iq9s4b8/output/reload-a', '--benchmark']
synthetic launch error
usage: python -m unittest [-h] --checkout CHECKOUT --manifest MANIFEST
                          --checkpoint CHECKPOINT --crops CROPS
                          --torch-cache TORCH_CACHE --output OUTPUT
python -m unittest: error: cached AlexNet weights required before offline evaluation
Running reload-a
Failed command: ['/home/auss/git_repos/samaust/Experiments_4DGS/.local/envs/stg-colmap/bin/python', '/home/auss/git_repos/samaust/Experiments_4DGS/scripts/offline-python.py', '/home/auss/git_repos/samaust/Experiments_4DGS/scripts/render-stg-manifest.py', '--checkout', '/tmp/tmpnv798odj/checkout', '--manifest', '/tmp/tmpnv798odj/manifest.json', '--checkpoint', '/tmp/tmpnv798odj/checkpoint.pt', '--output', '/tmp/tmpnv798odj/output/reload-a', '--benchmark']

{"frame": 0, "reference": 1, "seconds": 0.030117533984594047}
{"frame": 0, "reference": 2, "seconds": 0.03704143298091367}
{"frame": 0, "reference": 3, "seconds": 0.044048366020433605}
{"frame": 0, "reference": 4, "seconds": 0.0508155080024153}
{"source": "0", "neighbor": "1", "sampled": 8, "retained": 4, "numerical_rejections": 2, "positive_depth": 5}
{"source": "1", "neighbor": "0", "sampled": 8, "retained": 4, "numerical_rejections": 2, "positive_depth": 5}
{"source": "10", "neighbor": "11", "sampled": 8, "retained": 4, "numerical_rejections": 2, "positive_depth": 5}
{"source": "11", "neighbor": "10", "sampled": 8, "retained": 4, "numerical_rejections": 2, "positive_depth": 5}
{"source": "12", "neighbor": "11", "sampled": 8, "retained": 4, "numerical_rejections": 2, "positive_depth": 5}
{"source": "13", "neighbor": "14", "sampled": 8, "retained": 4, "numerical_rejections": 2, "positive_depth": 5}
{"source": "14", "neighbor": "13", "sampled": 8, "retained": 4, "numerical_rejections": 2, "positive_depth": 5}
{"source": "15", "neighbor": "14", "sampled": 8, "retained": 4, "numerical_rejections": 2, "positive_depth": 5}
{"source": "16", "neighbor": "17", "sampled": 8, "retained": 4, "numerical_rejections": 2, "positive_depth": 5}
{"source": "17", "neighbor": "16", "sampled": 8, "retained": 4, "numerical_rejections": 2, "positive_depth": 5}
{"source": "18", "neighbor": "19", "sampled": 8, "retained": 4, "numerical_rejections": 2, "positive_depth": 5}
{"source": "19", "neighbor": "18", "sampled": 8, "retained": 4, "numerical_rejections": 2, "positive_depth": 5}
{"source": "2", "neighbor": "3", "sampled": 8, "retained": 4, "numerical_rejections": 2, "positive_depth": 5}
{"source": "20", "neighbor": "19", "sampled": 8, "retained": 4, "numerical_rejections": 2, "positive_depth": 5}
{"source": "21", "neighbor": "22", "sampled": 8, "retained": 4, "numerical_rejections": 2, "positive_depth": 5}
{"source": "22", "neighbor": "21", "sampled": 8, "retained": 4, "numerical_rejections": 2, "positive_depth": 5}
{"source": "3", "neighbor": "2", "sampled": 8, "retained": 4, "numerical_rejections": 2, "positive_depth": 5}
{"source": "4", "neighbor": "5", "sampled": 8, "retained": 4, "numerical_rejections": 2, "positive_depth": 5}
{"source": "5", "neighbor": "4", "sampled": 8, "retained": 4, "numerical_rejections": 2, "positive_depth": 5}
{"source": "6", "neighbor": "5", "sampled": 8, "retained": 4, "numerical_rejections": 2, "positive_depth": 5}
{"source": "7", "neighbor": "6", "sampled": 8, "retained": 4, "numerical_rejections": 2, "positive_depth": 5}
{"source": "8", "neighbor": "9", "sampled": 8, "retained": 4, "numerical_rejections": 2, "positive_depth": 5}
{"source": "9", "neighbor": "10", "sampled": 8, "retained": 4, "numerical_rejections": 2, "positive_depth": 5}
{"points": 92, "wall_seconds": 0.030802721972577274, "peak_allocated_bytes": 0}
R-G: completed pair 20, reference 1
S2-reconstruction: 2/4 outputs
S2-reconstruction: 4/4 outputs
S4-reconstruction: 2/4 outputs
S4-reconstruction: 4/4 outputs
S1-calibration: 1/1 outputs
[setup] asset depth_pro_checkpoint: start
[setup] asset depth_pro_checkpoint: ready
[setup] asset depth_pro_source: start
[setup] asset depth_pro_source: verified reuse
[setup E1] venv: start
[setup E1] venv: complete
[setup E1] base: start
[setup E1] base: complete
[setup E1] toolkit: start
[setup E1] toolkit: ready
[setup E1] resolve: start
[setup E1] resolve: complete
[setup E1] locked-dependencies: start
[setup E1] locked-dependencies: complete
[setup E1] correlation: start
[setup E1] correlation: complete
[setup E1] sam_source: start
[setup E1] sam_source: complete
[setup E1] grounding_source: start
[setup E1] grounding_source: complete
[setup E1] native-imports: start
[setup E1] native-imports: complete
[setup E1] inventory: start
[setup E1] inventory: complete
[setup E2] venv: start
[setup E2] venv: complete
[setup E2] base: start
[setup E2] base: complete
[setup E2] toolkit: start
[setup E2] toolkit: ready
[setup E2] resolve: start
[setup E2] resolve: complete
[setup E2] locked-dependencies: start
[setup E2] locked-dependencies: complete
[setup E2] grounding_source: start
[setup E2] grounding_source: complete
[setup E2] sam2_source: start
[setup E2] sam2_source: complete
[setup E2] native-imports: start
[setup E2] native-imports: complete
[setup E2] inventory: start
[setup E2] inventory: complete
[setup E4] venv: start
[setup E4] venv: complete
[setup E4] base: start
[setup E4] base: complete
[setup E4] resolve: start
[setup E4] resolve: failed
[setup E2] venv: start
[setup E2] venv: complete
[setup E2] base: start
[setup E2] base: complete
[setup E2] toolkit: start
[setup E2] toolkit: ready
[setup E2] resolve: start
[setup E2] resolve: complete
[setup E2] locked-dependencies: start
[setup E2] locked-dependencies: complete
[setup E2] grounding_source: start
[setup E2] grounding_source: failed
[setup] asset grounding_checkpoint: pinned repository verification
[setup] asset grounding_checkpoint: pinned identity verified
[setup] asset grounding_checkpoint: pinned repository verification
[setup] asset sam3_checkpoint: start
[setup] asset sam3_checkpoint: ready
[setup] asset rtdetr_snapshot: start
[setup] asset rtdetr_snapshot: verified reuse
[setup] asset sam2_checkpoint: start
[setup] asset sam2_checkpoint: ready
[setup] asset sam2_source: start
[setup] asset sam2_source: verified reuse
S1_SCRIPT_CHILD {"argv": ["/home/auss/git_repos/samaust/Experiments_4DGS/.local/envs/stg-colmap/bin/python", "-B", "/home/auss/git_repos/samaust/Experiments_4DGS/tests/test_vipe_benchmark_s1_semantics.py", "S1SemanticsTests.test_contract_rejects_missing_or_tampered_assignment", "-v"], "cwd": "/home/auss/git_repos/samaust/Experiments_4DGS", "end_monotonic": 294736.087744449, "owned_observations": [], "returncode": 0, "start_monotonic": 294735.999078711, "stderr": "test_contract_rejects_missing_or_tampered_assignment (__main__.S1SemanticsTests.test_contract_rejects_missing_or_tampered_assignment) ... ok\n\n----------------------------------------------------------------------\nRan 1 test in 0.004s\n\nOK\n", "stdout": "", "timed_out": false}
S1_SCRIPT_CHILD {"argv": ["/home/auss/git_repos/samaust/Experiments_4DGS/.local/envs/stg-colmap/bin/python", "-B", "/home/auss/git_repos/samaust/Experiments_4DGS/tests/test_vipe_benchmark_s1_recovery.py", "ReceiptContractTests.test_typed_primitive_callbacks", "-v"], "cwd": "/home/auss/git_repos/samaust/Experiments_4DGS", "end_monotonic": 294736.215201793, "owned_observations": [], "returncode": 0, "start_monotonic": 294736.088477577, "stderr": "test_typed_primitive_callbacks (__main__.ReceiptContractTests.test_typed_primitive_callbacks) ... ok\n\n----------------------------------------------------------------------\nRan 1 test in 0.004s\n\nOK\n", "stdout": "", "timed_out": false}
S1_SCRIPT_CHILD {"argv": ["/home/auss/git_repos/samaust/Experiments_4DGS/.local/envs/stg-colmap/bin/python", "-B", "/home/auss/git_repos/samaust/Experiments_4DGS/tests/test_vipe_benchmark_backends.py", "AssetAndDetectorTests.test_phrase_ambiguity_and_capacity_fail_before_casting", "-v"], "cwd": "/home/auss/git_repos/samaust/Experiments_4DGS", "end_monotonic": 294736.312477316, "owned_observations": [], "returncode": 0, "start_monotonic": 294736.215506668, "stderr": "test_phrase_ambiguity_and_capacity_fail_before_casting (__main__.AssetAndDetectorTests.test_phrase_ambiguity_and_capacity_fail_before_casting) ... ok\n\n----------------------------------------------------------------------\nRan 1 test in 0.000s\n\nOK\n", "stdout": "", "timed_out": false}
S1_SCRIPT_CHILD {"argv": ["/home/auss/git_repos/samaust/Experiments_4DGS/.local/envs/stg-colmap/bin/python", "-B", "/home/auss/git_repos/samaust/Experiments_4DGS/tests/test_vipe_benchmark_contracts.py", "AccessTests.test_heldout_final_window_wrong_branch_and_pair_rejected", "-v"], "cwd": "/home/auss/git_repos/samaust/Experiments_4DGS", "end_monotonic": 294736.377943182, "owned_observations": [], "returncode": 0, "start_monotonic": 294736.31269845, "stderr": "test_heldout_final_window_wrong_branch_and_pair_rejected (__main__.AccessTests.test_heldout_final_window_wrong_branch_and_pair_rejected) ... ok\n\n----------------------------------------------------------------------\nRan 1 test in 0.001s\n\nOK\n", "stdout": "", "timed_out": false}
S1_SCRIPT_CHILD {"argv": ["/home/auss/git_repos/samaust/Experiments_4DGS/.local/envs/stg-colmap/bin/python", "-B", "/home/auss/git_repos/samaust/Experiments_4DGS/tests/test_vipe_benchmark_component_recovery.py", "ComponentRecoveryTests.test_scope_validation_and_cumulative_cap_are_not_relaxed", "-v"], "cwd": "/home/auss/git_repos/samaust/Experiments_4DGS", "end_monotonic": 294736.456088576, "owned_observations": [], "returncode": 0, "start_monotonic": 294736.378179548, "stderr": "test_scope_validation_and_cumulative_cap_are_not_relaxed (__main__.ComponentRecoveryTests.test_scope_validation_and_cumulative_cap_are_not_relaxed) ... ok\n\n----------------------------------------------------------------------\nRan 1 test in 0.009s\n\nOK\n", "stdout": "", "timed_out": false}
S1_SCRIPT_CHILD {"argv": ["/home/auss/git_repos/samaust/Experiments_4DGS/.local/envs/stg-colmap/bin/python", "-B", "/home/auss/git_repos/samaust/Experiments_4DGS/tests/test_vipe_benchmark_supervisor.py", "HelperIntegrationTests.test_cleanup_failures", "-v"], "cwd": "/home/auss/git_repos/samaust/Experiments_4DGS", "end_monotonic": 294737.180189089, "owned_observations": [], "returncode": 0, "start_monotonic": 294736.456865506, "stderr": "test_cleanup_failures (__main__.HelperIntegrationTests.test_cleanup_failures) ... ok\n\n----------------------------------------------------------------------\nRan 1 test in 0.618s\n\nOK\n", "stdout": "", "timed_out": false}
S1-calibration-recovery-001: 1/510 outputs
S1_CLOCK_BARRIER {"adapter_calls": 1, "case": "positive", "completion_observation": 294761.050439845, "first_publication": {"bytes": 7174, "path": "/tmp/tmpt060xhk1/segment-positive/first-result-qualification.json", "sha256": "2b0390e3eb550350b8b198bd32f78acfee6cc7d40fcf7cb6d7a82609f358d9d0"}, "loader_frames": [50, 50, 50, 50, 62, 50, 50], "production_operations": [{"frame": 50, "observed": 294761.050439845, "operation": "RGBLoader.load", "phase": "start"}, {"frame": 50, "observed": 294761.050439845, "operation": "RGBLoader.load", "phase": "completed"}, {"observed": 294761.050439845, "operation": "qualify_row", "phase": "start"}, {"frame": 50, "observed": 294761.050439845, "operation": "RGBLoader.load", "phase": "start"}, {"frame": 50, "observed": 294761.050439845, "operation": "RGBLoader.load", "phase": "completed"}, {"observed": 294761.050439845, "operation": "qualify_row", "phase": "completed"}, {"observed": 294761.050439845, "operation": "qualify_row", "phase": "start"}, {"frame": 50, "observed": 294761.050439845, "operation": "RGBLoader.load", "phase": "start"}, {"frame": 50, "observed": 294761.050439845, "operation": "RGBLoader.load", "phase": "completed"}, {"observed": 294761.050439845, "operation": "qualify_row", "phase": "completed"}, {"observed": 294761.050439845, "operation": "qualify_row", "phase": "start"}, {"frame": 50, "observed": 294761.050439845, "operation": "RGBLoader.load", "phase": "start"}, {"frame": 50, "observed": 294761.050439845, "operation": "RGBLoader.load", "phase": "completed"}, {"observed": 294761.050439845, "operation": "qualify_row", "phase": "completed"}, {"frame": 62, "observed": 294761.050439845, "operation": "RGBLoader.load", "phase": "start"}, {"observed": 294761.050439845, "operation": "qualify_row", "phase": "start"}, {"frame": 50, "observed": 294761.050439845, "operation": "RGBLoader.load", "phase": "start"}, {"frame": 50, "observed": 294761.050439845, "operation": "RGBLoader.load", "phase": "completed"}, {"observed": 294761.050439845, "operation": "qualify_row", "phase": "completed"}, {"observed": 294761.050439845, "operation": "qualify_row", "phase": "start"}, {"frame": 50, "observed": 294761.050439845, "operation": "RGBLoader.load", "phase": "start"}, {"frame": 50, "observed": 294761.050439845, "operation": "RGBLoader.load", "phase": "completed"}, {"observed": 294761.050439845, "operation": "qualify_row", "phase": "completed"}], "qualification_observations": [294761.050439845, 294761.050439845, 294761.050439845], "retrospective_inspection": "subsequent byte/guard checks occur outside the production clock patch", "work_deadline": 294827.550439845}
S1-calibration-recovery-001: 1/510 outputs
S1_CLOCK_BARRIER {"adapter_calls": 1, "case": "reuse_positive", "completion_observation": 294761.050439845, "first_publication": {"bytes": 7204, "path": "/tmp/tmpt060xhk1/segment-reuse_positive/first-result-qualification.json", "sha256": "b783d56c77b9103ba3390bba0cf9d1771b5c7598b134c9cc7e3175eddde1ce3e"}, "loader_frames": [50, 50, 50, 50, 50, 50, 62, 50, 50], "production_operations": [{"frame": 50, "observed": 294761.050439845, "operation": "RGBLoader.load", "phase": "start"}, {"frame": 50, "observed": 294761.050439845, "operation": "RGBLoader.load", "phase": "completed"}, {"observed": 294761.050439845, "operation": "qualify_row", "phase": "start"}, {"frame": 50, "observed": 294761.050439845, "operation": "RGBLoader.load", "phase": "start"}, {"frame": 50, "observed": 294761.050439845, "operation": "RGBLoader.load", "phase": "completed"}, {"observed": 294761.050439845, "operation": "qualify_row", "phase": "completed"}, {"observed": 294761.050439845, "operation": "qualify_row", "phase": "start"}, {"frame": 50, "observed": 294761.050439845, "operation": "RGBLoader.load", "phase": "start"}, {"frame": 50, "observed": 294761.050439845, "operation": "RGBLoader.load", "phase": "completed"}, {"observed": 294761.050439845, "operation": "qualify_row", "phase": "completed"}, {"observed": 294761.050439845, "operation": "qualify_row", "phase": "start"}, {"frame": 50, "observed": 294761.050439845, "operation": "RGBLoader.load", "phase": "start"}, {"frame": 50, "observed": 294761.050439845, "operation": "RGBLoader.load", "phase": "completed"}, {"observed": 294761.050439845, "operation": "qualify_row", "phase": "completed"}, {"observed": 294761.050439845, "operation": "qualify_row", "phase": "start"}, {"frame": 50, "observed": 294761.050439845, "operation": "RGBLoader.load", "phase": "start"}, {"frame": 50, "observed": 294761.050439845, "operation": "RGBLoader.load", "phase": "completed"}, {"observed": 294761.050439845, "operation": "qualify_row", "phase": "completed"}, {"observed": 294761.050439845, "operation": "qualify_row", "phase": "start"}, {"frame": 50, "observed": 294761.050439845, "operation": "RGBLoader.load", "phase": "start"}, {"frame": 50, "observed": 294761.050439845, "operation": "RGBLoader.load", "phase": "completed"}, {"observed": 294761.050439845, "operation": "qualify_row", "phase": "completed"}, {"frame": 62, "observed": 294761.050439845, "operation": "RGBLoader.load", "phase": "start"}, {"observed": 294761.050439845, "operation": "qualify_row", "phase": "start"}, {"frame": 50, "observed": 294761.050439845, "operation": "RGBLoader.load", "phase": "start"}, {"frame": 50, "observed": 294761.050439845, "operation": "RGBLoader.load", "phase": "completed"}, {"observed": 294761.050439845, "operation": "qualify_row", "phase": "completed"}, {"observed": 294761.050439845, "operation": "qualify_row", "phase": "start"}, {"frame": 50, "observed": 294761.050439845, "operation": "RGBLoader.load", "phase": "start"}, {"frame": 50, "observed": 294761.050439845, "operation": "RGBLoader.load", "phase": "completed"}, {"observed": 294761.050439845, "operation": "qualify_row", "phase": "completed"}], "qualification_observations": [294761.050439845, 294761.050439845, 294761.050439845, 294761.050439845, 294761.050439845], "retrospective_inspection": "subsequent byte/guard checks occur outside the production clock patch", "work_deadline": 294827.550439845}
S1_CLOCK_BARRIER {"adapter_calls": 1, "case": "qualification", "completion_observation": 294827.550439845, "first_publication": null, "loader_frames": [50, 50], "production_operations": [{"frame": 50, "observed": 294761.050439845, "operation": "RGBLoader.load", "phase": "start"}, {"frame": 50, "observed": 294761.050439845, "operation": "RGBLoader.load", "phase": "completed"}, {"observed": 294761.050439845, "operation": "qualify_row", "phase": "start"}, {"frame": 50, "observed": 294761.050439845, "operation": "RGBLoader.load", "phase": "start"}, {"frame": 50, "observed": 294761.050439845, "operation": "RGBLoader.load", "phase": "completed"}, {"observed": 294761.050439845, "operation": "qualify_row", "phase": "completed"}], "qualification_observations": [], "retrospective_inspection": "subsequent byte/guard checks occur outside the production clock patch", "work_deadline": 294827.550439845}
S1_CLOCK_BARRIER {"adapter_calls": 1, "case": "runtime", "completion_observation": 294827.550439845, "first_publication": null, "loader_frames": [50, 50], "production_operations": [{"frame": 50, "observed": 294761.050439845, "operation": "RGBLoader.load", "phase": "start"}, {"frame": 50, "observed": 294761.050439845, "operation": "RGBLoader.load", "phase": "completed"}, {"observed": 294761.050439845, "operation": "qualify_row", "phase": "start"}, {"frame": 50, "observed": 294761.050439845, "operation": "RGBLoader.load", "phase": "start"}, {"frame": 50, "observed": 294761.050439845, "operation": "RGBLoader.load", "phase": "completed"}, {"observed": 294761.050439845, "operation": "qualify_row", "phase": "completed"}], "qualification_observations": [], "retrospective_inspection": "subsequent byte/guard checks occur outside the production clock patch", "work_deadline": 294827.550439845}
S1_CLOCK_BARRIER {"adapter_calls": 1, "case": "envelope_qualification", "completion_observation": 294827.550439845, "first_publication": null, "loader_frames": [50, 50, 50], "production_operations": [{"frame": 50, "observed": 294761.050439845, "operation": "RGBLoader.load", "phase": "start"}, {"frame": 50, "observed": 294761.050439845, "operation": "RGBLoader.load", "phase": "completed"}, {"observed": 294761.050439845, "operation": "qualify_row", "phase": "start"}, {"frame": 50, "observed": 294761.050439845, "operation": "RGBLoader.load", "phase": "start"}, {"frame": 50, "observed": 294761.050439845, "operation": "RGBLoader.load", "phase": "completed"}, {"observed": 294761.050439845, "operation": "qualify_row", "phase": "completed"}, {"observed": 294761.050439845, "operation": "qualify_row", "phase": "start"}, {"frame": 50, "observed": 294761.050439845, "operation": "RGBLoader.load", "phase": "start"}, {"frame": 50, "observed": 294761.050439845, "operation": "RGBLoader.load", "phase": "completed"}, {"observed": 294761.050439845, "operation": "qualify_row", "phase": "completed"}], "qualification_observations": [294761.050439845], "retrospective_inspection": "subsequent byte/guard checks occur outside the production clock patch", "work_deadline": 294827.550439845}
S1_CLOCK_BARRIER {"adapter_calls": 1, "case": "hash", "completion_observation": 294827.550439845, "first_publication": {"bytes": 7154, "path": "/tmp/tmpt060xhk1/segment-hash/first-result-qualification.json", "sha256": "2c70735a940e31ef09eb7673ad512c8c97e4ed7ffaad89809f1e8b0103a20912"}, "loader_frames": [50, 50, 50], "production_operations": [{"frame": 50, "observed": 294761.050439845, "operation": "RGBLoader.load", "phase": "start"}, {"frame": 50, "observed": 294761.050439845, "operation": "RGBLoader.load", "phase": "completed"}, {"observed": 294761.050439845, "operation": "qualify_row", "phase": "start"}, {"frame": 50, "observed": 294761.050439845, "operation": "RGBLoader.load", "phase": "start"}, {"frame": 50, "observed": 294761.050439845, "operation": "RGBLoader.load", "phase": "completed"}, {"observed": 294761.050439845, "operation": "qualify_row", "phase": "completed"}, {"observed": 294761.050439845, "operation": "qualify_row", "phase": "start"}, {"frame": 50, "observed": 294761.050439845, "operation": "RGBLoader.load", "phase": "start"}, {"frame": 50, "observed": 294761.050439845, "operation": "RGBLoader.load", "phase": "completed"}, {"observed": 294761.050439845, "operation": "qualify_row", "phase": "completed"}], "qualification_observations": [294761.050439845], "retrospective_inspection": "subsequent byte/guard checks occur outside the production clock patch", "work_deadline": 294827.550439845}
S1_CLOCK_BARRIER {"adapter_calls": 1, "case": "write", "completion_observation": 294827.550439845, "first_publication": {"bytes": 7159, "path": "/tmp/tmpt060xhk1/segment-write/first-result-qualification.json", "sha256": "c0fadb7ba850ffe59c7058c8cfcb1a1997f65787907e3a2fffd71614c50c98f3"}, "loader_frames": [50, 50, 50], "production_operations": [{"frame": 50, "observed": 294761.050439845, "operation": "RGBLoader.load", "phase": "start"}, {"frame": 50, "observed": 294761.050439845, "operation": "RGBLoader.load", "phase": "completed"}, {"observed": 294761.050439845, "operation": "qualify_row", "phase": "start"}, {"frame": 50, "observed": 294761.050439845, "operation": "RGBLoader.load", "phase": "start"}, {"frame": 50, "observed": 294761.050439845, "operation": "RGBLoader.load", "phase": "completed"}, {"observed": 294761.050439845, "operation": "qualify_row", "phase": "completed"}, {"observed": 294761.050439845, "operation": "qualify_row", "phase": "start"}, {"frame": 50, "observed": 294761.050439845, "operation": "RGBLoader.load", "phase": "start"}, {"frame": 50, "observed": 294761.050439845, "operation": "RGBLoader.load", "phase": "completed"}, {"observed": 294761.050439845, "operation": "qualify_row", "phase": "completed"}], "qualification_observations": [294761.050439845], "retrospective_inspection": "subsequent byte/guard checks occur outside the production clock patch", "work_deadline": 294827.550439845}
S1_CLOCK_BARRIER {"adapter_calls": 1, "case": "readback", "completion_observation": 294827.550439845, "first_publication": {"bytes": 7174, "path": "/tmp/tmpt060xhk1/segment-readback/first-result-qualification.json", "sha256": "676c898deac55913a59c1fed97aba8b01182e65828501f3f0f7a369d308a24d4"}, "loader_frames": [50, 50, 50], "production_operations": [{"frame": 50, "observed": 294761.050439845, "operation": "RGBLoader.load", "phase": "start"}, {"frame": 50, "observed": 294761.050439845, "operation": "RGBLoader.load", "phase": "completed"}, {"observed": 294761.050439845, "operation": "qualify_row", "phase": "start"}, {"frame": 50, "observed": 294761.050439845, "operation": "RGBLoader.load", "phase": "start"}, {"frame": 50, "observed": 294761.050439845, "operation": "RGBLoader.load", "phase": "completed"}, {"observed": 294761.050439845, "operation": "qualify_row", "phase": "completed"}, {"observed": 294761.050439845, "operation": "qualify_row", "phase": "start"}, {"frame": 50, "observed": 294761.050439845, "operation": "RGBLoader.load", "phase": "start"}, {"frame": 50, "observed": 294761.050439845, "operation": "RGBLoader.load", "phase": "completed"}, {"observed": 294761.050439845, "operation": "qualify_row", "phase": "completed"}], "qualification_observations": [294761.050439845], "retrospective_inspection": "subsequent byte/guard checks occur outside the production clock patch", "work_deadline": 294827.550439845}
S1_CLOCK_BARRIER {"adapter_calls": 1, "case": "reverify", "completion_observation": 294827.550439845, "first_publication": {"bytes": 7174, "path": "/tmp/tmpt060xhk1/segment-reverify/first-result-qualification.json", "sha256": "86bc7a6f7f677b57ac54e2ff52f26d65c0bee070aa7f21cb34a9975e1462ad9e"}, "loader_frames": [50, 50, 50, 50], "production_operations": [{"frame": 50, "observed": 294761.050439845, "operation": "RGBLoader.load", "phase": "start"}, {"frame": 50, "observed": 294761.050439845, "operation": "RGBLoader.load", "phase": "completed"}, {"observed": 294761.050439845, "operation": "qualify_row", "phase": "start"}, {"frame": 50, "observed": 294761.050439845, "operation": "RGBLoader.load", "phase": "start"}, {"frame": 50, "observed": 294761.050439845, "operation": "RGBLoader.load", "phase": "completed"}, {"observed": 294761.050439845, "operation": "qualify_row", "phase": "completed"}, {"observed": 294761.050439845, "operation": "qualify_row", "phase": "start"}, {"frame": 50, "observed": 294761.050439845, "operation": "RGBLoader.load", "phase": "start"}, {"frame": 50, "observed": 294761.050439845, "operation": "RGBLoader.load", "phase": "completed"}, {"observed": 294761.050439845, "operation": "qualify_row", "phase": "completed"}, {"observed": 294761.050439845, "operation": "qualify_row", "phase": "start"}, {"frame": 50, "observed": 294761.050439845, "operation": "RGBLoader.load", "phase": "start"}, {"frame": 50, "observed": 294761.050439845, "operation": "RGBLoader.load", "phase": "completed"}, {"observed": 294761.050439845, "operation": "qualify_row", "phase": "completed"}], "qualification_observations": [294761.050439845, 294761.050439845], "retrospective_inspection": "subsequent byte/guard checks occur outside the production clock patch", "work_deadline": 294827.550439845}
S1_CLOCK_BARRIER {"adapter_calls": 1, "case": "reuse", "completion_observation": 294827.550439845, "first_publication": {"bytes": 7159, "path": "/tmp/tmpt060xhk1/segment-reuse/first-result-qualification.json", "sha256": "d3ac796d749a6e3cf0f8b5ca0f00cdad274a3fec9046abcad74c93f6c74adcef"}, "loader_frames": [50, 50, 50, 50, 50], "production_operations": [{"frame": 50, "observed": 294761.050439845, "operation": "RGBLoader.load", "phase": "start"}, {"frame": 50, "observed": 294761.050439845, "operation": "RGBLoader.load", "phase": "completed"}, {"observed": 294761.050439845, "operation": "qualify_row", "phase": "start"}, {"frame": 50, "observed": 294761.050439845, "operation": "RGBLoader.load", "phase": "start"}, {"frame": 50, "observed": 294761.050439845, "operation": "RGBLoader.load", "phase": "completed"}, {"observed": 294761.050439845, "operation": "qualify_row", "phase": "completed"}, {"observed": 294761.050439845, "operation": "qualify_row", "phase": "start"}, {"frame": 50, "observed": 294761.050439845, "operation": "RGBLoader.load", "phase": "start"}, {"frame": 50, "observed": 294761.050439845, "operation": "RGBLoader.load", "phase": "completed"}, {"observed": 294761.050439845, "operation": "qualify_row", "phase": "completed"}, {"observed": 294761.050439845, "operation": "qualify_row", "phase": "start"}, {"frame": 50, "observed": 294761.050439845, "operation": "RGBLoader.load", "phase": "start"}, {"frame": 50, "observed": 294761.050439845, "operation": "RGBLoader.load", "phase": "completed"}, {"observed": 294761.050439845, "operation": "qualify_row", "phase": "completed"}, {"observed": 294761.050439845, "operation": "qualify_row", "phase": "start"}, {"frame": 50, "observed": 294761.050439845, "operation": "RGBLoader.load", "phase": "start"}, {"frame": 50, "observed": 294761.050439845, "operation": "RGBLoader.load", "phase": "completed"}, {"observed": 294761.050439845, "operation": "qualify_row", "phase": "completed"}], "qualification_observations": [294761.050439845, 294761.050439845, 294761.050439845], "retrospective_inspection": "subsequent byte/guard checks occur outside the production clock patch", "work_deadline": 294827.550439845}
S1-calibration-recovery-001: 1/510 outputs
S1_CLOCK_BARRIER {"adapter_calls": 1, "case": "pre_input", "completion_observation": 294827.550439845, "first_publication": {"bytes": 7179, "path": "/tmp/tmpt060xhk1/segment-pre_input/first-result-qualification.json", "sha256": "bc35161b2d71e25fc3cc216ad32146a114829ffd9d3597e659972eb1648514c2"}, "loader_frames": [50, 50, 50, 50], "production_operations": [{"frame": 50, "observed": 294761.050439845, "operation": "RGBLoader.load", "phase": "start"}, {"frame": 50, "observed": 294761.050439845, "operation": "RGBLoader.load", "phase": "completed"}, {"observed": 294761.050439845, "operation": "qualify_row", "phase": "start"}, {"frame": 50, "observed": 294761.050439845, "operation": "RGBLoader.load", "phase": "start"}, {"frame": 50, "observed": 294761.050439845, "operation": "RGBLoader.load", "phase": "completed"}, {"observed": 294761.050439845, "operation": "qualify_row", "phase": "completed"}, {"observed": 294761.050439845, "operation": "qualify_row", "phase": "start"}, {"frame": 50, "observed": 294761.050439845, "operation": "RGBLoader.load", "phase": "start"}, {"frame": 50, "observed": 294761.050439845, "operation": "RGBLoader.load", "phase": "completed"}, {"observed": 294761.050439845, "operation": "qualify_row", "phase": "completed"}, {"observed": 294761.050439845, "operation": "qualify_row", "phase": "start"}, {"frame": 50, "observed": 294761.050439845, "operation": "RGBLoader.load", "phase": "start"}, {"frame": 50, "observed": 294761.050439845, "operation": "RGBLoader.load", "phase": "completed"}, {"observed": 294761.050439845, "operation": "qualify_row", "phase": "completed"}], "qualification_observations": [294761.050439845, 294761.050439845], "retrospective_inspection": "subsequent byte/guard checks occur outside the production clock patch", "work_deadline": 294827.550439845}
[setup] asset bpe_vocabulary: start
[setup] asset sam3_checkpoint: start
[setup] asset sam3_checkpoint: verified reuse
[setup] asset sam3_source: start
[setup] asset sam3_source: ready
[setup] asset bpe_vocabulary: ready
S1-calibration-recovery-001: 1/2 outputs
S1-calibration-recovery-001: 1/2 outputs
S1-calibration-recovery-001: 1/2 outputs
======================================================================
ERROR: test_complete_native_method_shared_but_arm_distinct_cohorts (test_basketball_dense_report.ReportTests.test_complete_native_method_shared_but_arm_distinct_cohorts)
----------------------------------------------------------------------
Traceback (most recent call last):
  File "/home/auss/git_repos/samaust/Experiments_4DGS/tests/test_basketball_dense_report.py", line 65, in test_complete_native_method_shared_but_arm_distinct_cohorts
    report.main()
    ~~~~~~~~~~~^^
  File "/home/auss/git_repos/samaust/Experiments_4DGS/scripts/basketball_dense_report.py", line 172, in main
    import matplotlib
ModuleNotFoundError: No module named 'matplotlib'

======================================================================
ERROR: test_basketball_scene (unittest.loader._FailedTest.test_basketball_scene)
----------------------------------------------------------------------
ImportError: Failed to import test module: test_basketball_scene
Traceback (most recent call last):
  File "/usr/lib/python3.14/unittest/loader.py", line 426, in _find_test_path
    module = self._get_module_from_name(name)
  File "/usr/lib/python3.14/unittest/loader.py", line 367, in _get_module_from_name
    __import__(name)
    ~~~~~~~~~~^^^^^^
  File "/home/auss/git_repos/samaust/Experiments_4DGS/tests/test_basketball_scene.py", line 7, in <module>
    import pytest
ModuleNotFoundError: No module named 'pytest'


======================================================================
ERROR: test_fresh_stage_and_deadline (test_basketball_shared_inherited_v6.V6InheritedTests.test_fresh_stage_and_deadline)
----------------------------------------------------------------------
Traceback (most recent call last):
  File "/home/auss/git_repos/samaust/Experiments_4DGS/tests/test_basketball_shared_inherited_v6.py", line 142, in test_fresh_stage_and_deadline
    with self.assertRaises(AssertionError):prepare(read('configs/basketball-rev2/timing-shared-v6.json'),Path(folder))
                                           ~~~~~~~^^^^^^^^^^^^^^^^^^^^^^^^^^^^^^^^^^^^^^^^^^^^^^^^^^^^^^^^^^^^^^^^^^^^
  File "/home/auss/git_repos/samaust/Experiments_4DGS/scripts/basketball_shared_diagnose_v6.py", line 40, in prepare
    check(p); e = read(evidence); hashes[str(evidence)] = sha256(evidence)
    ~~~~~^^^
  File "/home/auss/git_repos/samaust/Experiments_4DGS/scripts/basketball_shared_diagnose_v6.py", line 25, in check
    raise TimeoutError('30-minute preparation/diagnosis/pilot deadline')
TimeoutError: 30-minute preparation/diagnosis/pilot deadline

======================================================================
ERROR: test_cloud_provenance_rejects_wrong_frame_and_held_out (test_freetimegs_temporal_initialization.TemporalInitializationTests.test_cloud_provenance_rejects_wrong_frame_and_held_out)
----------------------------------------------------------------------
Traceback (most recent call last):
  File "/home/auss/git_repos/samaust/Experiments_4DGS/tests/test_freetimegs_temporal_initialization.py", line 62, in test_cloud_provenance_rejects_wrong_frame_and_held_out
    load_cloud('unused', scene, 4120)
    ~~~~~~~~~~^^^^^^^^^^^^^^^^^^^^^^^
  File "/home/auss/git_repos/samaust/Experiments_4DGS/scripts/freetimegs_initialization.py", line 28, in load_cloud
    from plyfile import PlyData
ModuleNotFoundError: No module named 'plyfile'

======================================================================
ERROR: test_sync_pivot_budget (unittest.loader._FailedTest.test_sync_pivot_budget)
----------------------------------------------------------------------
ImportError: Failed to import test module: test_sync_pivot_budget
Traceback (most recent call last):
  File "/usr/lib/python3.14/unittest/loader.py", line 426, in _find_test_path
    module = self._get_module_from_name(name)
  File "/usr/lib/python3.14/unittest/loader.py", line 367, in _get_module_from_name
    __import__(name)
    ~~~~~~~~~~^^^^^^
  File "/home/auss/git_repos/samaust/Experiments_4DGS/tests/test_sync_pivot_budget.py", line 7, in <module>
    import pytest
ModuleNotFoundError: No module named 'pytest'


======================================================================
ERROR: test_sync_timing (unittest.loader._FailedTest.test_sync_timing)
----------------------------------------------------------------------
ImportError: Failed to import test module: test_sync_timing
Traceback (most recent call last):
  File "/usr/lib/python3.14/unittest/loader.py", line 426, in _find_test_path
    module = self._get_module_from_name(name)
  File "/usr/lib/python3.14/unittest/loader.py", line 367, in _get_module_from_name
    __import__(name)
    ~~~~~~~~~~^^^^^^
  File "/home/auss/git_repos/samaust/Experiments_4DGS/tests/test_sync_timing.py", line 8, in <module>
    import pytest
ModuleNotFoundError: No module named 'pytest'


----------------------------------------------------------------------
Ran 1007 tests in 288.451s

FAILED (errors=6, skipped=5)
