Traceback (most recent call last):
  File "<stdin>", line 4, in <module>
  File "<frozen runpy>", line 231, in run_module
  File "<frozen runpy>", line 98, in _run_module_code
  File "<frozen runpy>", line 88, in _run_code
  File "/home/auss/git_repos/samaust/Experiments_4DGS/scripts/vipe_benchmark/s1_validation_runner.py", line 150, in <module>
    raise SystemExit(main())
                     ~~~~^^
  File "/home/auss/git_repos/samaust/Experiments_4DGS/scripts/vipe_benchmark/s1_validation_runner.py", line 106, in main
    with patch('vipe_benchmark.supervisor.gpu_reading', side_effect=AssertionError('unexpected GPU probe')), \
         ~~~~~^^^^^^^^^^^^^^^^^^^^^^^^^^^^^^^^^^^^^^^^^^^^^^^^^^^^^^^^^^^^^^^^^^^^^^^^^^^^^^^^^^^^^^^^^^^^^
  File "/usr/lib/python3.14/unittest/mock.py", line 1494, in __enter__
    self.target = self.getter()
                  ~~~~~~~~~~~^^
  File "/usr/lib/python3.14/pkgutil.py", line 463, in resolve_name
    mod = importlib.import_module(s)
  File "/usr/lib/python3.14/importlib/__init__.py", line 88, in import_module
    return _bootstrap._gcd_import(name[level:], package, level)
           ~~~~~~~~~~~~~~~~~~~~~~^^^^^^^^^^^^^^^^^^^^^^^^^^^^^^
  File "<frozen importlib._bootstrap>", line 1406, in _gcd_import
  File "<frozen importlib._bootstrap>", line 1371, in _find_and_load
  File "<frozen importlib._bootstrap>", line 1342, in _find_and_load_unlocked
  File "<frozen importlib._bootstrap>", line 938, in _load_unlocked
  File "<frozen importlib._bootstrap_external>", line 759, in exec_module
  File "<frozen importlib._bootstrap>", line 491, in _call_with_frames_removed
  File "/home/auss/git_repos/samaust/Experiments_4DGS/scripts/vipe_benchmark/supervisor.py", line 91, in <module>
    from .s1_helper_session import Session, Trace, GPUOwnershipError
  File "/home/auss/git_repos/samaust/Experiments_4DGS/scripts/vipe_benchmark/s1_helper_session.py", line 389, in <module>
    INVOCATION = InvocationRegistry()
  File "/home/auss/git_repos/samaust/Experiments_4DGS/scripts/vipe_benchmark/s1_helper_session.py", line 375, in __init__
    self.records={};self.anchor=None;self.lock=threading.RLock()
                                               ^^^^^^^^^
NameError: name 'threading' is not defined. Did you forget to import 'threading'?
