Using Python 3.11.15 environment at: .local/vipe-alternatives/plan031-20260913T032700Z/jobs/E5-setup-recovery-004/environment
Resolved 30 packages in 3.35s
Installed 30 packages in 73ms
 + filelock==4.0.7
 + fsspec==2026.9.0
 + jinja2==3.1.6
 + markupsafe==3.0.3
 + mpmath==1.3.0
 + networkx==3.6.1
 + ninja==1.13.2
 + numpy==1.26.4
 + nvidia-cublas-cu12==12.4.5.8
 + nvidia-cuda-cupti-cu12==12.4.127
 + nvidia-cuda-nvrtc-cu12==12.4.127
 + nvidia-cuda-runtime-cu12==12.4.127
 + nvidia-cudnn-cu12==9.1.0.70
 + nvidia-cufft-cu12==11.2.1.3
 + nvidia-curand-cu12==10.3.5.147
 + nvidia-cusolver-cu12==11.6.1.9
 + nvidia-cusparse-cu12==12.3.1.170
 + nvidia-nccl-cu12==2.21.5
 + nvidia-nvjitlink-cu12==12.4.127
 + nvidia-nvtx-cu12==12.4.127
 + packaging==26.3
 + pillow==12.3.0
 + pip==26.2.1
 + setuptools==80.9.0
 + sympy==1.13.1
 + torch==2.5.1+cu124
 + torchvision==0.20.1+cu124
 + triton==3.1.0
 + typing-extensions==4.16.0
 + wheel==0.48.0
