Using Python 3.11.15 environment at: .local/vipe-alternatives/plan031-20260913T032700Z/jobs/E5-setup-recovery-004/environment
Resolved 158 packages in 24.03s
Installed 128 packages in 54ms
 + addict==2.4.0
 + annotated-doc==0.0.5
 + annotated-types==0.8.0
 + antlr4-python3-runtime==4.9.3
 + anyio==4.15.1
 + apsw==3.53.4.0
 + argcomplete==3.7.2
 + asttokens==3.0.2
 + attrs==26.1.0
 + blinker==1.9.0
 + certifi==2026.7.22
 + cfgv==3.5.0
 + charset-normalizer==3.5.2
 + click==8.5.0
 + colorama==0.4.6
 + comm==0.2.3
 + configargparse==1.8.0
 + contourpy==1.3.3
 + cycler==0.12.1
 + dash==4.4.1
 + decorator==4.4.2
 + distlib==0.4.3
 + e3nn==0.6.0
 + editables==0.6
 + einops==0.8.2
 + evo==1.37.1
 + executing==2.2.1
 + fastapi==0.142.2
 + fastjsonschema==2.22.2
 + flask==3.1.3
 + fonttools==4.66.1
 + h11==0.16.0
 + hatch-vcs==0.5.0
 + hatchling==1.32.4
 + hf-xet==1.6.0
 + httpcore2==2.13.1
 + httpx2==2.13.1
 + huggingface-hub==2.0.0
 + identify==2.6.20
 + idna==3.20
 + imageio==2.38.0
 + imageio-ffmpeg==0.6.0
 + importlib-metadata==9.0.1
 + ipython==9.17.1
 + ipython-pygments-lexers==1.1.1
 + ipywidgets==8.1.9
 + itsdangerous==2.2.0
 + janus==2.0.0
 + jedi==0.20.0
 + jsonschema==4.26.0
 + jsonschema-specifications==2025.9.1
 + jupyter-core==5.9.1
 + jupyterlab-widgets==3.0.17
 + kiwisolver==1.5.1
 + lz4==4.4.5
 + markdown-it-py==4.2.0
 + matplotlib==3.11.2
 + matplotlib-inline==0.2.2
 + mdurl==0.1.2
 + moviepy==1.0.3
 + narwhals==2.26.0
 + natsort==8.4.0
 + nbformat==5.11.1
 + nest-asyncio==1.6.0
 + nodeenv==1.11.0
 + numexpr==2.14.2
 + omegaconf==2.3.1
 + open3d==0.20.0
 + opencv-python==4.11.0.86
 + opentelemetry-api==1.45.0
 + opt-einsum==3.4.0
 + opt-einsum-fx==0.1.4
 + pandas==3.0.6
 + parso==0.8.7
 + pathspec==1.1.1
 + pexpect==4.9.0
 + pillow-heif==1.8.0
 + platformdirs==4.12.2
 + plotly==7.1.0
 + pluggy==1.6.0
 + plyfile==1.1.3
 + pre-commit==4.6.2
 + proglog==0.1.12
 + prompt-toolkit==3.0.53
 + psutil==7.2.2
 + ptyprocess==0.7.0
 + pure-eval==0.2.4
 + pycolmap==4.2.1
 + pydantic==2.13.5
 + pydantic-core==2.46.5
 + pygments==2.21.0
 + pyparsing==3.3.3
 + python-dateutil==2.9.0.post0
 + python-discovery==1.6.1
 + pyyaml==6.0.3
 + referencing==0.37.0
 + requests==2.34.2
 + retrying==1.4.2
 + rich==15.0.0
 + rosbags==0.11.5
 + rpds-py==2026.6.3
 + ruamel-yaml==0.19.1
 + safetensors==0.8.0
 + scipy==1.17.1
 + seaborn==0.13.2
 + setuptools-scm==10.3.4
 + shellingham==1.5.4
 + six==1.17.0
 + stack-data==0.6.3
 + starlette==1.7.0
 + tomlkit==0.15.1
 + tqdm==4.70.1
 + traitlets==5.16.1
 + trimesh==5.1.0
 + trove-classifiers==2026.9.21.13
 + truststore==0.10.4
 + typer==0.27.2
 + typing-inspection==0.4.4
 + urllib3==2.8.0
 + uvicorn==0.54.0
 + vcs-versioning==2.5.0
 + virtualenv==21.14.1
 + wcwidth==0.9.1
 + werkzeug==3.1.9
 + widgetsnbextension==4.0.16
 + xformers==0.0.28.post3
 + zipp==4.1.0
 + zstandard==0.25.0
