test_bounded_traces_counters_and_authority (test_vipe_benchmark_supervisor.HelperSessionTests.test_bounded_traces_counters_and_authority) ... ok
test_census_immutable_identity_mutations (test_vipe_benchmark_supervisor.HelperSessionTests.test_census_immutable_identity_mutations) ... ok
test_combined_duplex_and_same_turn_bounds (test_vipe_benchmark_supervisor.HelperSessionTests.test_combined_duplex_and_same_turn_bounds) ... ok
test_control_primitive_and_frame_mutations (test_vipe_benchmark_supervisor.HelperSessionTests.test_control_primitive_and_frame_mutations) ... ok
test_envelope_correlation_mutations (test_vipe_benchmark_supervisor.HelperSessionTests.test_envelope_correlation_mutations) ... ok
test_exact_frame_bounds_and_trailing_data (test_vipe_benchmark_supervisor.HelperSessionTests.test_exact_frame_bounds_and_trailing_data) ... ok
test_l01_ready_reuse (test_vipe_benchmark_supervisor.HelperSessionTests.test_l01_ready_reuse) ... ok
test_l02_ready_and_sample_before_reserve (test_vipe_benchmark_supervisor.HelperSessionTests.test_l02_ready_and_sample_before_reserve) ... ok
test_l03_owner_bootstrap_block (test_vipe_benchmark_supervisor.HelperSessionTests.test_l03_owner_bootstrap_block) ... ok
test_l04_child_before_ready_block (test_vipe_benchmark_supervisor.HelperSessionTests.test_l04_child_before_ready_block) ... ok
test_l05_error_after_spawn (test_vipe_benchmark_supervisor.HelperSessionTests.test_l05_error_after_spawn) ... ok
test_l06_late_ready (test_vipe_benchmark_supervisor.HelperSessionTests.test_l06_late_ready) ... ok
test_l07_cancel_during_spawn (test_vipe_benchmark_supervisor.HelperSessionTests.test_l07_cancel_during_spawn) ... ok
test_l08_late_owner_retained (test_vipe_benchmark_supervisor.HelperSessionTests.test_l08_late_owner_retained) ... ok
test_l09_partial_header (test_vipe_benchmark_supervisor.HelperSessionTests.test_l09_partial_header) ... ok
test_l10_stalled_body (test_vipe_benchmark_supervisor.HelperSessionTests.test_l10_stalled_body) ... ok
test_l11_eof_midframe (test_vipe_benchmark_supervisor.HelperSessionTests.test_l11_eof_midframe) ... ok
test_l12_stalled_request_reader (test_vipe_benchmark_supervisor.HelperSessionTests.test_l12_stalled_request_reader) ... ok
test_l13_oversized_frame (test_vipe_benchmark_supervisor.HelperSessionTests.test_l13_oversized_frame) ... ok
test_l14_wrong_correlation (test_vipe_benchmark_supervisor.HelperSessionTests.test_l14_wrong_correlation) ... ok
test_l15_sample_deadline (test_vipe_benchmark_supervisor.HelperSessionTests.test_l15_sample_deadline) ... ok
test_l16_phase_deadline (test_vipe_benchmark_supervisor.HelperSessionTests.test_l16_phase_deadline) ... ok
test_l17_post_task_acquisition (test_vipe_benchmark_supervisor.HelperSessionTests.test_l17_post_task_acquisition) ... ok
test_l18_descendant_and_foreign_sentinel (test_vipe_benchmark_supervisor.HelperSessionTests.test_l18_descendant_and_foreign_sentinel) ... ok
test_l19_term_resistance (test_vipe_benchmark_supervisor.HelperSessionTests.test_l19_term_resistance) ... ok
test_l20_exit_during_transport (test_vipe_benchmark_supervisor.HelperSessionTests.test_l20_exit_during_transport) ... ok
test_l21_enumeration_failure (test_vipe_benchmark_supervisor.HelperSessionTests.test_l21_enumeration_failure) ... ok
test_l22_signal_failure (test_vipe_benchmark_supervisor.HelperSessionTests.test_l22_signal_failure) ... ok
test_l23_reap_failure (test_vipe_benchmark_supervisor.HelperSessionTests.test_l23_reap_failure) ... ok
test_l24_summary_reference_adapter (test_vipe_benchmark_supervisor.HelperSessionTests.test_l24_summary_reference_adapter) ... ok
test_l25_delayed_actual_reserve (test_vipe_benchmark_supervisor.HelperSessionTests.test_l25_delayed_actual_reserve) ... ok
test_l26_equal_actual_reserve (test_vipe_benchmark_supervisor.HelperSessionTests.test_l26_equal_actual_reserve) ... ok
test_l27_encoder_early_response (test_vipe_benchmark_supervisor.HelperSessionTests.test_l27_encoder_early_response) ... ok
test_l28_partial_early_response (test_vipe_benchmark_supervisor.HelperSessionTests.test_l28_partial_early_response) ... ok
test_l29_readable_sample_equality (test_vipe_benchmark_supervisor.HelperSessionTests.test_l29_readable_sample_equality) ... ok
test_l30_readable_phase_equality (test_vipe_benchmark_supervisor.HelperSessionTests.test_l30_readable_phase_equality) ... ok
test_l31_live_worker_bracket_and_foreign (test_vipe_benchmark_supervisor.HelperSessionTests.test_l31_live_worker_bracket_and_foreign) ... ok
test_l32_unreaped_worker_pin (test_vipe_benchmark_supervisor.HelperSessionTests.test_l32_unreaped_worker_pin) ... ok
test_l33_blocked_census_refuses_stale (test_vipe_benchmark_supervisor.HelperSessionTests.test_l33_blocked_census_refuses_stale) ... ok
test_l34_enumeration_error_empty_sample (test_vipe_benchmark_supervisor.HelperSessionTests.test_l34_enumeration_error_empty_sample) ... ok
test_l35_exited_leader_live_descendant (test_vipe_benchmark_supervisor.HelperSessionTests.test_l35_exited_leader_live_descendant) ... ok
test_l36_ambiguous_native_start_retained (test_vipe_benchmark_supervisor.HelperSessionTests.test_l36_ambiguous_native_start_retained) ... ok
test_partial_constructor_boundaries (test_vipe_benchmark_supervisor.HelperSessionTests.test_partial_constructor_boundaries) ... ok
test_progress_closed_inventory_and_faults (test_vipe_benchmark_supervisor.HelperSessionTests.test_progress_closed_inventory_and_faults) ... ERROR
test_progress_metadata_mutations (test_vipe_benchmark_supervisor.HelperSessionTests.test_progress_metadata_mutations) ... ERROR
test_progress_p01_worker_deadline (test_vipe_benchmark_supervisor.HelperSessionTests.test_progress_p01_worker_deadline) ... ERROR
test_progress_p02_reconcile_interruption (test_vipe_benchmark_supervisor.HelperSessionTests.test_progress_p02_reconcile_interruption) ... ERROR
test_progress_p03_helper_death (test_vipe_benchmark_supervisor.HelperSessionTests.test_progress_p03_helper_death) ... ERROR
test_progress_p04_failed_final_sample (test_vipe_benchmark_supervisor.HelperSessionTests.test_progress_p04_failed_final_sample) ... ERROR
test_progress_p05_interrupted_publisher (test_vipe_benchmark_supervisor.HelperSessionTests.test_progress_p05_interrupted_publisher) ... ERROR
test_progress_p06_blocked_owner (test_vipe_benchmark_supervisor.HelperSessionTests.test_progress_p06_blocked_owner) ... ERROR
test_progress_plan046_inventory (test_vipe_benchmark_supervisor.HelperSessionTests.test_progress_plan046_inventory) ... ERROR
test_progress_plan046_launch_deadline (test_vipe_benchmark_supervisor.HelperSessionTests.test_progress_plan046_launch_deadline) ... ERROR
test_progress_plan046_ownership (test_vipe_benchmark_supervisor.HelperSessionTests.test_progress_plan046_ownership) ... ok
test_progress_plan046_protocol (test_vipe_benchmark_supervisor.HelperSessionTests.test_progress_plan046_protocol) ... ERROR
test_progress_plan046_publication_faults (test_vipe_benchmark_supervisor.HelperSessionTests.test_progress_plan046_publication_faults) ... ERROR
test_progress_plan046_summary (test_vipe_benchmark_supervisor.HelperSessionTests.test_progress_plan046_summary) ... ok
test_progress_plan046_worker_authority (test_vipe_benchmark_supervisor.HelperSessionTests.test_progress_plan046_worker_authority) ... ERROR
test_progress_plan047_alias_inventory (test_vipe_benchmark_supervisor.HelperSessionTests.test_progress_plan047_alias_inventory) ... ERROR
test_progress_plan047_cancellation (test_vipe_benchmark_supervisor.HelperSessionTests.test_progress_plan047_cancellation) ... ERROR
test_progress_plan047_complete_final_sample (test_vipe_benchmark_supervisor.HelperSessionTests.test_progress_plan047_complete_final_sample) ... ERROR
test_progress_plan047_deadline_steps (test_vipe_benchmark_supervisor.HelperSessionTests.test_progress_plan047_deadline_steps) ... ERROR
test_progress_plan047_limits (test_vipe_benchmark_supervisor.HelperSessionTests.test_progress_plan047_limits) ... ERROR
test_progress_plan047_nested (test_vipe_benchmark_supervisor.HelperSessionTests.test_progress_plan047_nested) ... ERROR
test_progress_plan047_ownership (test_vipe_benchmark_supervisor.HelperSessionTests.test_progress_plan047_ownership) ... ok
test_progress_plan047_publication_faults (test_vipe_benchmark_supervisor.HelperSessionTests.test_progress_plan047_publication_faults) ... ERROR
test_progress_plan047_recovery (test_vipe_benchmark_supervisor.HelperSessionTests.test_progress_plan047_recovery) ... ERROR
test_progress_plan047_result_summary (test_vipe_benchmark_supervisor.HelperSessionTests.test_progress_plan047_result_summary) ... ERROR
test_progress_plan047_state_authority (test_vipe_benchmark_supervisor.HelperSessionTests.test_progress_plan047_state_authority) ... ERROR
test_progress_strict_primitives (test_vipe_benchmark_supervisor.HelperSessionTests.test_progress_strict_primitives) ... ok
test_resource_field_mutations (test_vipe_benchmark_supervisor.HelperSessionTests.test_resource_field_mutations) ... ok
test_sample_typed_timing_mutations (test_vipe_benchmark_supervisor.HelperSessionTests.test_sample_typed_timing_mutations) ... ok

======================================================================
ERROR: test_progress_closed_inventory_and_faults (test_vipe_benchmark_supervisor.HelperSessionTests.test_progress_closed_inventory_and_faults)
----------------------------------------------------------------------
Traceback (most recent call last):
  File "/home/auss/git_repos/samaust/Experiments_4DGS/tests/test_vipe_benchmark_supervisor.py", line 1768, in test_progress_closed_inventory_and_faults
    root=Path(temp);fixture=progress_fixture(root/'fixture');output=root/'output';output.mkdir()
                            ~~~~~~~~~~~~~~~~^^^^^^^^^^^^^^^^
  File "/home/auss/git_repos/samaust/Experiments_4DGS/tests/test_vipe_benchmark_s1_helper_fixtures.py", line 171, in progress_fixture
    row,_=synthetic_row(root/'numeric',request)
          ~~~~~~~~~~~~~^^^^^^^^^^^^^^^^^^^^^^^^
  File "/home/auss/git_repos/samaust/Experiments_4DGS/tests/test_vipe_benchmark_s1_recovery.py", line 102, in synthetic_row
    diagnostics=numeric_file(root/'diagnostics.npz',arrays), native_group_wall_seconds=.125, group_size=1)
                ~~~~~~~~~~~~^^^^^^^^^^^^^^^^^^^^^^^^^^^^^^^
  File "/home/auss/git_repos/samaust/Experiments_4DGS/scripts/vipe_benchmark/s1_progress.py", line 214, in run
    if effective is None:return function(*args, **kwargs)
                                ~~~~~~~~^^^^^^^^^^^^^^^^^
  File "/home/auss/git_repos/samaust/Experiments_4DGS/scripts/vipe_benchmark/s1_evidence.py", line 25, in numeric_file
    operation(np.savez_compressed, DeadlineSink(stream), **arrays)
    ~~~~~~~~~^^^^^^^^^^^^^^^^^^^^^^^^^^^^^^^^^^^^^^^^^^^^^^^^^^^^^
  File "/home/auss/git_repos/samaust/Experiments_4DGS/scripts/vipe_benchmark/s1_progress.py", line 200, in operation
    value = function(*args, **kwargs)
  File "/home/auss/git_repos/samaust/Experiments_4DGS/.local/envs/stg-colmap/lib/python3.14/site-packages/numpy/lib/_npyio_impl.py", line 753, in savez_compressed
    _savez(file, args, kwds, True, allow_pickle=allow_pickle)
    ~~~~~~^^^^^^^^^^^^^^^^^^^^^^^^^^^^^^^^^^^^^^^^^^^^^^^^^^^
  File "/home/auss/git_repos/samaust/Experiments_4DGS/.local/envs/stg-colmap/lib/python3.14/site-packages/numpy/lib/_npyio_impl.py", line 779, in _savez
    zipf = zipfile_factory(file, mode="w", compression=compression)
  File "/home/auss/git_repos/samaust/Experiments_4DGS/.local/envs/stg-colmap/lib/python3.14/site-packages/numpy/lib/_npyio_impl.py", line 109, in zipfile_factory
    file = os.fspath(file)
TypeError: expected str, bytes or os.PathLike object, not DeadlineSink

======================================================================
ERROR: test_progress_metadata_mutations (test_vipe_benchmark_supervisor.HelperSessionTests.test_progress_metadata_mutations)
----------------------------------------------------------------------
Traceback (most recent call last):
  File "/home/auss/git_repos/samaust/Experiments_4DGS/tests/test_vipe_benchmark_supervisor.py", line 1718, in test_progress_metadata_mutations
    root=Path(temp);fixture=progress_fixture(root);(root/'jobs').mkdir()
                            ~~~~~~~~~~~~~~~~^^^^^^
  File "/home/auss/git_repos/samaust/Experiments_4DGS/tests/test_vipe_benchmark_s1_helper_fixtures.py", line 171, in progress_fixture
    row,_=synthetic_row(root/'numeric',request)
          ~~~~~~~~~~~~~^^^^^^^^^^^^^^^^^^^^^^^^
  File "/home/auss/git_repos/samaust/Experiments_4DGS/tests/test_vipe_benchmark_s1_recovery.py", line 102, in synthetic_row
    diagnostics=numeric_file(root/'diagnostics.npz',arrays), native_group_wall_seconds=.125, group_size=1)
                ~~~~~~~~~~~~^^^^^^^^^^^^^^^^^^^^^^^^^^^^^^^
  File "/home/auss/git_repos/samaust/Experiments_4DGS/scripts/vipe_benchmark/s1_progress.py", line 214, in run
    if effective is None:return function(*args, **kwargs)
                                ~~~~~~~~^^^^^^^^^^^^^^^^^
  File "/home/auss/git_repos/samaust/Experiments_4DGS/scripts/vipe_benchmark/s1_evidence.py", line 25, in numeric_file
    operation(np.savez_compressed, DeadlineSink(stream), **arrays)
    ~~~~~~~~~^^^^^^^^^^^^^^^^^^^^^^^^^^^^^^^^^^^^^^^^^^^^^^^^^^^^^
  File "/home/auss/git_repos/samaust/Experiments_4DGS/scripts/vipe_benchmark/s1_progress.py", line 200, in operation
    value = function(*args, **kwargs)
  File "/home/auss/git_repos/samaust/Experiments_4DGS/.local/envs/stg-colmap/lib/python3.14/site-packages/numpy/lib/_npyio_impl.py", line 753, in savez_compressed
    _savez(file, args, kwds, True, allow_pickle=allow_pickle)
    ~~~~~~^^^^^^^^^^^^^^^^^^^^^^^^^^^^^^^^^^^^^^^^^^^^^^^^^^^
  File "/home/auss/git_repos/samaust/Experiments_4DGS/.local/envs/stg-colmap/lib/python3.14/site-packages/numpy/lib/_npyio_impl.py", line 779, in _savez
    zipf = zipfile_factory(file, mode="w", compression=compression)
  File "/home/auss/git_repos/samaust/Experiments_4DGS/.local/envs/stg-colmap/lib/python3.14/site-packages/numpy/lib/_npyio_impl.py", line 109, in zipfile_factory
    file = os.fspath(file)
TypeError: expected str, bytes or os.PathLike object, not DeadlineSink

======================================================================
ERROR: test_progress_p01_worker_deadline (test_vipe_benchmark_supervisor.HelperSessionTests.test_progress_p01_worker_deadline)
----------------------------------------------------------------------
Traceback (most recent call last):
  File "/home/auss/git_repos/samaust/Experiments_4DGS/tests/test_vipe_benchmark_supervisor.py", line 1682, in test_progress_p01_worker_deadline
    def test_progress_p01_worker_deadline(self):self.progress_scenario('P01','progress_worker',supervised=True)
                                                ~~~~~~~~~~~~~~~~~~~~~~^^^^^^^^^^^^^^^^^^^^^^^^^^^^^^^^^^^^^^^^^
  File "/home/auss/git_repos/samaust/Experiments_4DGS/tests/test_vipe_benchmark_supervisor.py", line 1577, in progress_scenario
    root=Path(temp);fixture=progress_fixture(root/'fixture',states=label=='P04')
                            ~~~~~~~~~~~~~~~~^^^^^^^^^^^^^^^^^^^^^^^^^^^^^^^^^^^^
  File "/home/auss/git_repos/samaust/Experiments_4DGS/tests/test_vipe_benchmark_s1_helper_fixtures.py", line 171, in progress_fixture
    row,_=synthetic_row(root/'numeric',request)
          ~~~~~~~~~~~~~^^^^^^^^^^^^^^^^^^^^^^^^
  File "/home/auss/git_repos/samaust/Experiments_4DGS/tests/test_vipe_benchmark_s1_recovery.py", line 102, in synthetic_row
    diagnostics=numeric_file(root/'diagnostics.npz',arrays), native_group_wall_seconds=.125, group_size=1)
                ~~~~~~~~~~~~^^^^^^^^^^^^^^^^^^^^^^^^^^^^^^^
  File "/home/auss/git_repos/samaust/Experiments_4DGS/scripts/vipe_benchmark/s1_progress.py", line 214, in run
    if effective is None:return function(*args, **kwargs)
                                ~~~~~~~~^^^^^^^^^^^^^^^^^
  File "/home/auss/git_repos/samaust/Experiments_4DGS/scripts/vipe_benchmark/s1_evidence.py", line 25, in numeric_file
    operation(np.savez_compressed, DeadlineSink(stream), **arrays)
    ~~~~~~~~~^^^^^^^^^^^^^^^^^^^^^^^^^^^^^^^^^^^^^^^^^^^^^^^^^^^^^
  File "/home/auss/git_repos/samaust/Experiments_4DGS/scripts/vipe_benchmark/s1_progress.py", line 200, in operation
    value = function(*args, **kwargs)
  File "/home/auss/git_repos/samaust/Experiments_4DGS/.local/envs/stg-colmap/lib/python3.14/site-packages/numpy/lib/_npyio_impl.py", line 753, in savez_compressed
    _savez(file, args, kwds, True, allow_pickle=allow_pickle)
    ~~~~~~^^^^^^^^^^^^^^^^^^^^^^^^^^^^^^^^^^^^^^^^^^^^^^^^^^^
  File "/home/auss/git_repos/samaust/Experiments_4DGS/.local/envs/stg-colmap/lib/python3.14/site-packages/numpy/lib/_npyio_impl.py", line 779, in _savez
    zipf = zipfile_factory(file, mode="w", compression=compression)
  File "/home/auss/git_repos/samaust/Experiments_4DGS/.local/envs/stg-colmap/lib/python3.14/site-packages/numpy/lib/_npyio_impl.py", line 109, in zipfile_factory
    file = os.fspath(file)
TypeError: expected str, bytes or os.PathLike object, not DeadlineSink

======================================================================
ERROR: test_progress_p02_reconcile_interruption (test_vipe_benchmark_supervisor.HelperSessionTests.test_progress_p02_reconcile_interruption)
----------------------------------------------------------------------
Traceback (most recent call last):
  File "/home/auss/git_repos/samaust/Experiments_4DGS/tests/test_vipe_benchmark_supervisor.py", line 1683, in test_progress_p02_reconcile_interruption
    def test_progress_p02_reconcile_interruption(self):self.progress_scenario('P02','progress_block')
                                                       ~~~~~~~~~~~~~~~~~~~~~~^^^^^^^^^^^^^^^^^^^^^^^^
  File "/home/auss/git_repos/samaust/Experiments_4DGS/tests/test_vipe_benchmark_supervisor.py", line 1577, in progress_scenario
    root=Path(temp);fixture=progress_fixture(root/'fixture',states=label=='P04')
                            ~~~~~~~~~~~~~~~~^^^^^^^^^^^^^^^^^^^^^^^^^^^^^^^^^^^^
  File "/home/auss/git_repos/samaust/Experiments_4DGS/tests/test_vipe_benchmark_s1_helper_fixtures.py", line 171, in progress_fixture
    row,_=synthetic_row(root/'numeric',request)
          ~~~~~~~~~~~~~^^^^^^^^^^^^^^^^^^^^^^^^
  File "/home/auss/git_repos/samaust/Experiments_4DGS/tests/test_vipe_benchmark_s1_recovery.py", line 102, in synthetic_row
    diagnostics=numeric_file(root/'diagnostics.npz',arrays), native_group_wall_seconds=.125, group_size=1)
                ~~~~~~~~~~~~^^^^^^^^^^^^^^^^^^^^^^^^^^^^^^^
  File "/home/auss/git_repos/samaust/Experiments_4DGS/scripts/vipe_benchmark/s1_progress.py", line 214, in run
    if effective is None:return function(*args, **kwargs)
                                ~~~~~~~~^^^^^^^^^^^^^^^^^
  File "/home/auss/git_repos/samaust/Experiments_4DGS/scripts/vipe_benchmark/s1_evidence.py", line 25, in numeric_file
    operation(np.savez_compressed, DeadlineSink(stream), **arrays)
    ~~~~~~~~~^^^^^^^^^^^^^^^^^^^^^^^^^^^^^^^^^^^^^^^^^^^^^^^^^^^^^
  File "/home/auss/git_repos/samaust/Experiments_4DGS/scripts/vipe_benchmark/s1_progress.py", line 200, in operation
    value = function(*args, **kwargs)
  File "/home/auss/git_repos/samaust/Experiments_4DGS/.local/envs/stg-colmap/lib/python3.14/site-packages/numpy/lib/_npyio_impl.py", line 753, in savez_compressed
    _savez(file, args, kwds, True, allow_pickle=allow_pickle)
    ~~~~~~^^^^^^^^^^^^^^^^^^^^^^^^^^^^^^^^^^^^^^^^^^^^^^^^^^^
  File "/home/auss/git_repos/samaust/Experiments_4DGS/.local/envs/stg-colmap/lib/python3.14/site-packages/numpy/lib/_npyio_impl.py", line 779, in _savez
    zipf = zipfile_factory(file, mode="w", compression=compression)
  File "/home/auss/git_repos/samaust/Experiments_4DGS/.local/envs/stg-colmap/lib/python3.14/site-packages/numpy/lib/_npyio_impl.py", line 109, in zipfile_factory
    file = os.fspath(file)
TypeError: expected str, bytes or os.PathLike object, not DeadlineSink

======================================================================
ERROR: test_progress_p03_helper_death (test_vipe_benchmark_supervisor.HelperSessionTests.test_progress_p03_helper_death)
----------------------------------------------------------------------
Traceback (most recent call last):
  File "/home/auss/git_repos/samaust/Experiments_4DGS/tests/test_vipe_benchmark_supervisor.py", line 1684, in test_progress_p03_helper_death
    def test_progress_p03_helper_death(self):self.progress_scenario('P03','progress_death')
                                             ~~~~~~~~~~~~~~~~~~~~~~^^^^^^^^^^^^^^^^^^^^^^^^
  File "/home/auss/git_repos/samaust/Experiments_4DGS/tests/test_vipe_benchmark_supervisor.py", line 1577, in progress_scenario
    root=Path(temp);fixture=progress_fixture(root/'fixture',states=label=='P04')
                            ~~~~~~~~~~~~~~~~^^^^^^^^^^^^^^^^^^^^^^^^^^^^^^^^^^^^
  File "/home/auss/git_repos/samaust/Experiments_4DGS/tests/test_vipe_benchmark_s1_helper_fixtures.py", line 171, in progress_fixture
    row,_=synthetic_row(root/'numeric',request)
          ~~~~~~~~~~~~~^^^^^^^^^^^^^^^^^^^^^^^^
  File "/home/auss/git_repos/samaust/Experiments_4DGS/tests/test_vipe_benchmark_s1_recovery.py", line 102, in synthetic_row
    diagnostics=numeric_file(root/'diagnostics.npz',arrays), native_group_wall_seconds=.125, group_size=1)
                ~~~~~~~~~~~~^^^^^^^^^^^^^^^^^^^^^^^^^^^^^^^
  File "/home/auss/git_repos/samaust/Experiments_4DGS/scripts/vipe_benchmark/s1_progress.py", line 214, in run
    if effective is None:return function(*args, **kwargs)
                                ~~~~~~~~^^^^^^^^^^^^^^^^^
  File "/home/auss/git_repos/samaust/Experiments_4DGS/scripts/vipe_benchmark/s1_evidence.py", line 25, in numeric_file
    operation(np.savez_compressed, DeadlineSink(stream), **arrays)
    ~~~~~~~~~^^^^^^^^^^^^^^^^^^^^^^^^^^^^^^^^^^^^^^^^^^^^^^^^^^^^^
  File "/home/auss/git_repos/samaust/Experiments_4DGS/scripts/vipe_benchmark/s1_progress.py", line 200, in operation
    value = function(*args, **kwargs)
  File "/home/auss/git_repos/samaust/Experiments_4DGS/.local/envs/stg-colmap/lib/python3.14/site-packages/numpy/lib/_npyio_impl.py", line 753, in savez_compressed
    _savez(file, args, kwds, True, allow_pickle=allow_pickle)
    ~~~~~~^^^^^^^^^^^^^^^^^^^^^^^^^^^^^^^^^^^^^^^^^^^^^^^^^^^
  File "/home/auss/git_repos/samaust/Experiments_4DGS/.local/envs/stg-colmap/lib/python3.14/site-packages/numpy/lib/_npyio_impl.py", line 779, in _savez
    zipf = zipfile_factory(file, mode="w", compression=compression)
  File "/home/auss/git_repos/samaust/Experiments_4DGS/.local/envs/stg-colmap/lib/python3.14/site-packages/numpy/lib/_npyio_impl.py", line 109, in zipfile_factory
    file = os.fspath(file)
TypeError: expected str, bytes or os.PathLike object, not DeadlineSink

======================================================================
ERROR: test_progress_p04_failed_final_sample (test_vipe_benchmark_supervisor.HelperSessionTests.test_progress_p04_failed_final_sample)
----------------------------------------------------------------------
Traceback (most recent call last):
  File "/home/auss/git_repos/samaust/Experiments_4DGS/tests/test_vipe_benchmark_supervisor.py", line 1685, in test_progress_p04_failed_final_sample
    def test_progress_p04_failed_final_sample(self):self.progress_scenario('P04','progress_final',supervised=True)
                                                    ~~~~~~~~~~~~~~~~~~~~~~^^^^^^^^^^^^^^^^^^^^^^^^^^^^^^^^^^^^^^^^
  File "/home/auss/git_repos/samaust/Experiments_4DGS/tests/test_vipe_benchmark_supervisor.py", line 1577, in progress_scenario
    root=Path(temp);fixture=progress_fixture(root/'fixture',states=label=='P04')
                            ~~~~~~~~~~~~~~~~^^^^^^^^^^^^^^^^^^^^^^^^^^^^^^^^^^^^
  File "/home/auss/git_repos/samaust/Experiments_4DGS/tests/test_vipe_benchmark_s1_helper_fixtures.py", line 171, in progress_fixture
    row,_=synthetic_row(root/'numeric',request)
          ~~~~~~~~~~~~~^^^^^^^^^^^^^^^^^^^^^^^^
  File "/home/auss/git_repos/samaust/Experiments_4DGS/tests/test_vipe_benchmark_s1_recovery.py", line 102, in synthetic_row
    diagnostics=numeric_file(root/'diagnostics.npz',arrays), native_group_wall_seconds=.125, group_size=1)
                ~~~~~~~~~~~~^^^^^^^^^^^^^^^^^^^^^^^^^^^^^^^
  File "/home/auss/git_repos/samaust/Experiments_4DGS/scripts/vipe_benchmark/s1_progress.py", line 214, in run
    if effective is None:return function(*args, **kwargs)
                                ~~~~~~~~^^^^^^^^^^^^^^^^^
  File "/home/auss/git_repos/samaust/Experiments_4DGS/scripts/vipe_benchmark/s1_evidence.py", line 25, in numeric_file
    operation(np.savez_compressed, DeadlineSink(stream), **arrays)
    ~~~~~~~~~^^^^^^^^^^^^^^^^^^^^^^^^^^^^^^^^^^^^^^^^^^^^^^^^^^^^^
  File "/home/auss/git_repos/samaust/Experiments_4DGS/scripts/vipe_benchmark/s1_progress.py", line 200, in operation
    value = function(*args, **kwargs)
  File "/home/auss/git_repos/samaust/Experiments_4DGS/.local/envs/stg-colmap/lib/python3.14/site-packages/numpy/lib/_npyio_impl.py", line 753, in savez_compressed
    _savez(file, args, kwds, True, allow_pickle=allow_pickle)
    ~~~~~~^^^^^^^^^^^^^^^^^^^^^^^^^^^^^^^^^^^^^^^^^^^^^^^^^^^
  File "/home/auss/git_repos/samaust/Experiments_4DGS/.local/envs/stg-colmap/lib/python3.14/site-packages/numpy/lib/_npyio_impl.py", line 779, in _savez
    zipf = zipfile_factory(file, mode="w", compression=compression)
  File "/home/auss/git_repos/samaust/Experiments_4DGS/.local/envs/stg-colmap/lib/python3.14/site-packages/numpy/lib/_npyio_impl.py", line 109, in zipfile_factory
    file = os.fspath(file)
TypeError: expected str, bytes or os.PathLike object, not DeadlineSink

======================================================================
ERROR: test_progress_p05_interrupted_publisher (test_vipe_benchmark_supervisor.HelperSessionTests.test_progress_p05_interrupted_publisher)
----------------------------------------------------------------------
Traceback (most recent call last):
  File "/home/auss/git_repos/samaust/Experiments_4DGS/tests/test_vipe_benchmark_supervisor.py", line 1686, in test_progress_p05_interrupted_publisher
    def test_progress_p05_interrupted_publisher(self):self.progress_scenario('P05','progress_torn')
                                                      ~~~~~~~~~~~~~~~~~~~~~~^^^^^^^^^^^^^^^^^^^^^^^
  File "/home/auss/git_repos/samaust/Experiments_4DGS/tests/test_vipe_benchmark_supervisor.py", line 1577, in progress_scenario
    root=Path(temp);fixture=progress_fixture(root/'fixture',states=label=='P04')
                            ~~~~~~~~~~~~~~~~^^^^^^^^^^^^^^^^^^^^^^^^^^^^^^^^^^^^
  File "/home/auss/git_repos/samaust/Experiments_4DGS/tests/test_vipe_benchmark_s1_helper_fixtures.py", line 171, in progress_fixture
    row,_=synthetic_row(root/'numeric',request)
          ~~~~~~~~~~~~~^^^^^^^^^^^^^^^^^^^^^^^^
  File "/home/auss/git_repos/samaust/Experiments_4DGS/tests/test_vipe_benchmark_s1_recovery.py", line 102, in synthetic_row
    diagnostics=numeric_file(root/'diagnostics.npz',arrays), native_group_wall_seconds=.125, group_size=1)
                ~~~~~~~~~~~~^^^^^^^^^^^^^^^^^^^^^^^^^^^^^^^
  File "/home/auss/git_repos/samaust/Experiments_4DGS/scripts/vipe_benchmark/s1_progress.py", line 214, in run
    if effective is None:return function(*args, **kwargs)
                                ~~~~~~~~^^^^^^^^^^^^^^^^^
  File "/home/auss/git_repos/samaust/Experiments_4DGS/scripts/vipe_benchmark/s1_evidence.py", line 25, in numeric_file
    operation(np.savez_compressed, DeadlineSink(stream), **arrays)
    ~~~~~~~~~^^^^^^^^^^^^^^^^^^^^^^^^^^^^^^^^^^^^^^^^^^^^^^^^^^^^^
  File "/home/auss/git_repos/samaust/Experiments_4DGS/scripts/vipe_benchmark/s1_progress.py", line 200, in operation
    value = function(*args, **kwargs)
  File "/home/auss/git_repos/samaust/Experiments_4DGS/.local/envs/stg-colmap/lib/python3.14/site-packages/numpy/lib/_npyio_impl.py", line 753, in savez_compressed
    _savez(file, args, kwds, True, allow_pickle=allow_pickle)
    ~~~~~~^^^^^^^^^^^^^^^^^^^^^^^^^^^^^^^^^^^^^^^^^^^^^^^^^^^
  File "/home/auss/git_repos/samaust/Experiments_4DGS/.local/envs/stg-colmap/lib/python3.14/site-packages/numpy/lib/_npyio_impl.py", line 779, in _savez
    zipf = zipfile_factory(file, mode="w", compression=compression)
  File "/home/auss/git_repos/samaust/Experiments_4DGS/.local/envs/stg-colmap/lib/python3.14/site-packages/numpy/lib/_npyio_impl.py", line 109, in zipfile_factory
    file = os.fspath(file)
TypeError: expected str, bytes or os.PathLike object, not DeadlineSink

======================================================================
ERROR: test_progress_p06_blocked_owner (test_vipe_benchmark_supervisor.HelperSessionTests.test_progress_p06_blocked_owner)
----------------------------------------------------------------------
Traceback (most recent call last):
  File "/home/auss/git_repos/samaust/Experiments_4DGS/tests/test_vipe_benchmark_supervisor.py", line 1687, in test_progress_p06_blocked_owner
    def test_progress_p06_blocked_owner(self):self.progress_scenario('P06','progress_normal')
                                              ~~~~~~~~~~~~~~~~~~~~~~^^^^^^^^^^^^^^^^^^^^^^^^^
  File "/home/auss/git_repos/samaust/Experiments_4DGS/tests/test_vipe_benchmark_supervisor.py", line 1577, in progress_scenario
    root=Path(temp);fixture=progress_fixture(root/'fixture',states=label=='P04')
                            ~~~~~~~~~~~~~~~~^^^^^^^^^^^^^^^^^^^^^^^^^^^^^^^^^^^^
  File "/home/auss/git_repos/samaust/Experiments_4DGS/tests/test_vipe_benchmark_s1_helper_fixtures.py", line 171, in progress_fixture
    row,_=synthetic_row(root/'numeric',request)
          ~~~~~~~~~~~~~^^^^^^^^^^^^^^^^^^^^^^^^
  File "/home/auss/git_repos/samaust/Experiments_4DGS/tests/test_vipe_benchmark_s1_recovery.py", line 102, in synthetic_row
    diagnostics=numeric_file(root/'diagnostics.npz',arrays), native_group_wall_seconds=.125, group_size=1)
                ~~~~~~~~~~~~^^^^^^^^^^^^^^^^^^^^^^^^^^^^^^^
  File "/home/auss/git_repos/samaust/Experiments_4DGS/scripts/vipe_benchmark/s1_progress.py", line 214, in run
    if effective is None:return function(*args, **kwargs)
                                ~~~~~~~~^^^^^^^^^^^^^^^^^
  File "/home/auss/git_repos/samaust/Experiments_4DGS/scripts/vipe_benchmark/s1_evidence.py", line 25, in numeric_file
    operation(np.savez_compressed, DeadlineSink(stream), **arrays)
    ~~~~~~~~~^^^^^^^^^^^^^^^^^^^^^^^^^^^^^^^^^^^^^^^^^^^^^^^^^^^^^
  File "/home/auss/git_repos/samaust/Experiments_4DGS/scripts/vipe_benchmark/s1_progress.py", line 200, in operation
    value = function(*args, **kwargs)
  File "/home/auss/git_repos/samaust/Experiments_4DGS/.local/envs/stg-colmap/lib/python3.14/site-packages/numpy/lib/_npyio_impl.py", line 753, in savez_compressed
    _savez(file, args, kwds, True, allow_pickle=allow_pickle)
    ~~~~~~^^^^^^^^^^^^^^^^^^^^^^^^^^^^^^^^^^^^^^^^^^^^^^^^^^^
  File "/home/auss/git_repos/samaust/Experiments_4DGS/.local/envs/stg-colmap/lib/python3.14/site-packages/numpy/lib/_npyio_impl.py", line 779, in _savez
    zipf = zipfile_factory(file, mode="w", compression=compression)
  File "/home/auss/git_repos/samaust/Experiments_4DGS/.local/envs/stg-colmap/lib/python3.14/site-packages/numpy/lib/_npyio_impl.py", line 109, in zipfile_factory
    file = os.fspath(file)
TypeError: expected str, bytes or os.PathLike object, not DeadlineSink

======================================================================
ERROR: test_progress_plan046_inventory (test_vipe_benchmark_supervisor.HelperSessionTests.test_progress_plan046_inventory)
----------------------------------------------------------------------
Traceback (most recent call last):
  File "/home/auss/git_repos/samaust/Experiments_4DGS/tests/test_vipe_benchmark_supervisor.py", line 1976, in test_progress_plan046_inventory
    root=Path(temp);fixture=progress_fixture(root/'fixture')
                            ~~~~~~~~~~~~~~~~^^^^^^^^^^^^^^^^
  File "/home/auss/git_repos/samaust/Experiments_4DGS/tests/test_vipe_benchmark_s1_helper_fixtures.py", line 171, in progress_fixture
    row,_=synthetic_row(root/'numeric',request)
          ~~~~~~~~~~~~~^^^^^^^^^^^^^^^^^^^^^^^^
  File "/home/auss/git_repos/samaust/Experiments_4DGS/tests/test_vipe_benchmark_s1_recovery.py", line 102, in synthetic_row
    diagnostics=numeric_file(root/'diagnostics.npz',arrays), native_group_wall_seconds=.125, group_size=1)
                ~~~~~~~~~~~~^^^^^^^^^^^^^^^^^^^^^^^^^^^^^^^
  File "/home/auss/git_repos/samaust/Experiments_4DGS/scripts/vipe_benchmark/s1_progress.py", line 214, in run
    if effective is None:return function(*args, **kwargs)
                                ~~~~~~~~^^^^^^^^^^^^^^^^^
  File "/home/auss/git_repos/samaust/Experiments_4DGS/scripts/vipe_benchmark/s1_evidence.py", line 25, in numeric_file
    operation(np.savez_compressed, DeadlineSink(stream), **arrays)
    ~~~~~~~~~^^^^^^^^^^^^^^^^^^^^^^^^^^^^^^^^^^^^^^^^^^^^^^^^^^^^^
  File "/home/auss/git_repos/samaust/Experiments_4DGS/scripts/vipe_benchmark/s1_progress.py", line 200, in operation
    value = function(*args, **kwargs)
  File "/home/auss/git_repos/samaust/Experiments_4DGS/.local/envs/stg-colmap/lib/python3.14/site-packages/numpy/lib/_npyio_impl.py", line 753, in savez_compressed
    _savez(file, args, kwds, True, allow_pickle=allow_pickle)
    ~~~~~~^^^^^^^^^^^^^^^^^^^^^^^^^^^^^^^^^^^^^^^^^^^^^^^^^^^
  File "/home/auss/git_repos/samaust/Experiments_4DGS/.local/envs/stg-colmap/lib/python3.14/site-packages/numpy/lib/_npyio_impl.py", line 779, in _savez
    zipf = zipfile_factory(file, mode="w", compression=compression)
  File "/home/auss/git_repos/samaust/Experiments_4DGS/.local/envs/stg-colmap/lib/python3.14/site-packages/numpy/lib/_npyio_impl.py", line 109, in zipfile_factory
    file = os.fspath(file)
TypeError: expected str, bytes or os.PathLike object, not DeadlineSink

======================================================================
ERROR: test_progress_plan046_launch_deadline (test_vipe_benchmark_supervisor.HelperSessionTests.test_progress_plan046_launch_deadline)
----------------------------------------------------------------------
Traceback (most recent call last):
  File "/home/auss/git_repos/samaust/Experiments_4DGS/tests/test_vipe_benchmark_supervisor.py", line 1867, in test_progress_plan046_launch_deadline
    fixture=progress_fixture(Path(temp)/'fixture')
  File "/home/auss/git_repos/samaust/Experiments_4DGS/tests/test_vipe_benchmark_s1_helper_fixtures.py", line 171, in progress_fixture
    row,_=synthetic_row(root/'numeric',request)
          ~~~~~~~~~~~~~^^^^^^^^^^^^^^^^^^^^^^^^
  File "/home/auss/git_repos/samaust/Experiments_4DGS/tests/test_vipe_benchmark_s1_recovery.py", line 102, in synthetic_row
    diagnostics=numeric_file(root/'diagnostics.npz',arrays), native_group_wall_seconds=.125, group_size=1)
                ~~~~~~~~~~~~^^^^^^^^^^^^^^^^^^^^^^^^^^^^^^^
  File "/home/auss/git_repos/samaust/Experiments_4DGS/scripts/vipe_benchmark/s1_progress.py", line 214, in run
    if effective is None:return function(*args, **kwargs)
                                ~~~~~~~~^^^^^^^^^^^^^^^^^
  File "/home/auss/git_repos/samaust/Experiments_4DGS/scripts/vipe_benchmark/s1_evidence.py", line 25, in numeric_file
    operation(np.savez_compressed, DeadlineSink(stream), **arrays)
    ~~~~~~~~~^^^^^^^^^^^^^^^^^^^^^^^^^^^^^^^^^^^^^^^^^^^^^^^^^^^^^
  File "/home/auss/git_repos/samaust/Experiments_4DGS/scripts/vipe_benchmark/s1_progress.py", line 200, in operation
    value = function(*args, **kwargs)
  File "/home/auss/git_repos/samaust/Experiments_4DGS/.local/envs/stg-colmap/lib/python3.14/site-packages/numpy/lib/_npyio_impl.py", line 753, in savez_compressed
    _savez(file, args, kwds, True, allow_pickle=allow_pickle)
    ~~~~~~^^^^^^^^^^^^^^^^^^^^^^^^^^^^^^^^^^^^^^^^^^^^^^^^^^^
  File "/home/auss/git_repos/samaust/Experiments_4DGS/.local/envs/stg-colmap/lib/python3.14/site-packages/numpy/lib/_npyio_impl.py", line 779, in _savez
    zipf = zipfile_factory(file, mode="w", compression=compression)
  File "/home/auss/git_repos/samaust/Experiments_4DGS/.local/envs/stg-colmap/lib/python3.14/site-packages/numpy/lib/_npyio_impl.py", line 109, in zipfile_factory
    file = os.fspath(file)
TypeError: expected str, bytes or os.PathLike object, not DeadlineSink

======================================================================
ERROR: test_progress_plan046_protocol (test_vipe_benchmark_supervisor.HelperSessionTests.test_progress_plan046_protocol)
----------------------------------------------------------------------
Traceback (most recent call last):
  File "/home/auss/git_repos/samaust/Experiments_4DGS/tests/test_vipe_benchmark_supervisor.py", line 1936, in test_progress_plan046_protocol
    root=Path(temp);fixture=progress_fixture(root);(root/'jobs').mkdir()
                            ~~~~~~~~~~~~~~~~^^^^^^
  File "/home/auss/git_repos/samaust/Experiments_4DGS/tests/test_vipe_benchmark_s1_helper_fixtures.py", line 171, in progress_fixture
    row,_=synthetic_row(root/'numeric',request)
          ~~~~~~~~~~~~~^^^^^^^^^^^^^^^^^^^^^^^^
  File "/home/auss/git_repos/samaust/Experiments_4DGS/tests/test_vipe_benchmark_s1_recovery.py", line 102, in synthetic_row
    diagnostics=numeric_file(root/'diagnostics.npz',arrays), native_group_wall_seconds=.125, group_size=1)
                ~~~~~~~~~~~~^^^^^^^^^^^^^^^^^^^^^^^^^^^^^^^
  File "/home/auss/git_repos/samaust/Experiments_4DGS/scripts/vipe_benchmark/s1_progress.py", line 214, in run
    if effective is None:return function(*args, **kwargs)
                                ~~~~~~~~^^^^^^^^^^^^^^^^^
  File "/home/auss/git_repos/samaust/Experiments_4DGS/scripts/vipe_benchmark/s1_evidence.py", line 25, in numeric_file
    operation(np.savez_compressed, DeadlineSink(stream), **arrays)
    ~~~~~~~~~^^^^^^^^^^^^^^^^^^^^^^^^^^^^^^^^^^^^^^^^^^^^^^^^^^^^^
  File "/home/auss/git_repos/samaust/Experiments_4DGS/scripts/vipe_benchmark/s1_progress.py", line 200, in operation
    value = function(*args, **kwargs)
  File "/home/auss/git_repos/samaust/Experiments_4DGS/.local/envs/stg-colmap/lib/python3.14/site-packages/numpy/lib/_npyio_impl.py", line 753, in savez_compressed
    _savez(file, args, kwds, True, allow_pickle=allow_pickle)
    ~~~~~~^^^^^^^^^^^^^^^^^^^^^^^^^^^^^^^^^^^^^^^^^^^^^^^^^^^
  File "/home/auss/git_repos/samaust/Experiments_4DGS/.local/envs/stg-colmap/lib/python3.14/site-packages/numpy/lib/_npyio_impl.py", line 779, in _savez
    zipf = zipfile_factory(file, mode="w", compression=compression)
  File "/home/auss/git_repos/samaust/Experiments_4DGS/.local/envs/stg-colmap/lib/python3.14/site-packages/numpy/lib/_npyio_impl.py", line 109, in zipfile_factory
    file = os.fspath(file)
TypeError: expected str, bytes or os.PathLike object, not DeadlineSink

======================================================================
ERROR: test_progress_plan046_publication_faults (test_vipe_benchmark_supervisor.HelperSessionTests.test_progress_plan046_publication_faults)
----------------------------------------------------------------------
Traceback (most recent call last):
  File "/home/auss/git_repos/samaust/Experiments_4DGS/tests/test_vipe_benchmark_supervisor.py", line 2023, in test_progress_plan046_publication_faults
    fixture=progress_fixture(Path(temp)/'fixture')
  File "/home/auss/git_repos/samaust/Experiments_4DGS/tests/test_vipe_benchmark_s1_helper_fixtures.py", line 171, in progress_fixture
    row,_=synthetic_row(root/'numeric',request)
          ~~~~~~~~~~~~~^^^^^^^^^^^^^^^^^^^^^^^^
  File "/home/auss/git_repos/samaust/Experiments_4DGS/tests/test_vipe_benchmark_s1_recovery.py", line 102, in synthetic_row
    diagnostics=numeric_file(root/'diagnostics.npz',arrays), native_group_wall_seconds=.125, group_size=1)
                ~~~~~~~~~~~~^^^^^^^^^^^^^^^^^^^^^^^^^^^^^^^
  File "/home/auss/git_repos/samaust/Experiments_4DGS/scripts/vipe_benchmark/s1_progress.py", line 214, in run
    if effective is None:return function(*args, **kwargs)
                                ~~~~~~~~^^^^^^^^^^^^^^^^^
  File "/home/auss/git_repos/samaust/Experiments_4DGS/scripts/vipe_benchmark/s1_evidence.py", line 25, in numeric_file
    operation(np.savez_compressed, DeadlineSink(stream), **arrays)
    ~~~~~~~~~^^^^^^^^^^^^^^^^^^^^^^^^^^^^^^^^^^^^^^^^^^^^^^^^^^^^^
  File "/home/auss/git_repos/samaust/Experiments_4DGS/scripts/vipe_benchmark/s1_progress.py", line 200, in operation
    value = function(*args, **kwargs)
  File "/home/auss/git_repos/samaust/Experiments_4DGS/.local/envs/stg-colmap/lib/python3.14/site-packages/numpy/lib/_npyio_impl.py", line 753, in savez_compressed
    _savez(file, args, kwds, True, allow_pickle=allow_pickle)
    ~~~~~~^^^^^^^^^^^^^^^^^^^^^^^^^^^^^^^^^^^^^^^^^^^^^^^^^^^
  File "/home/auss/git_repos/samaust/Experiments_4DGS/.local/envs/stg-colmap/lib/python3.14/site-packages/numpy/lib/_npyio_impl.py", line 779, in _savez
    zipf = zipfile_factory(file, mode="w", compression=compression)
  File "/home/auss/git_repos/samaust/Experiments_4DGS/.local/envs/stg-colmap/lib/python3.14/site-packages/numpy/lib/_npyio_impl.py", line 109, in zipfile_factory
    file = os.fspath(file)
TypeError: expected str, bytes or os.PathLike object, not DeadlineSink

======================================================================
ERROR: test_progress_plan046_worker_authority (test_vipe_benchmark_supervisor.HelperSessionTests.test_progress_plan046_worker_authority)
----------------------------------------------------------------------
Traceback (most recent call last):
  File "/home/auss/git_repos/samaust/Experiments_4DGS/tests/test_vipe_benchmark_supervisor.py", line 1815, in test_progress_plan046_worker_authority
    fixture=progress_fixture(Path(temp)/'fixture')
  File "/home/auss/git_repos/samaust/Experiments_4DGS/tests/test_vipe_benchmark_s1_helper_fixtures.py", line 171, in progress_fixture
    row,_=synthetic_row(root/'numeric',request)
          ~~~~~~~~~~~~~^^^^^^^^^^^^^^^^^^^^^^^^
  File "/home/auss/git_repos/samaust/Experiments_4DGS/tests/test_vipe_benchmark_s1_recovery.py", line 102, in synthetic_row
    diagnostics=numeric_file(root/'diagnostics.npz',arrays), native_group_wall_seconds=.125, group_size=1)
                ~~~~~~~~~~~~^^^^^^^^^^^^^^^^^^^^^^^^^^^^^^^
  File "/home/auss/git_repos/samaust/Experiments_4DGS/scripts/vipe_benchmark/s1_progress.py", line 214, in run
    if effective is None:return function(*args, **kwargs)
                                ~~~~~~~~^^^^^^^^^^^^^^^^^
  File "/home/auss/git_repos/samaust/Experiments_4DGS/scripts/vipe_benchmark/s1_evidence.py", line 25, in numeric_file
    operation(np.savez_compressed, DeadlineSink(stream), **arrays)
    ~~~~~~~~~^^^^^^^^^^^^^^^^^^^^^^^^^^^^^^^^^^^^^^^^^^^^^^^^^^^^^
  File "/home/auss/git_repos/samaust/Experiments_4DGS/scripts/vipe_benchmark/s1_progress.py", line 200, in operation
    value = function(*args, **kwargs)
  File "/home/auss/git_repos/samaust/Experiments_4DGS/.local/envs/stg-colmap/lib/python3.14/site-packages/numpy/lib/_npyio_impl.py", line 753, in savez_compressed
    _savez(file, args, kwds, True, allow_pickle=allow_pickle)
    ~~~~~~^^^^^^^^^^^^^^^^^^^^^^^^^^^^^^^^^^^^^^^^^^^^^^^^^^^
  File "/home/auss/git_repos/samaust/Experiments_4DGS/.local/envs/stg-colmap/lib/python3.14/site-packages/numpy/lib/_npyio_impl.py", line 779, in _savez
    zipf = zipfile_factory(file, mode="w", compression=compression)
  File "/home/auss/git_repos/samaust/Experiments_4DGS/.local/envs/stg-colmap/lib/python3.14/site-packages/numpy/lib/_npyio_impl.py", line 109, in zipfile_factory
    file = os.fspath(file)
TypeError: expected str, bytes or os.PathLike object, not DeadlineSink

======================================================================
ERROR: test_progress_plan047_alias_inventory (test_vipe_benchmark_supervisor.HelperSessionTests.test_progress_plan047_alias_inventory)
----------------------------------------------------------------------
Traceback (most recent call last):
  File "/home/auss/git_repos/samaust/Experiments_4DGS/tests/test_vipe_benchmark_supervisor.py", line 2126, in test_progress_plan047_alias_inventory
    base=Path(temp);fixture=progress_fixture(base/'fixture')
                            ~~~~~~~~~~~~~~~~^^^^^^^^^^^^^^^^
  File "/home/auss/git_repos/samaust/Experiments_4DGS/tests/test_vipe_benchmark_s1_helper_fixtures.py", line 171, in progress_fixture
    row,_=synthetic_row(root/'numeric',request)
          ~~~~~~~~~~~~~^^^^^^^^^^^^^^^^^^^^^^^^
  File "/home/auss/git_repos/samaust/Experiments_4DGS/tests/test_vipe_benchmark_s1_recovery.py", line 102, in synthetic_row
    diagnostics=numeric_file(root/'diagnostics.npz',arrays), native_group_wall_seconds=.125, group_size=1)
                ~~~~~~~~~~~~^^^^^^^^^^^^^^^^^^^^^^^^^^^^^^^
  File "/home/auss/git_repos/samaust/Experiments_4DGS/scripts/vipe_benchmark/s1_progress.py", line 214, in run
    if effective is None:return function(*args, **kwargs)
                                ~~~~~~~~^^^^^^^^^^^^^^^^^
  File "/home/auss/git_repos/samaust/Experiments_4DGS/scripts/vipe_benchmark/s1_evidence.py", line 25, in numeric_file
    operation(np.savez_compressed, DeadlineSink(stream), **arrays)
    ~~~~~~~~~^^^^^^^^^^^^^^^^^^^^^^^^^^^^^^^^^^^^^^^^^^^^^^^^^^^^^
  File "/home/auss/git_repos/samaust/Experiments_4DGS/scripts/vipe_benchmark/s1_progress.py", line 200, in operation
    value = function(*args, **kwargs)
  File "/home/auss/git_repos/samaust/Experiments_4DGS/.local/envs/stg-colmap/lib/python3.14/site-packages/numpy/lib/_npyio_impl.py", line 753, in savez_compressed
    _savez(file, args, kwds, True, allow_pickle=allow_pickle)
    ~~~~~~^^^^^^^^^^^^^^^^^^^^^^^^^^^^^^^^^^^^^^^^^^^^^^^^^^^
  File "/home/auss/git_repos/samaust/Experiments_4DGS/.local/envs/stg-colmap/lib/python3.14/site-packages/numpy/lib/_npyio_impl.py", line 779, in _savez
    zipf = zipfile_factory(file, mode="w", compression=compression)
  File "/home/auss/git_repos/samaust/Experiments_4DGS/.local/envs/stg-colmap/lib/python3.14/site-packages/numpy/lib/_npyio_impl.py", line 109, in zipfile_factory
    file = os.fspath(file)
TypeError: expected str, bytes or os.PathLike object, not DeadlineSink

======================================================================
ERROR: test_progress_plan047_cancellation (test_vipe_benchmark_supervisor.HelperSessionTests.test_progress_plan047_cancellation)
----------------------------------------------------------------------
Traceback (most recent call last):
  File "/home/auss/git_repos/samaust/Experiments_4DGS/tests/test_vipe_benchmark_supervisor.py", line 2427, in test_progress_plan047_cancellation
    fixture=progress_fixture(Path(temp)/'fixture')
  File "/home/auss/git_repos/samaust/Experiments_4DGS/tests/test_vipe_benchmark_s1_helper_fixtures.py", line 171, in progress_fixture
    row,_=synthetic_row(root/'numeric',request)
          ~~~~~~~~~~~~~^^^^^^^^^^^^^^^^^^^^^^^^
  File "/home/auss/git_repos/samaust/Experiments_4DGS/tests/test_vipe_benchmark_s1_recovery.py", line 102, in synthetic_row
    diagnostics=numeric_file(root/'diagnostics.npz',arrays), native_group_wall_seconds=.125, group_size=1)
                ~~~~~~~~~~~~^^^^^^^^^^^^^^^^^^^^^^^^^^^^^^^
  File "/home/auss/git_repos/samaust/Experiments_4DGS/scripts/vipe_benchmark/s1_progress.py", line 214, in run
    if effective is None:return function(*args, **kwargs)
                                ~~~~~~~~^^^^^^^^^^^^^^^^^
  File "/home/auss/git_repos/samaust/Experiments_4DGS/scripts/vipe_benchmark/s1_evidence.py", line 25, in numeric_file
    operation(np.savez_compressed, DeadlineSink(stream), **arrays)
    ~~~~~~~~~^^^^^^^^^^^^^^^^^^^^^^^^^^^^^^^^^^^^^^^^^^^^^^^^^^^^^
  File "/home/auss/git_repos/samaust/Experiments_4DGS/scripts/vipe_benchmark/s1_progress.py", line 200, in operation
    value = function(*args, **kwargs)
  File "/home/auss/git_repos/samaust/Experiments_4DGS/.local/envs/stg-colmap/lib/python3.14/site-packages/numpy/lib/_npyio_impl.py", line 753, in savez_compressed
    _savez(file, args, kwds, True, allow_pickle=allow_pickle)
    ~~~~~~^^^^^^^^^^^^^^^^^^^^^^^^^^^^^^^^^^^^^^^^^^^^^^^^^^^
  File "/home/auss/git_repos/samaust/Experiments_4DGS/.local/envs/stg-colmap/lib/python3.14/site-packages/numpy/lib/_npyio_impl.py", line 779, in _savez
    zipf = zipfile_factory(file, mode="w", compression=compression)
  File "/home/auss/git_repos/samaust/Experiments_4DGS/.local/envs/stg-colmap/lib/python3.14/site-packages/numpy/lib/_npyio_impl.py", line 109, in zipfile_factory
    file = os.fspath(file)
TypeError: expected str, bytes or os.PathLike object, not DeadlineSink

======================================================================
ERROR: test_progress_plan047_complete_final_sample (test_vipe_benchmark_supervisor.HelperSessionTests.test_progress_plan047_complete_final_sample)
----------------------------------------------------------------------
Traceback (most recent call last):
  File "/home/auss/git_repos/samaust/Experiments_4DGS/tests/test_vipe_benchmark_supervisor.py", line 2457, in test_progress_plan047_complete_final_sample
    full=plan047_full_fixture(self);records=[];real_lifecycle=sup.HelperLifecycle
  File "/home/auss/git_repos/samaust/Experiments_4DGS/tests/test_vipe_benchmark_s1_helper_fixtures.py", line 326, in plan047_full_fixture
    row,_=synthetic_row(fixture.root/'plan047-numeric',request)
          ~~~~~~~~~~~~~^^^^^^^^^^^^^^^^^^^^^^^^^^^^^^^^^^^^^^^^
  File "/home/auss/git_repos/samaust/Experiments_4DGS/tests/test_vipe_benchmark_s1_recovery.py", line 102, in synthetic_row
    diagnostics=numeric_file(root/'diagnostics.npz',arrays), native_group_wall_seconds=.125, group_size=1)
                ~~~~~~~~~~~~^^^^^^^^^^^^^^^^^^^^^^^^^^^^^^^
  File "/home/auss/git_repos/samaust/Experiments_4DGS/scripts/vipe_benchmark/s1_progress.py", line 214, in run
    if effective is None:return function(*args, **kwargs)
                                ~~~~~~~~^^^^^^^^^^^^^^^^^
  File "/home/auss/git_repos/samaust/Experiments_4DGS/scripts/vipe_benchmark/s1_evidence.py", line 25, in numeric_file
    operation(np.savez_compressed, DeadlineSink(stream), **arrays)
    ~~~~~~~~~^^^^^^^^^^^^^^^^^^^^^^^^^^^^^^^^^^^^^^^^^^^^^^^^^^^^^
  File "/home/auss/git_repos/samaust/Experiments_4DGS/scripts/vipe_benchmark/s1_progress.py", line 200, in operation
    value = function(*args, **kwargs)
  File "/home/auss/git_repos/samaust/Experiments_4DGS/.local/envs/stg-colmap/lib/python3.14/site-packages/numpy/lib/_npyio_impl.py", line 753, in savez_compressed
    _savez(file, args, kwds, True, allow_pickle=allow_pickle)
    ~~~~~~^^^^^^^^^^^^^^^^^^^^^^^^^^^^^^^^^^^^^^^^^^^^^^^^^^^
  File "/home/auss/git_repos/samaust/Experiments_4DGS/.local/envs/stg-colmap/lib/python3.14/site-packages/numpy/lib/_npyio_impl.py", line 779, in _savez
    zipf = zipfile_factory(file, mode="w", compression=compression)
  File "/home/auss/git_repos/samaust/Experiments_4DGS/.local/envs/stg-colmap/lib/python3.14/site-packages/numpy/lib/_npyio_impl.py", line 109, in zipfile_factory
    file = os.fspath(file)
TypeError: expected str, bytes or os.PathLike object, not DeadlineSink

======================================================================
ERROR: test_progress_plan047_deadline_steps (test_vipe_benchmark_supervisor.HelperSessionTests.test_progress_plan047_deadline_steps)
----------------------------------------------------------------------
Traceback (most recent call last):
  File "/home/auss/git_repos/samaust/Experiments_4DGS/tests/test_vipe_benchmark_supervisor.py", line 2733, in test_progress_plan047_deadline_steps
    fixture=progress_fixture(Path(temp)/'fixture',states=True)
  File "/home/auss/git_repos/samaust/Experiments_4DGS/tests/test_vipe_benchmark_s1_helper_fixtures.py", line 171, in progress_fixture
    row,_=synthetic_row(root/'numeric',request)
          ~~~~~~~~~~~~~^^^^^^^^^^^^^^^^^^^^^^^^
  File "/home/auss/git_repos/samaust/Experiments_4DGS/tests/test_vipe_benchmark_s1_recovery.py", line 102, in synthetic_row
    diagnostics=numeric_file(root/'diagnostics.npz',arrays), native_group_wall_seconds=.125, group_size=1)
                ~~~~~~~~~~~~^^^^^^^^^^^^^^^^^^^^^^^^^^^^^^^
  File "/home/auss/git_repos/samaust/Experiments_4DGS/scripts/vipe_benchmark/s1_progress.py", line 214, in run
    if effective is None:return function(*args, **kwargs)
                                ~~~~~~~~^^^^^^^^^^^^^^^^^
  File "/home/auss/git_repos/samaust/Experiments_4DGS/scripts/vipe_benchmark/s1_evidence.py", line 25, in numeric_file
    operation(np.savez_compressed, DeadlineSink(stream), **arrays)
    ~~~~~~~~~^^^^^^^^^^^^^^^^^^^^^^^^^^^^^^^^^^^^^^^^^^^^^^^^^^^^^
  File "/home/auss/git_repos/samaust/Experiments_4DGS/scripts/vipe_benchmark/s1_progress.py", line 200, in operation
    value = function(*args, **kwargs)
  File "/home/auss/git_repos/samaust/Experiments_4DGS/.local/envs/stg-colmap/lib/python3.14/site-packages/numpy/lib/_npyio_impl.py", line 753, in savez_compressed
    _savez(file, args, kwds, True, allow_pickle=allow_pickle)
    ~~~~~~^^^^^^^^^^^^^^^^^^^^^^^^^^^^^^^^^^^^^^^^^^^^^^^^^^^
  File "/home/auss/git_repos/samaust/Experiments_4DGS/.local/envs/stg-colmap/lib/python3.14/site-packages/numpy/lib/_npyio_impl.py", line 779, in _savez
    zipf = zipfile_factory(file, mode="w", compression=compression)
  File "/home/auss/git_repos/samaust/Experiments_4DGS/.local/envs/stg-colmap/lib/python3.14/site-packages/numpy/lib/_npyio_impl.py", line 109, in zipfile_factory
    file = os.fspath(file)
TypeError: expected str, bytes or os.PathLike object, not DeadlineSink

======================================================================
ERROR: test_progress_plan047_limits (test_vipe_benchmark_supervisor.HelperSessionTests.test_progress_plan047_limits)
----------------------------------------------------------------------
Traceback (most recent call last):
  File "/home/auss/git_repos/samaust/Experiments_4DGS/tests/test_vipe_benchmark_supervisor.py", line 2222, in test_progress_plan047_limits
    root=Path(temp);fixture=progress_fixture(root/'fixture')
                            ~~~~~~~~~~~~~~~~^^^^^^^^^^^^^^^^
  File "/home/auss/git_repos/samaust/Experiments_4DGS/tests/test_vipe_benchmark_s1_helper_fixtures.py", line 171, in progress_fixture
    row,_=synthetic_row(root/'numeric',request)
          ~~~~~~~~~~~~~^^^^^^^^^^^^^^^^^^^^^^^^
  File "/home/auss/git_repos/samaust/Experiments_4DGS/tests/test_vipe_benchmark_s1_recovery.py", line 102, in synthetic_row
    diagnostics=numeric_file(root/'diagnostics.npz',arrays), native_group_wall_seconds=.125, group_size=1)
                ~~~~~~~~~~~~^^^^^^^^^^^^^^^^^^^^^^^^^^^^^^^
  File "/home/auss/git_repos/samaust/Experiments_4DGS/scripts/vipe_benchmark/s1_progress.py", line 214, in run
    if effective is None:return function(*args, **kwargs)
                                ~~~~~~~~^^^^^^^^^^^^^^^^^
  File "/home/auss/git_repos/samaust/Experiments_4DGS/scripts/vipe_benchmark/s1_evidence.py", line 25, in numeric_file
    operation(np.savez_compressed, DeadlineSink(stream), **arrays)
    ~~~~~~~~~^^^^^^^^^^^^^^^^^^^^^^^^^^^^^^^^^^^^^^^^^^^^^^^^^^^^^
  File "/home/auss/git_repos/samaust/Experiments_4DGS/scripts/vipe_benchmark/s1_progress.py", line 200, in operation
    value = function(*args, **kwargs)
  File "/home/auss/git_repos/samaust/Experiments_4DGS/.local/envs/stg-colmap/lib/python3.14/site-packages/numpy/lib/_npyio_impl.py", line 753, in savez_compressed
    _savez(file, args, kwds, True, allow_pickle=allow_pickle)
    ~~~~~~^^^^^^^^^^^^^^^^^^^^^^^^^^^^^^^^^^^^^^^^^^^^^^^^^^^
  File "/home/auss/git_repos/samaust/Experiments_4DGS/.local/envs/stg-colmap/lib/python3.14/site-packages/numpy/lib/_npyio_impl.py", line 779, in _savez
    zipf = zipfile_factory(file, mode="w", compression=compression)
  File "/home/auss/git_repos/samaust/Experiments_4DGS/.local/envs/stg-colmap/lib/python3.14/site-packages/numpy/lib/_npyio_impl.py", line 109, in zipfile_factory
    file = os.fspath(file)
TypeError: expected str, bytes or os.PathLike object, not DeadlineSink

======================================================================
ERROR: test_progress_plan047_nested (test_vipe_benchmark_supervisor.HelperSessionTests.test_progress_plan047_nested)
----------------------------------------------------------------------
Traceback (most recent call last):
  File "/home/auss/git_repos/samaust/Experiments_4DGS/tests/test_vipe_benchmark_supervisor.py", line 2090, in test_progress_plan047_nested
    fixture=progress_fixture(Path(temp)/'fixture')
  File "/home/auss/git_repos/samaust/Experiments_4DGS/tests/test_vipe_benchmark_s1_helper_fixtures.py", line 171, in progress_fixture
    row,_=synthetic_row(root/'numeric',request)
          ~~~~~~~~~~~~~^^^^^^^^^^^^^^^^^^^^^^^^
  File "/home/auss/git_repos/samaust/Experiments_4DGS/tests/test_vipe_benchmark_s1_recovery.py", line 102, in synthetic_row
    diagnostics=numeric_file(root/'diagnostics.npz',arrays), native_group_wall_seconds=.125, group_size=1)
                ~~~~~~~~~~~~^^^^^^^^^^^^^^^^^^^^^^^^^^^^^^^
  File "/home/auss/git_repos/samaust/Experiments_4DGS/scripts/vipe_benchmark/s1_progress.py", line 214, in run
    if effective is None:return function(*args, **kwargs)
                                ~~~~~~~~^^^^^^^^^^^^^^^^^
  File "/home/auss/git_repos/samaust/Experiments_4DGS/scripts/vipe_benchmark/s1_evidence.py", line 25, in numeric_file
    operation(np.savez_compressed, DeadlineSink(stream), **arrays)
    ~~~~~~~~~^^^^^^^^^^^^^^^^^^^^^^^^^^^^^^^^^^^^^^^^^^^^^^^^^^^^^
  File "/home/auss/git_repos/samaust/Experiments_4DGS/scripts/vipe_benchmark/s1_progress.py", line 200, in operation
    value = function(*args, **kwargs)
  File "/home/auss/git_repos/samaust/Experiments_4DGS/.local/envs/stg-colmap/lib/python3.14/site-packages/numpy/lib/_npyio_impl.py", line 753, in savez_compressed
    _savez(file, args, kwds, True, allow_pickle=allow_pickle)
    ~~~~~~^^^^^^^^^^^^^^^^^^^^^^^^^^^^^^^^^^^^^^^^^^^^^^^^^^^
  File "/home/auss/git_repos/samaust/Experiments_4DGS/.local/envs/stg-colmap/lib/python3.14/site-packages/numpy/lib/_npyio_impl.py", line 779, in _savez
    zipf = zipfile_factory(file, mode="w", compression=compression)
  File "/home/auss/git_repos/samaust/Experiments_4DGS/.local/envs/stg-colmap/lib/python3.14/site-packages/numpy/lib/_npyio_impl.py", line 109, in zipfile_factory
    file = os.fspath(file)
TypeError: expected str, bytes or os.PathLike object, not DeadlineSink

======================================================================
ERROR: test_progress_plan047_publication_faults (test_vipe_benchmark_supervisor.HelperSessionTests.test_progress_plan047_publication_faults)
----------------------------------------------------------------------
Traceback (most recent call last):
  File "/home/auss/git_repos/samaust/Experiments_4DGS/tests/test_vipe_benchmark_supervisor.py", line 2294, in test_progress_plan047_publication_faults
    fixture=progress_fixture(Path(temp)/'fixture')
  File "/home/auss/git_repos/samaust/Experiments_4DGS/tests/test_vipe_benchmark_s1_helper_fixtures.py", line 171, in progress_fixture
    row,_=synthetic_row(root/'numeric',request)
          ~~~~~~~~~~~~~^^^^^^^^^^^^^^^^^^^^^^^^
  File "/home/auss/git_repos/samaust/Experiments_4DGS/tests/test_vipe_benchmark_s1_recovery.py", line 102, in synthetic_row
    diagnostics=numeric_file(root/'diagnostics.npz',arrays), native_group_wall_seconds=.125, group_size=1)
                ~~~~~~~~~~~~^^^^^^^^^^^^^^^^^^^^^^^^^^^^^^^
  File "/home/auss/git_repos/samaust/Experiments_4DGS/scripts/vipe_benchmark/s1_progress.py", line 214, in run
    if effective is None:return function(*args, **kwargs)
                                ~~~~~~~~^^^^^^^^^^^^^^^^^
  File "/home/auss/git_repos/samaust/Experiments_4DGS/scripts/vipe_benchmark/s1_evidence.py", line 25, in numeric_file
    operation(np.savez_compressed, DeadlineSink(stream), **arrays)
    ~~~~~~~~~^^^^^^^^^^^^^^^^^^^^^^^^^^^^^^^^^^^^^^^^^^^^^^^^^^^^^
  File "/home/auss/git_repos/samaust/Experiments_4DGS/scripts/vipe_benchmark/s1_progress.py", line 200, in operation
    value = function(*args, **kwargs)
  File "/home/auss/git_repos/samaust/Experiments_4DGS/.local/envs/stg-colmap/lib/python3.14/site-packages/numpy/lib/_npyio_impl.py", line 753, in savez_compressed
    _savez(file, args, kwds, True, allow_pickle=allow_pickle)
    ~~~~~~^^^^^^^^^^^^^^^^^^^^^^^^^^^^^^^^^^^^^^^^^^^^^^^^^^^
  File "/home/auss/git_repos/samaust/Experiments_4DGS/.local/envs/stg-colmap/lib/python3.14/site-packages/numpy/lib/_npyio_impl.py", line 779, in _savez
    zipf = zipfile_factory(file, mode="w", compression=compression)
  File "/home/auss/git_repos/samaust/Experiments_4DGS/.local/envs/stg-colmap/lib/python3.14/site-packages/numpy/lib/_npyio_impl.py", line 109, in zipfile_factory
    file = os.fspath(file)
TypeError: expected str, bytes or os.PathLike object, not DeadlineSink

======================================================================
ERROR: test_progress_plan047_recovery (test_vipe_benchmark_supervisor.HelperSessionTests.test_progress_plan047_recovery)
----------------------------------------------------------------------
Traceback (most recent call last):
  File "/home/auss/git_repos/samaust/Experiments_4DGS/tests/test_vipe_benchmark_supervisor.py", line 2176, in test_progress_plan047_recovery
    fixture=progress_fixture(Path(temp)/'fixture')
  File "/home/auss/git_repos/samaust/Experiments_4DGS/tests/test_vipe_benchmark_s1_helper_fixtures.py", line 171, in progress_fixture
    row,_=synthetic_row(root/'numeric',request)
          ~~~~~~~~~~~~~^^^^^^^^^^^^^^^^^^^^^^^^
  File "/home/auss/git_repos/samaust/Experiments_4DGS/tests/test_vipe_benchmark_s1_recovery.py", line 102, in synthetic_row
    diagnostics=numeric_file(root/'diagnostics.npz',arrays), native_group_wall_seconds=.125, group_size=1)
                ~~~~~~~~~~~~^^^^^^^^^^^^^^^^^^^^^^^^^^^^^^^
  File "/home/auss/git_repos/samaust/Experiments_4DGS/scripts/vipe_benchmark/s1_progress.py", line 214, in run
    if effective is None:return function(*args, **kwargs)
                                ~~~~~~~~^^^^^^^^^^^^^^^^^
  File "/home/auss/git_repos/samaust/Experiments_4DGS/scripts/vipe_benchmark/s1_evidence.py", line 25, in numeric_file
    operation(np.savez_compressed, DeadlineSink(stream), **arrays)
    ~~~~~~~~~^^^^^^^^^^^^^^^^^^^^^^^^^^^^^^^^^^^^^^^^^^^^^^^^^^^^^
  File "/home/auss/git_repos/samaust/Experiments_4DGS/scripts/vipe_benchmark/s1_progress.py", line 200, in operation
    value = function(*args, **kwargs)
  File "/home/auss/git_repos/samaust/Experiments_4DGS/.local/envs/stg-colmap/lib/python3.14/site-packages/numpy/lib/_npyio_impl.py", line 753, in savez_compressed
    _savez(file, args, kwds, True, allow_pickle=allow_pickle)
    ~~~~~~^^^^^^^^^^^^^^^^^^^^^^^^^^^^^^^^^^^^^^^^^^^^^^^^^^^
  File "/home/auss/git_repos/samaust/Experiments_4DGS/.local/envs/stg-colmap/lib/python3.14/site-packages/numpy/lib/_npyio_impl.py", line 779, in _savez
    zipf = zipfile_factory(file, mode="w", compression=compression)
  File "/home/auss/git_repos/samaust/Experiments_4DGS/.local/envs/stg-colmap/lib/python3.14/site-packages/numpy/lib/_npyio_impl.py", line 109, in zipfile_factory
    file = os.fspath(file)
TypeError: expected str, bytes or os.PathLike object, not DeadlineSink

======================================================================
ERROR: test_progress_plan047_result_summary (test_vipe_benchmark_supervisor.HelperSessionTests.test_progress_plan047_result_summary)
----------------------------------------------------------------------
Traceback (most recent call last):
  File "/home/auss/git_repos/samaust/Experiments_4DGS/tests/test_vipe_benchmark_supervisor.py", line 2641, in test_progress_plan047_result_summary
    fixture=progress_fixture(Path(temp)/'fixture')
  File "/home/auss/git_repos/samaust/Experiments_4DGS/tests/test_vipe_benchmark_s1_helper_fixtures.py", line 171, in progress_fixture
    row,_=synthetic_row(root/'numeric',request)
          ~~~~~~~~~~~~~^^^^^^^^^^^^^^^^^^^^^^^^
  File "/home/auss/git_repos/samaust/Experiments_4DGS/tests/test_vipe_benchmark_s1_recovery.py", line 102, in synthetic_row
    diagnostics=numeric_file(root/'diagnostics.npz',arrays), native_group_wall_seconds=.125, group_size=1)
                ~~~~~~~~~~~~^^^^^^^^^^^^^^^^^^^^^^^^^^^^^^^
  File "/home/auss/git_repos/samaust/Experiments_4DGS/scripts/vipe_benchmark/s1_progress.py", line 214, in run
    if effective is None:return function(*args, **kwargs)
                                ~~~~~~~~^^^^^^^^^^^^^^^^^
  File "/home/auss/git_repos/samaust/Experiments_4DGS/scripts/vipe_benchmark/s1_evidence.py", line 25, in numeric_file
    operation(np.savez_compressed, DeadlineSink(stream), **arrays)
    ~~~~~~~~~^^^^^^^^^^^^^^^^^^^^^^^^^^^^^^^^^^^^^^^^^^^^^^^^^^^^^
  File "/home/auss/git_repos/samaust/Experiments_4DGS/scripts/vipe_benchmark/s1_progress.py", line 200, in operation
    value = function(*args, **kwargs)
  File "/home/auss/git_repos/samaust/Experiments_4DGS/.local/envs/stg-colmap/lib/python3.14/site-packages/numpy/lib/_npyio_impl.py", line 753, in savez_compressed
    _savez(file, args, kwds, True, allow_pickle=allow_pickle)
    ~~~~~~^^^^^^^^^^^^^^^^^^^^^^^^^^^^^^^^^^^^^^^^^^^^^^^^^^^
  File "/home/auss/git_repos/samaust/Experiments_4DGS/.local/envs/stg-colmap/lib/python3.14/site-packages/numpy/lib/_npyio_impl.py", line 779, in _savez
    zipf = zipfile_factory(file, mode="w", compression=compression)
  File "/home/auss/git_repos/samaust/Experiments_4DGS/.local/envs/stg-colmap/lib/python3.14/site-packages/numpy/lib/_npyio_impl.py", line 109, in zipfile_factory
    file = os.fspath(file)
TypeError: expected str, bytes or os.PathLike object, not DeadlineSink

======================================================================
ERROR: test_progress_plan047_state_authority (test_vipe_benchmark_supervisor.HelperSessionTests.test_progress_plan047_state_authority)
----------------------------------------------------------------------
Traceback (most recent call last):
  File "/home/auss/git_repos/samaust/Experiments_4DGS/tests/test_vipe_benchmark_supervisor.py", line 2537, in test_progress_plan047_state_authority
    fixture=progress_fixture(Path(temp)/'fixture')
  File "/home/auss/git_repos/samaust/Experiments_4DGS/tests/test_vipe_benchmark_s1_helper_fixtures.py", line 171, in progress_fixture
    row,_=synthetic_row(root/'numeric',request)
          ~~~~~~~~~~~~~^^^^^^^^^^^^^^^^^^^^^^^^
  File "/home/auss/git_repos/samaust/Experiments_4DGS/tests/test_vipe_benchmark_s1_recovery.py", line 102, in synthetic_row
    diagnostics=numeric_file(root/'diagnostics.npz',arrays), native_group_wall_seconds=.125, group_size=1)
                ~~~~~~~~~~~~^^^^^^^^^^^^^^^^^^^^^^^^^^^^^^^
  File "/home/auss/git_repos/samaust/Experiments_4DGS/scripts/vipe_benchmark/s1_progress.py", line 214, in run
    if effective is None:return function(*args, **kwargs)
                                ~~~~~~~~^^^^^^^^^^^^^^^^^
  File "/home/auss/git_repos/samaust/Experiments_4DGS/scripts/vipe_benchmark/s1_evidence.py", line 25, in numeric_file
    operation(np.savez_compressed, DeadlineSink(stream), **arrays)
    ~~~~~~~~~^^^^^^^^^^^^^^^^^^^^^^^^^^^^^^^^^^^^^^^^^^^^^^^^^^^^^
  File "/home/auss/git_repos/samaust/Experiments_4DGS/scripts/vipe_benchmark/s1_progress.py", line 200, in operation
    value = function(*args, **kwargs)
  File "/home/auss/git_repos/samaust/Experiments_4DGS/.local/envs/stg-colmap/lib/python3.14/site-packages/numpy/lib/_npyio_impl.py", line 753, in savez_compressed
    _savez(file, args, kwds, True, allow_pickle=allow_pickle)
    ~~~~~~^^^^^^^^^^^^^^^^^^^^^^^^^^^^^^^^^^^^^^^^^^^^^^^^^^^
  File "/home/auss/git_repos/samaust/Experiments_4DGS/.local/envs/stg-colmap/lib/python3.14/site-packages/numpy/lib/_npyio_impl.py", line 779, in _savez
    zipf = zipfile_factory(file, mode="w", compression=compression)
  File "/home/auss/git_repos/samaust/Experiments_4DGS/.local/envs/stg-colmap/lib/python3.14/site-packages/numpy/lib/_npyio_impl.py", line 109, in zipfile_factory
    file = os.fspath(file)
TypeError: expected str, bytes or os.PathLike object, not DeadlineSink

----------------------------------------------------------------------
Ran 72 tests in 15.053s

FAILED (errors=23)
